11-06 12:30:22.476   819   862 I TestRunner: started: testGetEventImages(com.example.trojan0project.BrowseImagesAdminTest)
11-06 12:30:22.489   819   862 W Settings: Setting always_finish_activities has moved from android.provider.Settings.System to android.provider.Settings.Global, returning read-only value.
11-06 12:30:22.508   683  2169 V GrammaticalInflectionUtils: AttributionSource: android.content.AttributionSource@369e65b does not have READ_SYSTEM_GRAMMATICAL_GENDER permission.
11-06 12:30:22.520  1391  1391 W SplitSelectStateCtor: Missing session instanceIds
11-06 12:30:22.520  1391  1391 D StatsLog: LAUNCHER_SPLIT_SELECTION_EXIT_INTERRUPTED
11-06 12:30:22.525   416   416 I BpBinder: onLastStrongRef automatically unlinking death recipients:
11-06 12:30:22.540  1391  1391 I TopTaskTracker: onTaskMovedToFront: (moved taskInfo to front) taskId=287, baseIntent=Intent { act=android.intent.action.MAIN cat=[android.intent.category.LAUNCHER] flg=0x10008000 cmp=com.example.trojan0project/.BrowseImagesAdmin }
11-06 12:30:22.583  1391  1854 D EGL_emulation: app_time_stats: avg=40661.11ms min=40661.11ms max=40661.11ms count=1
11-06 12:30:22.630   819   819 D AppCompatDelegate: Checking for metadata for AppLocalesMetadataHolderService : Service not found
11-06 12:30:22.668   819   819 D LifecycleMonitor: Lifecycle status change: com.example.trojan0project.BrowseImagesAdmin@28df66f in: PRE_ON_CREATE
11-06 12:30:22.669   819   819 V ActivityScenario: Activity lifecycle changed event received but ignored because the reported transition was not ON_CREATE while the last known transition was PRE_ON_CREATE
11-06 12:30:22.682  1051  1236 D EGL_emulation: app_time_stats: avg=3314.86ms min=3314.86ms max=3314.86ms count=1
11-06 12:30:22.692  1391  1854 D EGL_emulation: app_time_stats: avg=2919.42ms min=6.86ms max=43429.67ms count=15
11-06 12:30:22.784   819   819 W .trojan0project: Accessing hidden method Landroid/view/ViewGroup;->makeOptionalFitsSystemWindows()V (unsupported, reflection, allowed)
11-06 12:30:22.873  1337  2479 I FontLog : (REDACTED) Received query %s, URI %s
11-06 12:30:22.873  1337  2479 I FontLog : (REDACTED) Query [%s] resolved to %s
11-06 12:30:22.878  1337  2479 I FontLog : (REDACTED) Fetch %s end status %s
11-06 12:30:22.885  1337  2479 I FontLog : (REDACTED) Pulling font file for id = %d, cache size = %d
11-06 12:30:22.898  1337  2479 I FontLog : (REDACTED) Received query %s, URI %s
11-06 12:30:22.898  1337  2479 I FontLog : (REDACTED) Query [%s] resolved to %s
11-06 12:30:22.901  1337  2479 I FontLog : (REDACTED) Fetch %s end status %s
11-06 12:30:22.908  1337  2479 I FontLog : (REDACTED) Pulling font file for id = %d, cache size = %d
11-06 12:30:22.948  1391  1391 D VRI[NexusLauncherActivity]: visibilityChanged oldVisibility=true newVisibility=false
11-06 12:30:22.959  1391  1391 D NexusLauncherModelDelegate: notifySmartspaceEvent: SmartspaceTargetEvent{mSmartspaceTarget=null, mSmartspaceActionId='null', mEventType=7}
11-06 12:30:23.000   683  2169 D ConnectivityService: requestNetwork for uid/pid:10240/819 activeRequest: null callbackRequest: 514 [NetworkRequest [ REQUEST id=515, [ Capabilities: INTERNET&NOT_RESTRICTED&TRUSTED&NOT_VCN_MANAGED&NOT_BANDWIDTH_CONSTRAINED Uid: 10240 RequestorUid: 10240 RequestorPkg: com.example.trojan0project UnderlyingNetworks: Null] ]] callback flags: 0 order: 2147483647 isUidTracked: false
11-06 12:30:23.006   819   892 W DynamiteModule: Local module descriptor class for com.google.android.gms.providerinstaller.dynamite not found.
11-06 12:30:23.015   819   819 D LifecycleMonitor: Lifecycle status change: com.example.trojan0project.BrowseImagesAdmin@28df66f in: CREATED
11-06 12:30:23.015   819   819 V ActivityScenario: Update currentActivityStage to CREATED, currentActivity=com.example.trojan0project.BrowseImagesAdmin@28df66f
11-06 12:30:23.021  1337  2479 W ProviderHelper: Unknown dynamite feature providerinstaller.dynamite
11-06 12:30:23.023   683   903 D WifiNetworkFactory: got request NetworkRequest [ REQUEST id=515, [ Capabilities: INTERNET&NOT_RESTRICTED&TRUSTED&NOT_VCN_MANAGED&NOT_BANDWIDTH_CONSTRAINED Uid: 10240 RequestorUid: 10240 RequestorPkg: com.example.trojan0project UnderlyingNetworks: Null] ]
11-06 12:30:23.023   819   819 D LifecycleMonitor: Lifecycle status change: com.example.trojan0project.BrowseImagesAdmin@28df66f in: STARTED
11-06 12:30:23.023   819   819 V ActivityScenario: Update currentActivityStage to STARTED, currentActivity=com.example.trojan0project.BrowseImagesAdmin@28df66f
11-06 12:30:23.025   683   903 D UntrustedWifiNetworkFactory: got request NetworkRequest [ REQUEST id=515, [ Capabilities: INTERNET&NOT_RESTRICTED&TRUSTED&NOT_VCN_MANAGED&NOT_BANDWIDTH_CONSTRAINED Uid: 10240 RequestorUid: 10240 RequestorPkg: com.example.trojan0project UnderlyingNetworks: Null] ]
11-06 12:30:23.025   683   903 D OemPaidWifiNetworkFactory: got request NetworkRequest [ REQUEST id=515, [ Capabilities: INTERNET&NOT_RESTRICTED&TRUSTED&NOT_VCN_MANAGED&NOT_BANDWIDTH_CONSTRAINED Uid: 10240 RequestorUid: 10240 RequestorPkg: com.example.trojan0project UnderlyingNetworks: Null] ]
11-06 12:30:23.027   683   916 D ConnectivityService: NetReassign [515 : null → 110] [c 1] [a 6] [i 12]
11-06 12:30:23.028   683   903 D MultiInternetWifiNetworkFactory: got request NetworkRequest [ REQUEST id=515, [ Capabilities: INTERNET&NOT_RESTRICTED&TRUSTED&NOT_VCN_MANAGED&NOT_BANDWIDTH_CONSTRAINED Uid: 10240 RequestorUid: 10240 RequestorPkg: com.example.trojan0project UnderlyingNetworks: Null] ]
11-06 12:30:23.030   819   892 I DynamiteModule: Considering local module com.google.android.gms.providerinstaller.dynamite:0 and remote module com.google.android.gms.providerinstaller.dynamite:0
11-06 12:30:23.031   819   892 W ProviderInstaller: Failed to load providerinstaller module: No acceptable module com.google.android.gms.providerinstaller.dynamite found. Local version is 0 and remote version is 0.
11-06 12:30:23.032   819   819 D LifecycleMonitor: Lifecycle status change: com.example.trojan0project.BrowseImagesAdmin@28df66f in: RESUMED
11-06 12:30:23.032   819   819 V ActivityScenario: Update currentActivityStage to RESUMED, currentActivity=com.example.trojan0project.BrowseImagesAdmin@28df66f
11-06 12:30:23.041   819   892 D ApplicationLoaders: Returning zygote-cached class loader: /system/framework/org.apache.http.legacy.jar
11-06 12:30:23.047   819   819 W HWUI    : Unknown dataspace 0
11-06 12:30:23.066   819   892 D nativeloader: Configuring clns-10 for other apk /system/framework/com.android.media.remotedisplay.jar. target_sdk_version=35, uses_libraries=ALL, library_path=/data/app/~~Tc6EvqqDgH106cM4V1ucAw==/com.google.android.gms-DBh10iQKG0UObSC5N44Pvg==/lib/x86_64:/data/app/~~Tc6EvqqDgH106cM4V1ucAw==/com.google.android.gms-DBh10iQKG0UObSC5N44Pvg==/base.apk!/lib/x86_64, permitted_path=/data:/mnt/expand:/data/user/0/com.google.android.gms
11-06 12:30:23.114   819   892 D nativeloader: Configuring clns-11 for other apk /system/framework/com.android.location.provider.jar. target_sdk_version=35, uses_libraries=ALL, library_path=/data/app/~~Tc6EvqqDgH106cM4V1ucAw==/com.google.android.gms-DBh10iQKG0UObSC5N44Pvg==/lib/x86_64:/data/app/~~Tc6EvqqDgH106cM4V1ucAw==/com.google.android.gms-DBh10iQKG0UObSC5N44Pvg==/base.apk!/lib/x86_64, permitted_path=/data:/mnt/expand:/data/user/0/com.google.android.gms
11-06 12:30:23.119   416   474 W ServiceManagerCppClient: Permission failure: android.permission.ACCESS_SURFACE_FLINGER from uid=10240 pid=0
11-06 12:30:23.119   416   474 D PermissionCache: checking android.permission.ACCESS_SURFACE_FLINGER for uid=10240 => denied (1871 us)
11-06 12:30:23.119   416   474 W ServiceManagerCppClient: Permission failure: android.permission.ROTATE_SURFACE_FLINGER from uid=10240 pid=0
11-06 12:30:23.119   416   474 D PermissionCache: checking android.permission.ROTATE_SURFACE_FLINGER for uid=10240 => denied (348 us)
11-06 12:30:23.120   416   474 W ServiceManagerCppClient: Permission failure: android.permission.INTERNAL_SYSTEM_WINDOW from uid=10240 pid=0
11-06 12:30:23.120   416   474 D PermissionCache: checking android.permission.INTERNAL_SYSTEM_WINDOW for uid=10240 => denied (368 us)
11-06 12:30:23.123   416   539 W ServiceManagerCppClient: Permission failure: android.permission.ACCESS_SURFACE_FLINGER from uid=10240 pid=819
11-06 12:30:23.123   416   539 D PermissionCache: checking android.permission.ACCESS_SURFACE_FLINGER for uid=10240 => denied (4296 us)
11-06 12:30:23.125   819   892 D ApplicationLoaders: Returning zygote-cached class loader: /system_ext/framework/androidx.window.extensions.jar
11-06 12:30:23.127   819   892 D ApplicationLoaders: Returning zygote-cached class loader: /system_ext/framework/androidx.window.sidecar.jar
11-06 12:30:23.127   819   868 I EGL_emulation: Opening libGLESv1_CM_emulation.so
11-06 12:30:23.134   819   868 I EGL_emulation: Opening libGLESv2_emulation.so
11-06 12:30:23.165   819   892 W .trojan0project: Loading /data/app/~~Tc6EvqqDgH106cM4V1ucAw==/com.google.android.gms-DBh10iQKG0UObSC5N44Pvg==/oat/x86_64/base.odex non-executable as it requires an image which we failed to load
11-06 12:30:23.184   819   892 D nativeloader: Configuring clns-12 for other apk /data/app/~~Tc6EvqqDgH106cM4V1ucAw==/com.google.android.gms-DBh10iQKG0UObSC5N44Pvg==/base.apk. target_sdk_version=35, uses_libraries=, library_path=/data/app/~~Tc6EvqqDgH106cM4V1ucAw==/com.google.android.gms-DBh10iQKG0UObSC5N44Pvg==/lib/x86_64:/data/app/~~Tc6EvqqDgH106cM4V1ucAw==/com.google.android.gms-DBh10iQKG0UObSC5N44Pvg==/base.apk!/lib/x86_64, permitted_path=/data:/mnt/expand:/data/user/0/com.google.android.gms
11-06 12:30:23.210   819   892 W ProviderInstaller: Failed to report request stats: com.google.android.gms.common.security.ProviderInstallerImpl.reportRequestStats [class android.content.Context, long, long]
11-06 12:30:23.223   819   868 W HWUI    : Failed to choose config with EGL_SWAP_BEHAVIOR_PRESERVED, retrying without...
11-06 12:30:23.223   819   868 W HWUI    : Failed to initialize 101010-2 format, error = EGL_SUCCESS
11-06 12:30:23.248   164   164 I hwservicemanager: getTransport: Cannot find entry android.hardware.graphics.mapper@4.0::IMapper/default in either framework or device VINTF manifest.
11-06 12:30:23.248   819   868 I Gralloc4: mapper 4.x is not supported
11-06 12:30:23.331   683  1852 W ServiceManagerCppClient: Permission failure: android.permission.ACCESS_SURFACE_FLINGER from uid=10240 pid=0
11-06 12:30:23.331   683  1852 D PermissionCache: checking android.permission.ACCESS_SURFACE_FLINGER for uid=10240 => denied (121 us)
11-06 12:30:23.331   683  1852 W ServiceManagerCppClient: Permission failure: android.permission.ROTATE_SURFACE_FLINGER from uid=10240 pid=0
11-06 12:30:23.331   683  1852 D PermissionCache: checking android.permission.ROTATE_SURFACE_FLINGER for uid=10240 => denied (58 us)
11-06 12:30:23.331   683  1852 W ServiceManagerCppClient: Permission failure: android.permission.INTERNAL_SYSTEM_WINDOW from uid=10240 pid=0
11-06 12:30:23.331   683  1852 D PermissionCache: checking android.permission.INTERNAL_SYSTEM_WINDOW for uid=10240 => denied (79 us)
11-06 12:30:23.337   683   723 W ziparchive: Unable to open '/data/app/~~-8dOKQRHqQ7RNm1AdAA9sw==/com.example.trojan0project-16EW0IoPmwsnfiYtGbwbtw==/base.dm': No such file or directory
11-06 12:30:23.340   683   723 I ActivityTaskManager: Displayed com.example.trojan0project/.BrowseImagesAdmin for user 0: +834ms
11-06 12:30:23.351  1391  1391 D BaseDepthController: setSurface:
11-06 12:30:23.351  1391  1391 D BaseDepthController: 	mWaitingOnSurfaceValidity: false
11-06 12:30:23.351  1391  1391 D BaseDepthController: 	mSurface: null
11-06 12:30:23.351  1391  1391 D BaseDepthController: mSurface is null and mCurrentBlur is: 0
11-06 12:30:23.356  1391  1391 D StateManager: goToState - fromState: Normal, toState: Normal, partial trace:
11-06 12:30:23.356  1391  1391 D StateManager: 	at com.android.launcher3.statemanager.StateManager.moveToRestState(go/retraceme 2855a437b73635ce9cad76b9289087e631bbb67fc90008a0da13d343a00e5041:4)
11-06 12:30:23.356  1391  1391 D StateManager: 	at com.android.launcher3.statemanager.StateManager.moveToRestState(go/retraceme 2855a437b73635ce9cad76b9289087e631bbb67fc90008a0da13d343a00e5041:1)
11-06 12:30:23.356  1391  1391 D StateManager: 	at com.android.launcher3.statemanager.StatefulActivity.onStop(go/retraceme 2855a437b73635ce9cad76b9289087e631bbb67fc90008a0da13d343a00e5041:34)
11-06 12:30:23.368  1391  1391 D StatsLog: LAUNCHER_ONSTOP
11-06 12:30:23.371  1391  1391 D StatsLog: LAUNCHER_GOOGLE_SEARCH_RESTORE_LIST_SIZE_AFTER_ACTIVITY_RESTART
11-06 12:30:23.372  1391  4220 D GmsPlayProvider: Shut down the binder channel
11-06 12:30:23.384  1391  1920 D OneSearchSuggestProvider: Shut down the binder channel
11-06 12:30:23.388   683   877 I ImeTracker: com.example.trojan0project:defa3cb6: onRequestHide at ORIGIN_SERVER reason HIDE_UNSPECIFIED_WINDOW fromUser false
11-06 12:30:23.389   683   877 I ImeTracker: com.example.trojan0project:defa3cb6: onCancelled at PHASE_SERVER_SHOULD_HIDE
11-06 12:30:23.397  1391  4201 I IPCThreadState: oneway function results for code 2 on binder at 0x7e2177a91310 will be dropped but finished with status UNKNOWN_TRANSACTION
11-06 12:30:23.406  1571  1571 I GoogleInputMethodService: GoogleInputMethodService.onFinishInput():3086
11-06 12:30:23.407  1571  1571 I GoogleInputMethodService: GoogleInputMethodService.updateDeviceLockedStatus():2155 repeatCheckTimes = 0, locked = false
11-06 12:30:23.415  1571  1571 I GoogleInputMethodService: GoogleInputMethodService.onStartInput():1899 onStartInput(EditorInfo{EditorInfo{packageName=com.example.trojan0project, inputType=0, inputTypeString=NULL, enableLearning=false, autoCorrection=false, autoComplete=false, imeOptions=0, privateImeOptions=null, actionName=UNSPECIFIED, actionLabel=null, initialSelStart=-1, initialSelEnd=-1, initialCapsMode=0, label=null, fieldId=0, fieldName=null, extras=null, hintText=null, hintLocales=[]}}, false)
11-06 12:30:23.416  1571  1571 I GoogleInputMethodService: GoogleInputMethodService.updateDeviceLockedStatus():2155 repeatCheckTimes = 1, locked = false
11-06 12:30:23.417  1571  1571 I AndroidIME: InputBundleManager.loadActiveInputBundleId():450 loadActiveInputBundleId: und-Latn-x-password, password
11-06 12:30:23.425   819   892 D nativeloader: Load /data/app/~~Tc6EvqqDgH106cM4V1ucAw==/com.google.android.gms-DBh10iQKG0UObSC5N44Pvg==/base.apk!/lib/x86_64/libconscrypt_gmscore_jni.so using ns clns-12 from class loader (caller=/data/app/~~Tc6EvqqDgH106cM4V1ucAw==/com.google.android.gms-DBh10iQKG0UObSC5N44Pvg==/base.apk!classes3.dex): ok
11-06 12:30:23.436   819   892 V NativeCrypto: Registering com/google/android/gms/org/conscrypt/NativeCrypto's 305 native methods...
11-06 12:30:23.477   683   916 D InetDiagMessage: Destroyed 0 sockets, proto=IPPROTO_TCP, family=AF_INET, states=14
11-06 12:30:23.477   683   916 D InetDiagMessage: Destroyed 0 sockets, proto=IPPROTO_TCP, family=AF_INET6, states=14
11-06 12:30:23.477   683   916 D InetDiagMessage: Destroyed live tcp sockets for uids={10201} in 2ms
11-06 12:30:23.478   683   916 D InetDiagMessage: Destroyed 0 sockets, proto=IPPROTO_TCP, family=AF_INET, states=14
11-06 12:30:23.479   683   916 D InetDiagMessage: Destroyed 0 sockets, proto=IPPROTO_TCP, family=AF_INET6, states=14
11-06 12:30:23.480   683   916 D InetDiagMessage: Destroyed live tcp sockets for uids={20201} in 2ms
11-06 12:30:23.492   819   908 W .trojan0project: Accessing hidden method Ldalvik/system/VMStack;->getStackClass2()Ljava/lang/Class; (unsupported, reflection, allowed)
11-06 12:30:23.505   819   907 E GoogleApiManager: Failed to get service from broker.
11-06 12:30:23.505   819   907 E GoogleApiManager: java.lang.SecurityException: Unknown calling package name 'com.google.android.gms'.
11-06 12:30:23.505   819   907 E GoogleApiManager: 	at android.os.Parcel.createExceptionOrNull(Parcel.java:3242)
11-06 12:30:23.505   819   907 E GoogleApiManager: 	at android.os.Parcel.createException(Parcel.java:3226)
11-06 12:30:23.505   819   907 E GoogleApiManager: 	at android.os.Parcel.readException(Parcel.java:3209)
11-06 12:30:23.505   819   907 E GoogleApiManager: 	at android.os.Parcel.readException(Parcel.java:3151)
11-06 12:30:23.505   819   907 E GoogleApiManager: 	at amrk.a(:com.google.android.gms@244232038@24.42.32 (260800-688217902):36)
11-06 12:30:23.505   819   907 E GoogleApiManager: 	at ampr.z(:com.google.android.gms@244232038@24.42.32 (260800-688217902):143)
11-06 12:30:23.505   819   907 E GoogleApiManager: 	at alwy.run(:com.google.android.gms@244232038@24.42.32 (260800-688217902):54)
11-06 12:30:23.505   819   907 E GoogleApiManager: 	at android.os.Handler.handleCallback(Handler.java:959)
11-06 12:30:23.505   819   907 E GoogleApiManager: 	at android.os.Handler.dispatchMessage(Handler.java:100)
11-06 12:30:23.505   819   907 E GoogleApiManager: 	at bruz.mx(:com.google.android.gms@244232038@24.42.32 (260800-688217902):1)
11-06 12:30:23.505   819   907 E GoogleApiManager: 	at bruz.dispatchMessage(:com.google.android.gms@244232038@24.42.32 (260800-688217902):5)
11-06 12:30:23.505   819   907 E GoogleApiManager: 	at android.os.Looper.loopOnce(Looper.java:232)
11-06 12:30:23.505   819   907 E GoogleApiManager: 	at android.os.Looper.loop(Looper.java:317)
11-06 12:30:23.505   819   907 E GoogleApiManager: 	at android.os.HandlerThread.run(HandlerThread.java:85)
11-06 12:30:23.515   819   906 W CondFlagRegistrar: Failed to register com.google.android.gms.providerinstaller#com.google.android.gms
11-06 12:30:23.515   819   906 W CondFlagRegistrar: eimg: 17: 17: API: Phenotype.API is not available on this device. Connection failed with: ConnectionResult{statusCode=DEVELOPER_ERROR, resolution=null, message=null}
11-06 12:30:23.515   819   906 W CondFlagRegistrar: 	at eimi.a(:com.google.android.gms@244232038@24.42.32 (260800-688217902):13)
11-06 12:30:23.515   819   906 W CondFlagRegistrar: 	at fbpd.d(:com.google.android.gms@244232038@24.42.32 (260800-688217902):3)
11-06 12:30:23.515   819   906 W CondFlagRegistrar: 	at fbpf.run(:com.google.android.gms@244232038@24.42.32 (260800-688217902):130)
11-06 12:30:23.515   819   906 W CondFlagRegistrar: 	at fbqy.execute(:com.google.android.gms@244232038@24.42.32 (260800-688217902):1)
11-06 12:30:23.515   819   906 W CondFlagRegistrar: 	at fbpg.h(:com.google.android.gms@244232038@24.42.32 (260800-688217902):1)
11-06 12:30:23.515   819   906 W CondFlagRegistrar: 	at fbpg.l(:com.google.android.gms@244232038@24.42.32 (260800-688217902):101)
11-06 12:30:23.515   819   906 W CondFlagRegistrar: 	at fbpg.p(:com.google.android.gms@244232038@24.42.32 (260800-688217902):19)
11-06 12:30:23.515   819   906 W CondFlagRegistrar: 	at easa.hA(:com.google.android.gms@244232038@24.42.32 (260800-688217902):35)
11-06 12:30:23.515   819   906 W CondFlagRegistrar: 	at dqgl.run(:com.google.android.gms@244232038@24.42.32 (260800-688217902):14)
11-06 12:30:23.515   819   906 W CondFlagRegistrar: 	at fbqy.execute(:com.google.android.gms@244232038@24.42.32 (260800-688217902):1)
11-06 12:30:23.515   819   906 W CondFlagRegistrar: 	at dqgm.b(:com.google.android.gms@244232038@24.42.32 (260800-688217902):18)
11-06 12:30:23.515   819   906 W CondFlagRegistrar: 	at dqhb.b(:com.google.android.gms@244232038@24.42.32 (260800-688217902):36)
11-06 12:30:23.515   819   906 W CondFlagRegistrar: 	at dqhd.c(:com.google.android.gms@244232038@24.42.32 (260800-688217902):26)
11-06 12:30:23.515   819   906 W CondFlagRegistrar: 	at alug.c(:com.google.android.gms@244232038@24.42.32 (260800-688217902):9)
11-06 12:30:23.515   819   906 W CondFlagRegistrar: 	at alww.q(:com.google.android.gms@244232038@24.42.32 (260800-688217902):48)
11-06 12:30:23.515   819   906 W CondFlagRegistrar: 	at alww.d(:com.google.android.gms@244232038@24.42.32 (260800-688217902):10)
11-06 12:30:23.515   819   906 W CondFlagRegistrar: 	at alww.g(:com.google.android.gms@244232038@24.42.32 (260800-688217902):211)
11-06 12:30:23.515   819   906 W CondFlagRegistrar: 	at alww.onConnectionFailed(:com.google.android.gms@244232038@24.42.32 (260800-688217902):2)
11-06 12:30:23.515   819   906 W CondFlagRegistrar: 	at alwy.run(:com.google.android.gms@244232038@24.42.32 (260800-688217902):82)
11-06 12:30:23.515   819   906 W CondFlagRegistrar: 	at android.os.Handler.handleCallback(Handler.java:959)
11-06 12:30:23.515   819   906 W CondFlagRegistrar: 	at android.os.Handler.dispatchMessage(Handler.java:100)
11-06 12:30:23.515   819   906 W CondFlagRegistrar: 	at bruz.mx(:com.google.android.gms@244232038@24.42.32 (260800-688217902):1)
11-06 12:30:23.515   819   906 W CondFlagRegistrar: 	at bruz.dispatchMessage(:com.google.android.gms@244232038@24.42.32 (260800-688217902):5)
11-06 12:30:23.515   819   906 W CondFlagRegistrar: 	at android.os.Looper.loopOnce(Looper.java:232)
11-06 12:30:23.515   819   906 W CondFlagRegistrar: 	at android.os.Looper.loop(Looper.java:317)
11-06 12:30:23.515   819   906 W CondFlagRegistrar: 	at android.os.HandlerThread.run(HandlerThread.java:85)
11-06 12:30:23.515   819   906 W CondFlagRegistrar: Caused by: alsy: 17: API: Phenotype.API is not available on this device. Connection failed with: ConnectionResult{statusCode=DEVELOPER_ERROR, resolution=null, message=null}
11-06 12:30:23.515   819   906 W CondFlagRegistrar: 	at ampd.a(:com.google.android.gms@244232038@24.42.32 (260800-688217902):15)
11-06 12:30:23.515   819   906 W CondFlagRegistrar: 	at aluj.a(:com.google.android.gms@244232038@24.42.32 (260800-688217902):1)
11-06 12:30:23.515   819   906 W CondFlagRegistrar: 	at alug.c(:com.google.android.gms@244232038@24.42.32 (260800-688217902):5)
11-06 12:30:23.515   819   906 W CondFlagRegistrar: 	... 12 more
11-06 12:30:23.531   819   908 I eilv.a  : Unable to retrieve flag snapshot for com.google.android.gms.providerinstaller#com.google.android.gms, using defaults.
11-06 12:30:23.539   819   892 W .trojan0project: Accessing hidden method Ljava/security/spec/ECParameterSpec;->getCurveName()Ljava/lang/String; (unsupported, reflection, allowed)
11-06 12:30:23.546  1337  3376 I FontLog : (REDACTED) Received query %s, URI %s
11-06 12:30:23.547  1337  3376 I FontLog : (REDACTED) Query [%s] resolved to %s
11-06 12:30:23.548  1337  3376 I FontLog : (REDACTED) Fetch %s end status %s
11-06 12:30:23.563  1337  3376 I FontLog : (REDACTED) Pulling font file for id = %d, cache size = %d
11-06 12:30:23.569  1337  3376 I FontLog : (REDACTED) Pulling font file for id = %d, cache size = %d
11-06 12:30:23.617  1051  1147 W WindowOnBackDispatcher: sendCancelIfRunning: isInProgress=false callback=android.view.ViewRootImpl$$ExternalSyntheticLambda11@fe64c8b
11-06 12:30:23.618   683  1852 W InputManager-JNI: Input channel object '6672767 Splash Screen com.example.trojan0project (client)' was disposed without first being removed with the input manager!
11-06 12:30:23.628   819   892 I ProviderInstaller: Installed default security provider GmsCore_OpenSSL
11-06 12:30:23.698   683  1852 D ConnectivityService: requestNetwork for uid/pid:10240/819 activeRequest: null callbackRequest: 516 [NetworkRequest [ REQUEST id=517, [ Capabilities: INTERNET&NOT_RESTRICTED&TRUSTED&NOT_VCN_MANAGED&NOT_BANDWIDTH_CONSTRAINED Uid: 10240 RequestorUid: 10240 RequestorPkg: com.example.trojan0project UnderlyingNetworks: Null] ]] callback flags: 0 order: 2147483647 isUidTracked: false
11-06 12:30:23.702   683   903 D WifiNetworkFactory: got request NetworkRequest [ REQUEST id=517, [ Capabilities: INTERNET&NOT_RESTRICTED&TRUSTED&NOT_VCN_MANAGED&NOT_BANDWIDTH_CONSTRAINED Uid: 10240 RequestorUid: 10240 RequestorPkg: com.example.trojan0project UnderlyingNetworks: Null] ]
11-06 12:30:23.702   683   903 D UntrustedWifiNetworkFactory: got request NetworkRequest [ REQUEST id=517, [ Capabilities: INTERNET&NOT_RESTRICTED&TRUSTED&NOT_VCN_MANAGED&NOT_BANDWIDTH_CONSTRAINED Uid: 10240 RequestorUid: 10240 RequestorPkg: com.example.trojan0project UnderlyingNetworks: Null] ]
11-06 12:30:23.702   683   903 D OemPaidWifiNetworkFactory: got request NetworkRequest [ REQUEST id=517, [ Capabilities: INTERNET&NOT_RESTRICTED&TRUSTED&NOT_VCN_MANAGED&NOT_BANDWIDTH_CONSTRAINED Uid: 10240 RequestorUid: 10240 RequestorPkg: com.example.trojan0project UnderlyingNetworks: Null] ]
11-06 12:30:23.702   683   903 D MultiInternetWifiNetworkFactory: got request NetworkRequest [ REQUEST id=517, [ Capabilities: INTERNET&NOT_RESTRICTED&TRUSTED&NOT_VCN_MANAGED&NOT_BANDWIDTH_CONSTRAINED Uid: 10240 RequestorUid: 10240 RequestorPkg: com.example.trojan0project UnderlyingNetworks: Null] ]
11-06 12:30:23.713   683   916 D ConnectivityService: NetReassign [517 : null → 110] [c 0] [a 0] [i 1]
11-06 12:30:23.763   819   828 I .trojan0project: Compiler allocated 4219KB to compile void android.widget.TextView.<init>(android.content.Context, android.util.AttributeSet, int, int)
11-06 12:30:24.236   683   916 W IPCThreadState: Sending oneway calls to frozen process.
11-06 12:30:24.236  1764  2005 I BugleRcsEngine: Connected state: [1], networkType: [WIFI] [CONTEXT thread_id=55 ]
11-06 12:30:24.237  1764  2207 I BugleRcsEngine: handleMessage processing message:[NOTIFY_UPTIME_IGNORE_STATE_CHANGED] with [non-null]:RcsEngineImpl reference [CONTEXT log_prefix="RcsEngineImpl[DUAL_REG]:[5e607de4-93a5]>Handler" thread_id=63 ]
11-06 12:30:24.239   683   916 W IPCThreadState: Sending oneway calls to frozen process.
11-06 12:30:24.240 24439 24479 D WM-NetworkStateTracker: Network capabilities changed: [ Transports: WIFI Capabilities: NOT_METERED&INTERNET&NOT_RESTRICTED&TRUSTED&NOT_VPN&NOT_ROAMING&FOREGROUND&NOT_CONGESTED&NOT_SUSPENDED&NOT_VCN_MANAGED&NOT_BANDWIDTH_CONSTRAINED LinkUpBandwidth>=12000Kbps LinkDnBandwidth>=30000Kbps TransportInfo: <SSID: <unknown ssid>, BSSID: 02:00:00:00:00:00, MAC: 02:00:00:00:00:00, IP: /10.0.2.16, Security type: 0, Supplicant state: COMPLETED, Wi-Fi standard: legacy, RSSI: -50, Link speed: 2Mbps, Tx Link speed: 2Mbps, Max Supported Tx Link speed: 11Mbps, Rx Link speed: 2Mbps, Max Supported Rx Link speed: 11Mbps, Frequency: 2447MHz, Net ID: -1, Metered hint: false, score: 60, isUsable: true, CarrierMerged: false, SubscriptionId: -1, IsPrimary: -1, Trusted: true, Restricted: false, Ephemeral: false, OEM paid: false, OEM private: false, OSU AP: false, FQDN: <none>, Provider friendly name: <none>, Requesting package name: <none><none>MLO Information: , Is TID-To-Link negotiation supported by the AP: false, AP MLD Address: <none>, AP MLO Link Id: <none>, AP MLO Affiliated links: <none>, Vendor Data: <none>> SignalStrength: -50 UnderlyingNetworks: Null]
11-06 12:30:24.243 30191 30245 D WM-NetworkStateTracker: Network capabilities changed: [ Transports: WIFI Capabilities: NOT_METERED&INTERNET&NOT_RESTRICTED&TRUSTED&NOT_VPN&NOT_ROAMING&FOREGROUND&NOT_CONGESTED&NOT_SUSPENDED&NOT_VCN_MANAGED&NOT_BANDWIDTH_CONSTRAINED LinkUpBandwidth>=12000Kbps LinkDnBandwidth>=30000Kbps TransportInfo: <SSID: <unknown ssid>, BSSID: 02:00:00:00:00:00, MAC: 02:00:00:00:00:00, IP: /10.0.2.16, Security type: 0, Supplicant state: COMPLETED, Wi-Fi standard: legacy, RSSI: -50, Link speed: 2Mbps, Tx Link speed: 2Mbps, Max Supported Tx Link speed: 11Mbps, Rx Link speed: 2Mbps, Max Supported Rx Link speed: 11Mbps, Frequency: 2447MHz, Net ID: -1, Metered hint: false, score: 60, isUsable: true, CarrierMerged: false, SubscriptionId: -1, IsPrimary: -1, Trusted: true, Restricted: false, Ephemeral: false, OEM paid: false, OEM private: false, OSU AP: false, FQDN: <none>, Provider friendly name: <none>, Requesting package name: <none><none>MLO Information: , Is TID-To-Link negotiation supported by the AP: false, AP MLD Address: <none>, AP MLO Link Id: <none>, AP MLO Affiliated links: <none>, Vendor Data: <none>> SignalStrength: -50 UnderlyingNetworks: Null]
11-06 12:30:24.246  1337  3376 I ChimeraSrvcProxy: NullBinder for android.net.action.RECOMMEND_NETWORKS triggering remote TransactionTooLargeException due to Service without Chimera impl
11-06 12:30:24.246  1337  3376 W .gms.persistent: Large reply transaction of 1056768 bytes, interface descriptor , code 1
11-06 12:30:24.252  1764  2207 I BugleRcsEngine: No RCS Configuration was found in Bugle for simID: redacted-pii:sim_id[chars:20,last3:897] [CONTEXT log_prefix="ProvisioningEngineDataRetriever" thread_id=63 ]
11-06 12:30:24.390   819   828 I .trojan0project: Compiler allocated 5174KB to compile void android.view.ViewRootImpl.performTraversals()
11-06 12:30:24.693   819   868 D EGL_emulation: app_time_stats: avg=333.31ms min=6.71ms max=1278.40ms count=4
11-06 12:30:26.382   819   862 W FileTestStorage: Output properties is not supported.
11-06 12:30:26.385   819   862 E AndroidXTracer: enableTracing failed. You may need to upgrade your androidx.tracing:tracing version
11-06 12:30:26.385   819   862 E AndroidXTracer: java.lang.NoSuchMethodError: No static method forceEnableAppTracing()V in class Landroidx/tracing/Trace; or its super classes (declaration of 'androidx.tracing.Trace' appears in /data/app/~~-8dOKQRHqQ7RNm1AdAA9sw==/com.example.trojan0project-16EW0IoPmwsnfiYtGbwbtw==/base.apk)
11-06 12:30:26.385   819   862 E AndroidXTracer: 	at androidx.test.platform.tracing.AndroidXTracer.enableTracing(AndroidXTracer.java:57)
11-06 12:30:26.385   819   862 E AndroidXTracer: 	at androidx.test.platform.tracing.Tracing.<init>(Tracing.java:53)
11-06 12:30:26.385   819   862 E AndroidXTracer: 	at androidx.test.platform.tracing.Tracing.<clinit>(Tracing.java:49)
11-06 12:30:26.385   819   862 E AndroidXTracer: 	at androidx.test.espresso.base.BaseLayerModule.providesTracing(BaseLayerModule.java:190)
11-06 12:30:26.385   819   862 E AndroidXTracer: 	at androidx.test.espresso.base.BaseLayerModule_ProvidesTracingFactory.providesTracing(BaseLayerModule_ProvidesTracingFactory.java:37)
11-06 12:30:26.385   819   862 E AndroidXTracer: 	at androidx.test.espresso.base.BaseLayerModule_ProvidesTracingFactory.get(BaseLayerModule_ProvidesTracingFactory.java:29)
11-06 12:30:26.385   819   862 E AndroidXTracer: 	at androidx.test.espresso.base.BaseLayerModule_ProvidesTracingFactory.get(BaseLayerModule_ProvidesTracingFactory.java:11)
11-06 12:30:26.385   819   862 E AndroidXTracer: 	at androidx.test.espresso.core.internal.deps.dagger.internal.DoubleCheck.get(DoubleCheck.java:47)
11-06 12:30:26.385   819   862 E AndroidXTracer: 	at androidx.test.espresso.base.IdlingResourceRegistry_Factory.get(IdlingResourceRegistry_Factory.java:34)
11-06 12:30:26.385   819   862 E AndroidXTracer: 	at androidx.test.espresso.base.IdlingResourceRegistry_Factory.get(IdlingResourceRegistry_Factory.java:12)
11-06 12:30:26.385   819   862 E AndroidXTracer: 	at androidx.test.espresso.core.internal.deps.dagger.internal.DoubleCheck.get(DoubleCheck.java:47)
11-06 12:30:26.385   819   862 E AndroidXTracer: 	at androidx.test.espresso.DaggerBaseLayerComponent$BaseLayerComponentImpl.idlingResourceRegistry(DaggerBaseLayerComponent.java:275)
11-06 12:30:26.385   819   862 E AndroidXTracer: 	at androidx.test.espresso.Espresso.<clinit>(Espresso.java:64)
11-06 12:30:26.385   819   862 E AndroidXTracer: 	at com.example.trojan0project.BrowseImagesAdminTest.testGetEventImages(BrowseImagesAdminTest.java:53)
11-06 12:30:26.385   819   862 E AndroidXTracer: 	at java.lang.reflect.Method.invoke(Native Method)
11-06 12:30:26.385   819   862 E AndroidXTracer: 	at org.junit.runners.model.FrameworkMethod$1.runReflectiveCall(FrameworkMethod.java:59)
11-06 12:30:26.385   819   862 E AndroidXTracer: 	at org.junit.internal.runners.model.ReflectiveCallable.run(ReflectiveCallable.java:12)
11-06 12:30:26.385   819   862 E AndroidXTracer: 	at org.junit.runners.model.FrameworkMethod.invokeExplosively(FrameworkMethod.java:56)
11-06 12:30:26.385   819   862 E AndroidXTracer: 	at org.junit.internal.runners.statements.InvokeMethod.evaluate(InvokeMethod.java:17)
11-06 12:30:26.385   819   862 E AndroidXTracer: 	at androidx.test.internal.runner.junit4.statement.RunBefores.evaluate(RunBefores.java:80)
11-06 12:30:26.385   819   862 E AndroidXTracer: 	at org.junit.rules.ExternalResource$1.evaluate(ExternalResource.java:54)
11-06 12:30:26.385   819   862 E AndroidXTracer: 	at org.junit.runners.ParentRunner$3.evaluate(ParentRunner.java:306)
11-06 12:30:26.385   819   862 E AndroidXTracer: 	at org.junit.runners.BlockJUnit4ClassRunner$1.evaluate(BlockJUnit4ClassRunner.java:100)
11-06 12:30:26.385   819   862 E AndroidXTracer: 	at org.junit.runners.ParentRunner.runLeaf(ParentRunner.java:366)
11-06 12:30:26.385   819   862 E AndroidXTracer: 	at org.junit.runners.BlockJUnit4ClassRunner.runChild(BlockJUnit4ClassRunner.java:103)
11-06 12:30:26.385   819   862 E AndroidXTracer: 	at org.junit.runners.BlockJUnit4ClassRunner.runChild(BlockJUnit4ClassRunner.java:63)
11-06 12:30:26.385   819   862 E AndroidXTracer: 	at org.junit.runners.ParentRunner$4.run(ParentRunner.java:331)
11-06 12:30:26.385   819   862 E AndroidXTracer: 	at org.junit.runners.ParentRunner$1.schedule(ParentRunner.java:79)
11-06 12:30:26.385   819   862 E AndroidXTracer: 	at org.junit.runners.ParentRunner.runChildren(ParentRunner.java:329)
11-06 12:30:26.385   819   862 E AndroidXTracer: 	at org.junit.runners.ParentRunner.access$100(ParentRunner.java:66)
11-06 12:30:26.385   819   862 E AndroidXTracer: 	at org.junit.runners.ParentRunner$2.evaluate(ParentRunner.java:293)
11-06 12:30:26.385   819   862 E AndroidXTracer: 	at org.junit.runners.ParentRunner$3.evaluate(ParentRunner.java:306)
11-06 12:30:26.385   819   862 E AndroidXTracer: 	at org.junit.runners.ParentRunner.run(ParentRunner.java:413)
11-06 12:30:26.385   819   862 E AndroidXTracer: 	at androidx.test.ext.junit.runners.AndroidJUnit4.run(AndroidJUnit4.java:162)
11-06 12:30:26.385   819   862 E AndroidXTracer: 	at org.junit.runners.Suite.runChild(Suite.java:128)
11-06 12:30:26.385   819   862 E AndroidXTracer: 	at org.junit.runners.Suite.runChild(Suite.java:27)
11-06 12:30:26.385   819   862 E AndroidXTracer: 	at org.junit.runners.ParentRunner$4.run(ParentRunner.java:331)
11-06 12:30:26.385   819   862 E AndroidXTracer: 	at org.junit.runners.ParentRunner$1.schedule(ParentRunner.java:79)
11-06 12:30:26.385   819   862 E AndroidXTracer: 	at org.junit.runners.ParentRunner.runChildren(ParentRunner.java:329)
11-06 12:30:26.385   819   862 E AndroidXTracer: 	at org.junit.runners.ParentRunner.access$100(ParentRunner.java:66)
11-06 12:30:26.385   819   862 E AndroidXTracer: 	at org.junit.runners.ParentRunner$2.evaluate(ParentRunner.java:293)
11-06 12:30:26.385   819   862 E AndroidXTracer: 	at org.junit.runners.ParentRunner$3.evaluate(ParentRunner.java:306)
11-06 12:30:26.385   819   862 E AndroidXTracer: 	at org.junit.runners.ParentRunner.run(ParentRunner.java:413)
11-06 12:30:26.385   819   862 E AndroidXTracer: 	at org.junit.runner.JUnitCore.run(JUnitCore.java:137)
11-06 12:30:26.385   819   862 E AndroidXTracer: 	at org.junit.runner.JUnitCore.run(JUnitCore.java:115)
11-06 12:30:26.385   819   862 E AndroidXTracer: 	at androidx.test.internal.runner.TestExecutor.execute(TestExecutor.java:68)
11-06 12:30:26.385   819   862 E AndroidXTracer: 	at androidx.test.internal.runner.TestExecutor.execute(TestExecutor.java:59)
11-06 12:30:26.385   819   862 E AndroidXTracer: 	at androidx.test.runner.AndroidJUnitRunner.onStart(AndroidJUnitRunner.java:463)
11-06 12:30:26.385   819   862 E AndroidXTracer: 	at android.app.Instrumentation$InstrumentationThread.run(Instrumentation.java:2594)
11-06 12:30:26.386   819   862 I Tracing : Tracer added: class androidx.test.platform.tracing.AndroidXTracer
11-06 12:30:26.392   819   862 D CompatChangeReporter: Compat change id reported: 247079863; UID 10240; state: ENABLED
11-06 12:30:26.400   819   862 D EventInjectionStrategy: Creating injection strategy with input manager.
11-06 12:30:26.400   819   862 W .trojan0project: Accessing hidden method Landroid/hardware/input/InputManager;->getInstance()Landroid/hardware/input/InputManager; (unsupported, reflection, allowed)
11-06 12:30:26.401   819   862 W .trojan0project: Accessing hidden method Landroid/hardware/input/InputManager;->injectInputEvent(Landroid/view/InputEvent;I)Z (unsupported, reflection, allowed)
11-06 12:30:26.401   819   862 W .trojan0project: Accessing hidden field Landroid/hardware/input/InputManager;->INJECT_INPUT_EVENT_MODE_WAIT_FOR_FINISH:I (unsupported, reflection, allowed)
11-06 12:30:26.412   819   819 W .trojan0project: Accessing hidden method Landroid/os/MessageQueue;->next()Landroid/os/Message; (unsupported, reflection, allowed)
11-06 12:30:26.413   819   819 W .trojan0project: Accessing hidden field Landroid/os/MessageQueue;->mMessages:Landroid/os/Message; (unsupported, reflection, allowed)
11-06 12:30:26.413   819   819 W .trojan0project: Accessing hidden method Landroid/os/Message;->recycleUnchecked()V (unsupported, reflection, allowed)
11-06 12:30:26.421   819   819 I ViewInteraction: Checking 'MatchesViewAssertion{viewMatcher=(view has effective visibility <VISIBLE> and view.getGlobalVisibleRect() to return non-empty rectangle)}' assertion on view view.getId() is <2131362028/com.example.trojan0project:id/images_list>
11-06 12:30:26.438   683  2384 V GrammaticalInflectionUtils: AttributionSource: android.content.AttributionSource@51ebefa does not have READ_SYSTEM_GRAMMATICAL_GENDER permission.
11-06 12:30:26.452   819   819 D LifecycleMonitor: Lifecycle status change: com.example.trojan0project.BrowseImagesAdmin@28df66f in: PAUSED
11-06 12:30:26.452   819   819 V ActivityScenario: Update currentActivityStage to PAUSED, currentActivity=com.example.trojan0project.BrowseImagesAdmin@28df66f
11-06 12:30:26.453   683   726 V GrammaticalInflectionUtils: AttributionSource: android.content.AttributionSource@51ebefa does not have READ_SYSTEM_GRAMMATICAL_GENDER permission.
11-06 12:30:26.458   416   416 I BpBinder: onLastStrongRef automatically unlinking death recipients:
11-06 12:30:26.470  1391  1391 I TopTaskTracker: onTaskMovedToFront: (moved taskInfo to front) taskId=288, baseIntent=Intent { act=android.intent.action.MAIN cat=[android.intent.category.LAUNCHER] flg=0x10000000 cmp=com.example.trojan0project.test/androidx.test.core.app.InstrumentationActivityInvoker$EmptyActivity }
11-06 12:30:26.486   368   368 D Zygote  : Forked child process 932
11-06 12:30:26.569   932   932 I an0project.test: Late-enabling -Xcheck:jni
11-06 12:30:26.657   932   932 I an0project.test: Using CollectorTypeCMC GC.
11-06 12:30:26.668   932   932 W an0project.test: Unexpected CPU variant for x86: x86_64.
11-06 12:30:26.668   932   932 W an0project.test: Known variants: atom, sandybridge, silvermont, goldmont, goldmont-plus, goldmont-without-sha-xsaves, tremont, kabylake, default
11-06 12:30:26.679   440   455 I adbd    : jdwp connection from 932
11-06 12:30:26.706   932   932 D nativeloader: Load libframework-connectivity-tiramisu-jni.so using APEX ns com_android_tethering for caller /apex/com.android.tethering/javalib/framework-connectivity-t.jar: ok
11-06 12:30:26.740   932   932 D CompatChangeReporter: Compat change id reported: 242716250; UID 10241; state: ENABLED
11-06 12:30:26.759   932   932 D ApplicationLoaders: Returning zygote-cached class loader: /system/framework/android.test.base.jar
11-06 12:30:26.768   932   932 D nativeloader: Configuring clns-7 for other apk /system/framework/android.test.mock.jar. target_sdk_version=34, uses_libraries=ALL, library_path=/data/app/~~i6IHmZxiLLu4m0LeoJba2w==/com.example.trojan0project.test-6Ip76Cafp6RmKoplnn-d0g==/lib/x86_64, permitted_path=/data:/mnt/expand:/data/user/0/com.example.trojan0project.test
11-06 12:30:26.776   932   932 D ApplicationLoaders: Returning zygote-cached class loader: /system/framework/android.test.base.jar
11-06 12:30:26.785   932   932 D nativeloader: Configuring clns-8 for other apk /system/framework/android.test.runner.jar. target_sdk_version=34, uses_libraries=ALL, library_path=/data/app/~~i6IHmZxiLLu4m0LeoJba2w==/com.example.trojan0project.test-6Ip76Cafp6RmKoplnn-d0g==/lib/x86_64, permitted_path=/data:/mnt/expand:/data/user/0/com.example.trojan0project.test
11-06 12:30:26.789   932   932 W ziparchive: Unable to open '/data/app/~~i6IHmZxiLLu4m0LeoJba2w==/com.example.trojan0project.test-6Ip76Cafp6RmKoplnn-d0g==/base.dm': No such file or directory
11-06 12:30:26.789   932   932 W ziparchive: Unable to open '/data/app/~~i6IHmZxiLLu4m0LeoJba2w==/com.example.trojan0project.test-6Ip76Cafp6RmKoplnn-d0g==/base.dm': No such file or directory
11-06 12:30:26.823   932   932 D nativeloader: Configuring clns-9 for other apk /data/app/~~i6IHmZxiLLu4m0LeoJba2w==/com.example.trojan0project.test-6Ip76Cafp6RmKoplnn-d0g==/base.apk. target_sdk_version=34, uses_libraries=, library_path=/data/app/~~i6IHmZxiLLu4m0LeoJba2w==/com.example.trojan0project.test-6Ip76Cafp6RmKoplnn-d0g==/lib/x86_64, permitted_path=/data:/mnt/expand:/data/user/0/com.example.trojan0project.test
11-06 12:30:26.845   932   932 V GraphicsEnvironment: Currently set values for:
11-06 12:30:26.845   932   932 V GraphicsEnvironment:   angle_gl_driver_selection_pkgs=[]
11-06 12:30:26.846   932   932 V GraphicsEnvironment:   angle_gl_driver_selection_values=[]
11-06 12:30:26.847   932   932 V GraphicsEnvironment: Global.Settings values are invalid: number of packages: 0, number of values: 0
11-06 12:30:26.848   932   932 V GraphicsEnvironment: Neither updatable production driver nor prerelease driver is supported.
11-06 12:30:26.948   932   932 W HWUI    : Unknown dataspace 0
11-06 12:30:26.973  1391  1391 I TopTaskTracker: onTaskMovedToFront: (moved taskInfo to front) taskId=227, baseIntent=Intent { act=android.intent.action.MAIN cat=[android.intent.category.HOME] flg=0x10000100 cmp=com.google.android.apps.nexuslauncher/.NexusLauncherActivity }
11-06 12:30:26.981   416   539 W ServiceManagerCppClient: Permission failure: android.permission.ACCESS_SURFACE_FLINGER from uid=10241 pid=0
11-06 12:30:26.981   416   539 D PermissionCache: checking android.permission.ACCESS_SURFACE_FLINGER for uid=10241 => denied (258 us)
11-06 12:30:26.982   416   539 W ServiceManagerCppClient: Permission failure: android.permission.ROTATE_SURFACE_FLINGER from uid=10241 pid=0
11-06 12:30:26.982   416   539 D PermissionCache: checking android.permission.ROTATE_SURFACE_FLINGER for uid=10241 => denied (566 us)
11-06 12:30:26.982   416   539 W ServiceManagerCppClient: Permission failure: android.permission.INTERNAL_SYSTEM_WINDOW from uid=10241 pid=0
11-06 12:30:26.982   416   539 D PermissionCache: checking android.permission.INTERNAL_SYSTEM_WINDOW for uid=10241 => denied (659 us)
11-06 12:30:26.984   416   537 W ServiceManagerCppClient: Permission failure: android.permission.ROTATE_SURFACE_FLINGER from uid=10241 pid=932
11-06 12:30:26.984   416   537 D PermissionCache: checking android.permission.ROTATE_SURFACE_FLINGER for uid=10241 => denied (2206 us)
11-06 12:30:26.991   932   979 I EGL_emulation: Opening libGLESv1_CM_emulation.so
11-06 12:30:26.992   932   979 I EGL_emulation: Opening libGLESv2_emulation.so
11-06 12:30:27.038   932   979 W HWUI    : Failed to choose config with EGL_SWAP_BEHAVIOR_PRESERVED, retrying without...
11-06 12:30:27.038   932   979 W HWUI    : Failed to initialize 101010-2 format, error = EGL_SUCCESS
11-06 12:30:27.049   819   819 D VRI[BrowseImagesAdmin]: visibilityChanged oldVisibility=true newVisibility=false
11-06 12:30:27.067   164   164 I hwservicemanager: getTransport: Cannot find entry android.hardware.graphics.mapper@4.0::IMapper/default in either framework or device VINTF manifest.
11-06 12:30:27.068   932   979 I Gralloc4: mapper 4.x is not supported
11-06 12:30:27.105   683  2169 W ServiceManagerCppClient: Permission failure: android.permission.ACCESS_SURFACE_FLINGER from uid=10241 pid=0
11-06 12:30:27.105   683  2169 D PermissionCache: checking android.permission.ACCESS_SURFACE_FLINGER for uid=10241 => denied (130 us)
11-06 12:30:27.105   683  2169 W ServiceManagerCppClient: Permission failure: android.permission.ROTATE_SURFACE_FLINGER from uid=10241 pid=0
11-06 12:30:27.105   683  2169 D PermissionCache: checking android.permission.ROTATE_SURFACE_FLINGER for uid=10241 => denied (60 us)
11-06 12:30:27.105   683  2169 W ServiceManagerCppClient: Permission failure: android.permission.INTERNAL_SYSTEM_WINDOW from uid=10241 pid=0
11-06 12:30:27.105   683  2169 D PermissionCache: checking android.permission.INTERNAL_SYSTEM_WINDOW for uid=10241 => denied (61 us)
11-06 12:30:27.116  1391  1391 D StatsLog: LAUNCHER_ONRESUME
11-06 12:30:27.123   819   819 D LifecycleMonitor: Lifecycle status change: com.example.trojan0project.BrowseImagesAdmin@28df66f in: STOPPED
11-06 12:30:27.123   683  1765 W AppSearchIcing: icing-search-engine.cc:321: Error: 5, Message: Document (com.google.android.googlequicksearchbox$OneSearchZeroStateGoogleSuggestions/default, zp) not found.
11-06 12:30:27.126  1391  1391 D NexusLauncherModelDelegate: notifySmartspaceEvent: SmartspaceTargetEvent{mSmartspaceTarget=null, mSmartspaceActionId='null', mEventType=6}
11-06 12:30:27.130   819   819 V ActivityScenario: Update currentActivityStage to STOPPED, currentActivity=com.example.trojan0project.BrowseImagesAdmin@28df66f
11-06 12:30:27.133  1391  1920 D OneSearchSuggestProvider: AppSearch 0-state cache not available, fallback to AGA
11-06 12:30:27.133  1391  1920 D OneSearchSuggestProvider: java.util.concurrent.CompletionException: java.util.NoSuchElementException: No value present
11-06 12:30:27.133  1391  1920 D OneSearchSuggestProvider: 	at java.util.concurrent.CompletableFuture.encodeThrowable(CompletableFuture.java:308)
11-06 12:30:27.133  1391  1920 D OneSearchSuggestProvider: 	at java.util.concurrent.CompletableFuture.completeThrowable(CompletableFuture.java:323)
11-06 12:30:27.133  1391  1920 D OneSearchSuggestProvider: 	at java.util.concurrent.CompletableFuture$UniAccept.tryFire(CompletableFuture.java:684)
11-06 12:30:27.133  1391  1920 D OneSearchSuggestProvider: 	at java.util.concurrent.CompletableFuture.postComplete(CompletableFuture.java:486)
11-06 12:30:27.133  1391  1920 D OneSearchSuggestProvider: 	at java.util.concurrent.CompletableFuture.completeExceptionally(CompletableFuture.java:2138)
11-06 12:30:27.133  1391  1920 D OneSearchSuggestProvider: 	at com.google.android.apps.nexuslauncher.allapps.E0.onResult(go/retraceme 2855a437b73635ce9cad76b9289087e631bbb67fc90008a0da13d343a00e5041:67)
11-06 12:30:27.133  1391  1920 D OneSearchSuggestProvider: 	at android.app.appsearch.SearchSessionUtil$1.lambda$onResult$0(go/retraceme 64eee9e9f568ff45978879ad2ff83146f2618ee8a88278736fbdf5fae931976e:144)
11-06 12:30:27.133  1391  1920 D OneSearchSuggestProvider: 	at android.app.appsearch.SearchSessionUtil$1.$r8$lambda$CEk3q8sDAQVhU3rQwVueB8FAj_M(go/retraceme 64eee9e9f568ff45978879ad2ff83146f2618ee8a88278736fbdf5fae931976e:1)
11-06 12:30:27.133  1391  1920 D OneSearchSuggestProvider: 	at android.app.appsearch.SearchSessionUtil$1$$ExternalSyntheticLambda0.run(go/retraceme 64eee9e9f568ff45978879ad2ff83146f2618ee8a88278736fbdf5fae931976e:22)
11-06 12:30:27.133  1391  1920 D OneSearchSuggestProvider: 	at android.os.Handler.handleCallback(Handler.java:959)
11-06 12:30:27.133  1391  1920 D OneSearchSuggestProvider: 	at android.os.Handler.dispatchMessage(Handler.java:100)
11-06 12:30:27.133  1391  1920 D OneSearchSuggestProvider: 	at android.os.Looper.loopOnce(Looper.java:232)
11-06 12:30:27.133  1391  1920 D OneSearchSuggestProvider: 	at android.os.Looper.loop(Looper.java:317)
11-06 12:30:27.133  1391  1920 D OneSearchSuggestProvider: 	at android.os.HandlerThread.run(HandlerThread.java:85)
11-06 12:30:27.133  1391  1920 D OneSearchSuggestProvider: Caused by: java.util.NoSuchElementException: No value present
11-06 12:30:27.133  1391  1920 D OneSearchSuggestProvider: 	at java.util.Optional.get(Optional.java:143)
11-06 12:30:27.133  1391  1920 D OneSearchSuggestProvider: 	at com.google.android.apps.nexuslauncher.allapps.E0.onResult(go/retraceme 2855a437b73635ce9cad76b9289087e631bbb67fc90008a0da13d343a00e5041:28)
11-06 12:30:27.133  1391  1920 D OneSearchSuggestProvider: 	... 8 more
11-06 12:30:27.135   819   819 D LifecycleMonitor: Lifecycle status change: com.example.trojan0project.BrowseImagesAdmin@28df66f in: DESTROYED
11-06 12:30:27.137  1391  1920 D OneSearchSuggestProvider: Created the binder channel successfully for end point service =com.google.android.apps.search.googleapp.search.suggest.plugins.onesearch.server.OneSearchSuggestService , mChannel=i1{delegate=f{logId=211, target=directaddress:///AndroidComponentAddress%5BIntent%20%7B%20act=grpc.io.action.BIND%20cmp=com.google.android.googlequicksearchbox/com.google.android.apps.search.googleapp.search.suggest.plugins.onesearch.server.OneSearchSuggestService%20%7D%5D}} , mOneSearchConnection=l2.Z@6040690
11-06 12:30:27.137   819   819 V ActivityScenario: Update currentActivityStage to DESTROYED, currentActivity=null
11-06 12:30:27.140   819   819 W WindowOnBackDispatcher: sendCancelIfRunning: isInProgress=false callback=android.view.ViewRootImpl$$ExternalSyntheticLambda11@4fe5904
11-06 12:30:27.141   819   862 I TestRunner: finished: testGetEventImages(com.example.trojan0project.BrowseImagesAdminTest)
