11-06 16:53:37.269 10250 10262 I artd    : OatFileAssistant test for existing oat file /data/user_de/0/com.google.android.gms/app_chimera/m/0000003a/oat/x86_64/dl-Appsearch.optional_244232100800.vdex: File /data/user_de/0/com.google.android.gms/app_chimera/m/0000003a/oat/x86_64/dl-Appsearch.optional_244232100800.vdex does not exist.
11-06 16:53:37.269 10250 10262 I artd    : GetBestInfo checking dm (/data/user_de/0/com.google.android.gms/app_chimera/m/0000003a/dl-Appsearch.optional_244232100800.dm)
11-06 16:53:37.269 10250 10262 W ziparchive: Unable to open '/data/user_de/0/com.google.android.gms/app_chimera/m/0000003a/dl-Appsearch.optional_244232100800.dm': No such file or directory
11-06 16:53:37.269 10250 10262 I artd    : OatFileAssistant test for existing oat file /data/user_de/0/com.google.android.gms/app_chimera/m/0000003a/dl-Appsearch.optional_244232100800.dm: I/O error
11-06 16:53:37.269 10250 10262 I artd    : GetBestInfo checking dm (/data/user_de/0/com.google.android.gms/app_chimera/m/0000003a/dl-Appsearch.optional_244232100800.dm)
11-06 16:53:37.269 10250 10262 W ziparchive: Unable to open '/data/user_de/0/com.google.android.gms/app_chimera/m/0000003a/dl-Appsearch.optional_244232100800.dm': No such file or directory
11-06 16:53:37.270 10250 10262 I artd    : OatFileAssistant test for existing oat file /data/user_de/0/com.google.android.gms/app_chimera/m/0000003a/dl-Appsearch.optional_244232100800.dm: I/O error
11-06 16:53:37.270 10250 10262 I artd    : GetBestInfo no usable artifacts
11-06 16:53:37.277 10250 10262 I artd    : Dex parent of /data/user_de/0/com.google.android.gms/app_chimera/m/00000011/dl-TfliteDynamiteDynamite.integ_242327804100800.apk is not writable: Permission denied
11-06 16:53:37.277 10250 10262 I artd    : GetBestInfo checking odex in dalvik-cache (/data/dalvik-cache/x86_64/data@user_de@0@com.google.android.gms@app_chimera@m@00000011@dl-TfliteDynamiteDynamite.integ_242327804100800.apk@classes.dex)
11-06 16:53:37.277 10250 10262 I artd    : Loading /data/dalvik-cache/x86_64/data@user_de@0@com.google.android.gms@app_chimera@m@00000011@dl-TfliteDynamiteDynamite.integ_242327804100800.apk@classes.dex with executable: 0
11-06 16:53:37.277 10250 10262 I artd    : OatFileAssistant test for existing oat file /data/dalvik-cache/x86_64/data@user_de@0@com.google.android.gms@app_chimera@m@00000011@dl-TfliteDynamiteDynamite.integ_242327804100800.apk@classes.dex: File /data/dalvik-cache/x86_64/data@user_de@0@com.google.android.gms@app_chimera@m@00000011@dl-TfliteDynamiteDynamite.integ_242327804100800.apk@classes.vdex does not exist.
11-06 16:53:37.277 10250 10262 I artd    : GetBestInfo checking odex next to the dex file (/data/user_de/0/com.google.android.gms/app_chimera/m/00000011/oat/x86_64/dl-TfliteDynamiteDynamite.integ_242327804100800.odex)
11-06 16:53:37.277 10250 10262 I artd    : Loading /data/user_de/0/com.google.android.gms/app_chimera/m/00000011/oat/x86_64/dl-TfliteDynamiteDynamite.integ_242327804100800.odex with executable: 0
11-06 16:53:37.278 10250 10262 I artd    : OatFileAssistant test for existing oat file /data/user_de/0/com.google.android.gms/app_chimera/m/00000011/oat/x86_64/dl-TfliteDynamiteDynamite.integ_242327804100800.odex: File /data/user_de/0/com.google.android.gms/app_chimera/m/00000011/oat/x86_64/dl-TfliteDynamiteDynamite.integ_242327804100800.vdex does not exist.
11-06 16:53:37.278 10250 10262 I artd    : GetBestInfo checking vdex in dalvik-cache (/data/dalvik-cache/x86_64/data@user_de@0@com.google.android.gms@app_chimera@m@00000011@dl-TfliteDynamiteDynamite.integ_242327804100800.apk@classes.vdex)
11-06 16:53:37.278 10250 10262 I artd    : unable to open vdex file /data/dalvik-cache/x86_64/data@user_de@0@com.google.android.gms@app_chimera@m@00000011@dl-TfliteDynamiteDynamite.integ_242327804100800.apk@classes.vdex: File /data/dalvik-cache/x86_64/data@user_de@0@com.google.android.gms@app_chimera@m@00000011@dl-TfliteDynamiteDynamite.integ_242327804100800.apk@classes.vdex does not exist.
11-06 16:53:37.278 10250 10262 I artd    : OatFileAssistant test for existing oat file /data/dalvik-cache/x86_64/data@user_de@0@com.google.android.gms@app_chimera@m@00000011@dl-TfliteDynamiteDynamite.integ_242327804100800.apk@classes.vdex: File /data/dalvik-cache/x86_64/data@user_de@0@com.google.android.gms@app_chimera@m@00000011@dl-TfliteDynamiteDynamite.integ_242327804100800.apk@classes.vdex does not exist.
11-06 16:53:37.278 10250 10262 I artd    : GetBestInfo checking vdex next to the dex file (/data/user_de/0/com.google.android.gms/app_chimera/m/00000011/oat/x86_64/dl-TfliteDynamiteDynamite.integ_242327804100800.vdex)
11-06 16:53:37.278 10250 10262 I artd    : unable to open vdex file /data/user_de/0/com.google.android.gms/app_chimera/m/00000011/oat/x86_64/dl-TfliteDynamiteDynamite.integ_242327804100800.vdex: File /data/user_de/0/com.google.android.gms/app_chimera/m/00000011/oat/x86_64/dl-TfliteDynamiteDynamite.integ_242327804100800.vdex does not exist.
11-06 16:53:37.279 10250 10262 I artd    : OatFileAssistant test for existing oat file /data/user_de/0/com.google.android.gms/app_chimera/m/00000011/oat/x86_64/dl-TfliteDynamiteDynamite.integ_242327804100800.vdex: File /data/user_de/0/com.google.android.gms/app_chimera/m/00000011/oat/x86_64/dl-TfliteDynamiteDynamite.integ_242327804100800.vdex does not exist.
11-06 16:53:37.279 10250 10262 I artd    : GetBestInfo checking dm (/data/user_de/0/com.google.android.gms/app_chimera/m/00000011/dl-TfliteDynamiteDynamite.integ_242327804100800.dm)
11-06 16:53:37.279 10250 10262 W ziparchive: Unable to open '/data/user_de/0/com.google.android.gms/app_chimera/m/00000011/dl-TfliteDynamiteDynamite.integ_242327804100800.dm': No such file or directory
11-06 16:53:37.279 10250 10262 I artd    : OatFileAssistant test for existing oat file /data/user_de/0/com.google.android.gms/app_chimera/m/00000011/dl-TfliteDynamiteDynamite.integ_242327804100800.dm: I/O error
11-06 16:53:37.279 10250 10262 I artd    : GetBestInfo checking dm (/data/user_de/0/com.google.android.gms/app_chimera/m/00000011/dl-TfliteDynamiteDynamite.integ_242327804100800.dm)
11-06 16:53:37.279 10250 10262 W ziparchive: Unable to open '/data/user_de/0/com.google.android.gms/app_chimera/m/00000011/dl-TfliteDynamiteDynamite.integ_242327804100800.dm': No such file or directory
11-06 16:53:37.279 10250 10262 I artd    : OatFileAssistant test for existing oat file /data/user_de/0/com.google.android.gms/app_chimera/m/00000011/dl-TfliteDynamiteDynamite.integ_242327804100800.dm: I/O error
11-06 16:53:37.279 10250 10262 I artd    : GetBestInfo no usable artifacts
11-06 16:53:37.284 10250 10262 W artd    : Could not get dex checksums for location /data/app/~~DqVmOaZNkxrL4_oTklthng==/com.google.android.gms-GZJHAHmBdGLJJYwomCrcBQ==/base.apk, fd=-1
11-06 16:53:37.287 10250 10262 W artd    : Could not get dex checksums for location /data/app/~~DqVmOaZNkxrL4_oTklthng==/com.google.android.gms-GZJHAHmBdGLJJYwomCrcBQ==/base.apk, fd=-1
11-06 16:53:37.294 10250 10262 I artd    : Dex parent of /data/user/0/com.google.android.gms/app_dg_cache/90AE3F3FCAD000F8233B179CB087444586410687/the.apk is not writable: Permission denied
11-06 16:53:37.294 10250 10262 I artd    : GetBestInfo checking odex in dalvik-cache (/data/dalvik-cache/x86_64/data@user@0@com.google.android.gms@app_dg_cache@90AE3F3FCAD000F8233B179CB087444586410687@the.apk@classes.dex)
11-06 16:53:37.294 10250 10262 I artd    : Loading /data/dalvik-cache/x86_64/data@user@0@com.google.android.gms@app_dg_cache@90AE3F3FCAD000F8233B179CB087444586410687@the.apk@classes.dex with executable: 0
11-06 16:53:37.294 10250 10262 I artd    : OatFileAssistant test for existing oat file /data/dalvik-cache/x86_64/data@user@0@com.google.android.gms@app_dg_cache@90AE3F3FCAD000F8233B179CB087444586410687@the.apk@classes.dex: File /data/dalvik-cache/x86_64/data@user@0@com.google.android.gms@app_dg_cache@90AE3F3FCAD000F8233B179CB087444586410687@the.apk@classes.vdex does not exist.
11-06 16:53:37.294 10250 10262 I artd    : GetBestInfo checking odex next to the dex file (/data/user/0/com.google.android.gms/app_dg_cache/90AE3F3FCAD000F8233B179CB087444586410687/oat/x86_64/the.odex)
11-06 16:53:37.294 10250 10262 I artd    : Loading /data/user/0/com.google.android.gms/app_dg_cache/90AE3F3FCAD000F8233B179CB087444586410687/oat/x86_64/the.odex with executable: 0
11-06 16:53:37.296 10250 10262 I artd    : OatFileAssistant test for existing oat file /data/user/0/com.google.android.gms/app_dg_cache/90AE3F3FCAD000F8233B179CB087444586410687/oat/x86_64/the.odex: Failed to open oat filename for reading: No such file or directory
11-06 16:53:37.296 10250 10262 I artd    : GetBestInfo checking vdex in dalvik-cache (/data/dalvik-cache/x86_64/data@user@0@com.google.android.gms@app_dg_cache@90AE3F3FCAD000F8233B179CB087444586410687@the.apk@classes.vdex)
11-06 16:53:37.296 10250 10262 I artd    : unable to open vdex file /data/dalvik-cache/x86_64/data@user@0@com.google.android.gms@app_dg_cache@90AE3F3FCAD000F8233B179CB087444586410687@the.apk@classes.vdex: File /data/dalvik-cache/x86_64/data@user@0@com.google.android.gms@app_dg_cache@90AE3F3FCAD000F8233B179CB087444586410687@the.apk@classes.vdex does not exist.
11-06 16:53:37.296 10250 10262 I artd    : OatFileAssistant test for existing oat file /data/dalvik-cache/x86_64/data@user@0@com.google.android.gms@app_dg_cache@90AE3F3FCAD000F8233B179CB087444586410687@the.apk@classes.vdex: File /data/dalvik-cache/x86_64/data@user@0@com.google.android.gms@app_dg_cache@90AE3F3FCAD000F8233B179CB087444586410687@the.apk@classes.vdex does not exist.
11-06 16:53:37.296 10250 10262 I artd    : GetBestInfo checking vdex next to the dex file (/data/user/0/com.google.android.gms/app_dg_cache/90AE3F3FCAD000F8233B179CB087444586410687/oat/x86_64/the.vdex)
11-06 16:53:37.299 10250 10262 I artd    : Successfully loaded /data/user/0/com.google.android.gms/app_dg_cache/90AE3F3FCAD000F8233B179CB087444586410687/oat/x86_64/the.vdex with executable: 0
11-06 16:53:37.299 10250 10262 I artd    : Image checksum test skipped for vdex file /data/user/0/com.google.android.gms/app_dg_cache/90AE3F3FCAD000F8233B179CB087444586410687/oat/x86_64/the.vdex
11-06 16:53:37.299 10250 10262 I artd    : /data/user/0/com.google.android.gms/app_dg_cache/90AE3F3FCAD000F8233B179CB087444586410687/oat/x86_64/the.vdex is kOatUpToDate with filter verify
11-06 16:53:37.304 10250 10262 I artd    : Dex parent of /data/user/0/com.google.android.gms/app_dg_cache/767C80E8F058176755681357D58D674C43C6DDB3/the.apk is not writable: Permission denied
11-06 16:53:37.304 10250 10262 I artd    : GetBestInfo checking odex in dalvik-cache (/data/dalvik-cache/x86_64/data@user@0@com.google.android.gms@app_dg_cache@767C80E8F058176755681357D58D674C43C6DDB3@the.apk@classes.dex)
11-06 16:53:37.304 10250 10262 I artd    : Loading /data/dalvik-cache/x86_64/data@user@0@com.google.android.gms@app_dg_cache@767C80E8F058176755681357D58D674C43C6DDB3@the.apk@classes.dex with executable: 0
11-06 16:53:37.304 10250 10262 I artd    : OatFileAssistant test for existing oat file /data/dalvik-cache/x86_64/data@user@0@com.google.android.gms@app_dg_cache@767C80E8F058176755681357D58D674C43C6DDB3@the.apk@classes.dex: File /data/dalvik-cache/x86_64/data@user@0@com.google.android.gms@app_dg_cache@767C80E8F058176755681357D58D674C43C6DDB3@the.apk@classes.vdex does not exist.
11-06 16:53:37.305 10250 10262 I artd    : GetBestInfo checking odex next to the dex file (/data/user/0/com.google.android.gms/app_dg_cache/767C80E8F058176755681357D58D674C43C6DDB3/oat/x86_64/the.odex)
11-06 16:53:37.305 10250 10262 I artd    : Loading /data/user/0/com.google.android.gms/app_dg_cache/767C80E8F058176755681357D58D674C43C6DDB3/oat/x86_64/the.odex with executable: 0
11-06 16:53:37.309 10250 10262 I artd    : OatFileAssistant test for existing oat file /data/user/0/com.google.android.gms/app_dg_cache/767C80E8F058176755681357D58D674C43C6DDB3/oat/x86_64/the.odex: Failed to open oat filename for reading: No such file or directory
11-06 16:53:37.309 10250 10262 I artd    : GetBestInfo checking vdex in dalvik-cache (/data/dalvik-cache/x86_64/data@user@0@com.google.android.gms@app_dg_cache@767C80E8F058176755681357D58D674C43C6DDB3@the.apk@classes.vdex)
11-06 16:53:37.309 10250 10262 I artd    : unable to open vdex file /data/dalvik-cache/x86_64/data@user@0@com.google.android.gms@app_dg_cache@767C80E8F058176755681357D58D674C43C6DDB3@the.apk@classes.vdex: File /data/dalvik-cache/x86_64/data@user@0@com.google.android.gms@app_dg_cache@767C80E8F058176755681357D58D674C43C6DDB3@the.apk@classes.vdex does not exist.
11-06 16:53:37.309 10250 10262 I artd    : OatFileAssistant test for existing oat file /data/dalvik-cache/x86_64/data@user@0@com.google.android.gms@app_dg_cache@767C80E8F058176755681357D58D674C43C6DDB3@the.apk@classes.vdex: File /data/dalvik-cache/x86_64/data@user@0@com.google.android.gms@app_dg_cache@767C80E8F058176755681357D58D674C43C6DDB3@the.apk@classes.vdex does not exist.
11-06 16:53:37.309 10250 10262 I artd    : GetBestInfo checking vdex next to the dex file (/data/user/0/com.google.android.gms/app_dg_cache/767C80E8F058176755681357D58D674C43C6DDB3/oat/x86_64/the.vdex)
11-06 16:53:37.312 10250 10262 I artd    : Successfully loaded /data/user/0/com.google.android.gms/app_dg_cache/767C80E8F058176755681357D58D674C43C6DDB3/oat/x86_64/the.vdex with executable: 0
11-06 16:53:37.312 10250 10262 I artd    : Image checksum test skipped for vdex file /data/user/0/com.google.android.gms/app_dg_cache/767C80E8F058176755681357D58D674C43C6DDB3/oat/x86_64/the.vdex
11-06 16:53:37.312 10250 10262 I artd    : /data/user/0/com.google.android.gms/app_dg_cache/767C80E8F058176755681357D58D674C43C6DDB3/oat/x86_64/the.vdex is kOatUpToDate with filter verify
11-06 16:53:37.312 10250 10262 W artd    : Could not get dex checksums for location /data/app/~~DqVmOaZNkxrL4_oTklthng==/com.google.android.gms-GZJHAHmBdGLJJYwomCrcBQ==/base.apk, fd=-1
11-06 16:53:37.319 10250 10262 I artd    : Dex parent of /data/user/0/com.google.android.gms/app_dg_cache/91C11B5585A87435E55B65CF91FBFC7E697741BB/the.apk is not writable: Permission denied
11-06 16:53:37.319 10250 10262 I artd    : GetBestInfo checking odex in dalvik-cache (/data/dalvik-cache/x86_64/data@user@0@com.google.android.gms@app_dg_cache@91C11B5585A87435E55B65CF91FBFC7E697741BB@the.apk@classes.dex)
11-06 16:53:37.319 10250 10262 I artd    : Loading /data/dalvik-cache/x86_64/data@user@0@com.google.android.gms@app_dg_cache@91C11B5585A87435E55B65CF91FBFC7E697741BB@the.apk@classes.dex with executable: 0
11-06 16:53:37.319 10250 10262 I artd    : OatFileAssistant test for existing oat file /data/dalvik-cache/x86_64/data@user@0@com.google.android.gms@app_dg_cache@91C11B5585A87435E55B65CF91FBFC7E697741BB@the.apk@classes.dex: File /data/dalvik-cache/x86_64/data@user@0@com.google.android.gms@app_dg_cache@91C11B5585A87435E55B65CF91FBFC7E697741BB@the.apk@classes.vdex does not exist.
11-06 16:53:37.319 10250 10262 I artd    : GetBestInfo checking odex next to the dex file (/data/user/0/com.google.android.gms/app_dg_cache/91C11B5585A87435E55B65CF91FBFC7E697741BB/oat/x86_64/the.odex)
11-06 16:53:37.319 10250 10262 I artd    : Loading /data/user/0/com.google.android.gms/app_dg_cache/91C11B5585A87435E55B65CF91FBFC7E697741BB/oat/x86_64/the.odex with executable: 0
11-06 16:53:37.321 10250 10262 I artd    : OatFileAssistant test for existing oat file /data/user/0/com.google.android.gms/app_dg_cache/91C11B5585A87435E55B65CF91FBFC7E697741BB/oat/x86_64/the.odex: Failed to open oat filename for reading: No such file or directory
11-06 16:53:37.321 10250 10262 I artd    : GetBestInfo checking vdex in dalvik-cache (/data/dalvik-cache/x86_64/data@user@0@com.google.android.gms@app_dg_cache@91C11B5585A87435E55B65CF91FBFC7E697741BB@the.apk@classes.vdex)
11-06 16:53:37.321 10250 10262 I artd    : unable to open vdex file /data/dalvik-cache/x86_64/data@user@0@com.google.android.gms@app_dg_cache@91C11B5585A87435E55B65CF91FBFC7E697741BB@the.apk@classes.vdex: File /data/dalvik-cache/x86_64/data@user@0@com.google.android.gms@app_dg_cache@91C11B5585A87435E55B65CF91FBFC7E697741BB@the.apk@classes.vdex does not exist.
11-06 16:53:37.322 10250 10262 I artd    : OatFileAssistant test for existing oat file /data/dalvik-cache/x86_64/data@user@0@com.google.android.gms@app_dg_cache@91C11B5585A87435E55B65CF91FBFC7E697741BB@the.apk@classes.vdex: File /data/dalvik-cache/x86_64/data@user@0@com.google.android.gms@app_dg_cache@91C11B5585A87435E55B65CF91FBFC7E697741BB@the.apk@classes.vdex does not exist.
11-06 16:53:37.322 10250 10262 I artd    : GetBestInfo checking vdex next to the dex file (/data/user/0/com.google.android.gms/app_dg_cache/91C11B5585A87435E55B65CF91FBFC7E697741BB/oat/x86_64/the.vdex)
11-06 16:53:37.325 10250 10262 I artd    : Successfully loaded /data/user/0/com.google.android.gms/app_dg_cache/91C11B5585A87435E55B65CF91FBFC7E697741BB/oat/x86_64/the.vdex with executable: 0
11-06 16:53:37.325 10250 10262 I artd    : Image checksum test skipped for vdex file /data/user/0/com.google.android.gms/app_dg_cache/91C11B5585A87435E55B65CF91FBFC7E697741BB/oat/x86_64/the.vdex
11-06 16:53:37.325 10250 10262 I artd    : /data/user/0/com.google.android.gms/app_dg_cache/91C11B5585A87435E55B65CF91FBFC7E697741BB/oat/x86_64/the.vdex is kOatUpToDate with filter verify
11-06 16:53:37.329 10250 12327 I artd    : Dex parent of /data/user_de/0/com.google.android.gms/app_chimera/m/00000010/dl-BrellaDynamite.optional_243530100800.apk is not writable: No such file or directory
11-06 16:53:37.329 10250 12327 I artd    : GetBestInfo checking odex in dalvik-cache (/data/dalvik-cache/x86_64/data@user_de@0@com.google.android.gms@app_chimera@m@00000010@dl-BrellaDynamite.optional_243530100800.apk@classes.dex)
11-06 16:53:37.329 10250 12327 I artd    : Loading /data/dalvik-cache/x86_64/data@user_de@0@com.google.android.gms@app_chimera@m@00000010@dl-BrellaDynamite.optional_243530100800.apk@classes.dex with executable: 0
11-06 16:53:37.329 10250 12327 I artd    : OatFileAssistant test for existing oat file /data/dalvik-cache/x86_64/data@user_de@0@com.google.android.gms@app_chimera@m@00000010@dl-BrellaDynamite.optional_243530100800.apk@classes.dex: File /data/dalvik-cache/x86_64/data@user_de@0@com.google.android.gms@app_chimera@m@00000010@dl-BrellaDynamite.optional_243530100800.apk@classes.vdex does not exist.
11-06 16:53:37.329 10250 12327 I artd    : GetBestInfo checking odex next to the dex file (/data/user_de/0/com.google.android.gms/app_chimera/m/00000010/oat/x86_64/dl-BrellaDynamite.optional_243530100800.odex)
11-06 16:53:37.329 10250 12327 I artd    : Loading /data/user_de/0/com.google.android.gms/app_chimera/m/00000010/oat/x86_64/dl-BrellaDynamite.optional_243530100800.odex with executable: 0
11-06 16:53:37.330 10250 12327 I artd    : OatFileAssistant test for existing oat file /data/user_de/0/com.google.android.gms/app_chimera/m/00000010/oat/x86_64/dl-BrellaDynamite.optional_243530100800.odex: File /data/user_de/0/com.google.android.gms/app_chimera/m/00000010/oat/x86_64/dl-BrellaDynamite.optional_243530100800.vdex does not exist.
11-06 16:53:37.330 10250 12327 I artd    : GetBestInfo checking vdex in dalvik-cache (/data/dalvik-cache/x86_64/data@user_de@0@com.google.android.gms@app_chimera@m@00000010@dl-BrellaDynamite.optional_243530100800.apk@classes.vdex)
11-06 16:53:37.330 10250 12327 I artd    : unable to open vdex file /data/dalvik-cache/x86_64/data@user_de@0@com.google.android.gms@app_chimera@m@00000010@dl-BrellaDynamite.optional_243530100800.apk@classes.vdex: File /data/dalvik-cache/x86_64/data@user_de@0@com.google.android.gms@app_chimera@m@00000010@dl-BrellaDynamite.optional_243530100800.apk@classes.vdex does not exist.
11-06 16:53:37.330 10250 12327 I artd    : OatFileAssistant test for existing oat file /data/dalvik-cache/x86_64/data@user_de@0@com.google.android.gms@app_chimera@m@00000010@dl-BrellaDynamite.optional_243530100800.apk@classes.vdex: File /data/dalvik-cache/x86_64/data@user_de@0@com.google.android.gms@app_chimera@m@00000010@dl-BrellaDynamite.optional_243530100800.apk@classes.vdex does not exist.
11-06 16:53:37.330 10250 12327 I artd    : GetBestInfo checking vdex next to the dex file (/data/user_de/0/com.google.android.gms/app_chimera/m/00000010/oat/x86_64/dl-BrellaDynamite.optional_243530100800.vdex)
11-06 16:53:37.330 10250 12327 I artd    : unable to open vdex file /data/user_de/0/com.google.android.gms/app_chimera/m/00000010/oat/x86_64/dl-BrellaDynamite.optional_243530100800.vdex: File /data/user_de/0/com.google.android.gms/app_chimera/m/00000010/oat/x86_64/dl-BrellaDynamite.optional_243530100800.vdex does not exist.
11-06 16:53:37.330 10250 12327 I artd    : OatFileAssistant test for existing oat file /data/user_de/0/com.google.android.gms/app_chimera/m/00000010/oat/x86_64/dl-BrellaDynamite.optional_243530100800.vdex: File /data/user_de/0/com.google.android.gms/app_chimera/m/00000010/oat/x86_64/dl-BrellaDynamite.optional_243530100800.vdex does not exist.
11-06 16:53:37.330 10250 12327 I artd    : GetBestInfo checking dm (/data/user_de/0/com.google.android.gms/app_chimera/m/00000010/dl-BrellaDynamite.optional_243530100800.dm)
11-06 16:53:37.330 10250 12327 W ziparchive: Unable to open '/data/user_de/0/com.google.android.gms/app_chimera/m/00000010/dl-BrellaDynamite.optional_243530100800.dm': No such file or directory
11-06 16:53:37.330 10250 12327 I artd    : OatFileAssistant test for existing oat file /data/user_de/0/com.google.android.gms/app_chimera/m/00000010/dl-BrellaDynamite.optional_243530100800.dm: I/O error
11-06 16:53:37.330 10250 12327 I artd    : GetBestInfo checking dm (/data/user_de/0/com.google.android.gms/app_chimera/m/00000010/dl-BrellaDynamite.optional_243530100800.dm)
11-06 16:53:37.330 10250 12327 W ziparchive: Unable to open '/data/user_de/0/com.google.android.gms/app_chimera/m/00000010/dl-BrellaDynamite.optional_243530100800.dm': No such file or directory
11-06 16:53:37.330 10250 12327 I artd    : OatFileAssistant test for existing oat file /data/user_de/0/com.google.android.gms/app_chimera/m/00000010/dl-BrellaDynamite.optional_243530100800.dm: I/O error
11-06 16:53:37.330 10250 12327 I artd    : GetBestInfo no usable artifacts
11-06 16:53:37.335 10250 12327 I artd    : Dex parent of /data/user_de/0/com.google.android.gms/app_chimera/m/00000037/dl-VisionOcr.optional_244232100000.apk is not writable: Permission denied
11-06 16:53:37.335 10250 12327 I artd    : GetBestInfo checking odex in dalvik-cache (/data/dalvik-cache/x86_64/data@user_de@0@com.google.android.gms@app_chimera@m@00000037@dl-VisionOcr.optional_244232100000.apk@classes.dex)
11-06 16:53:37.335 10250 12327 I artd    : Loading /data/dalvik-cache/x86_64/data@user_de@0@com.google.android.gms@app_chimera@m@00000037@dl-VisionOcr.optional_244232100000.apk@classes.dex with executable: 0
11-06 16:53:37.336 10250 12327 I artd    : OatFileAssistant test for existing oat file /data/dalvik-cache/x86_64/data@user_de@0@com.google.android.gms@app_chimera@m@00000037@dl-VisionOcr.optional_244232100000.apk@classes.dex: File /data/dalvik-cache/x86_64/data@user_de@0@com.google.android.gms@app_chimera@m@00000037@dl-VisionOcr.optional_244232100000.apk@classes.vdex does not exist.
11-06 16:53:37.336 10250 12327 I artd    : GetBestInfo checking odex next to the dex file (/data/user_de/0/com.google.android.gms/app_chimera/m/00000037/oat/x86_64/dl-VisionOcr.optional_244232100000.odex)
11-06 16:53:37.336 10250 12327 I artd    : Loading /data/user_de/0/com.google.android.gms/app_chimera/m/00000037/oat/x86_64/dl-VisionOcr.optional_244232100000.odex with executable: 0
11-06 16:53:37.337 10250 12327 I artd    : OatFileAssistant test for existing oat file /data/user_de/0/com.google.android.gms/app_chimera/m/00000037/oat/x86_64/dl-VisionOcr.optional_244232100000.odex: File /data/user_de/0/com.google.android.gms/app_chimera/m/00000037/oat/x86_64/dl-VisionOcr.optional_244232100000.vdex does not exist.
11-06 16:53:37.337 10250 12327 I artd    : GetBestInfo checking vdex in dalvik-cache (/data/dalvik-cache/x86_64/data@user_de@0@com.google.android.gms@app_chimera@m@00000037@dl-VisionOcr.optional_244232100000.apk@classes.vdex)
11-06 16:53:37.337 10250 12327 I artd    : unable to open vdex file /data/dalvik-cache/x86_64/data@user_de@0@com.google.android.gms@app_chimera@m@00000037@dl-VisionOcr.optional_244232100000.apk@classes.vdex: File /data/dalvik-cache/x86_64/data@user_de@0@com.google.android.gms@app_chimera@m@00000037@dl-VisionOcr.optional_244232100000.apk@classes.vdex does not exist.
11-06 16:53:37.337 10250 12327 I artd    : OatFileAssistant test for existing oat file /data/dalvik-cache/x86_64/data@user_de@0@com.google.android.gms@app_chimera@m@00000037@dl-VisionOcr.optional_244232100000.apk@classes.vdex: File /data/dalvik-cache/x86_64/data@user_de@0@com.google.android.gms@app_chimera@m@00000037@dl-VisionOcr.optional_244232100000.apk@classes.vdex does not exist.
11-06 16:53:37.337 10250 12327 I artd    : GetBestInfo checking vdex next to the dex file (/data/user_de/0/com.google.android.gms/app_chimera/m/00000037/oat/x86_64/dl-VisionOcr.optional_244232100000.vdex)
11-06 16:53:37.337 10250 12327 I artd    : unable to open vdex file /data/user_de/0/com.google.android.gms/app_chimera/m/00000037/oat/x86_64/dl-VisionOcr.optional_244232100000.vdex: File /data/user_de/0/com.google.android.gms/app_chimera/m/00000037/oat/x86_64/dl-VisionOcr.optional_244232100000.vdex does not exist.
11-06 16:53:37.337 10250 12327 I artd    : OatFileAssistant test for existing oat file /data/user_de/0/com.google.android.gms/app_chimera/m/00000037/oat/x86_64/dl-VisionOcr.optional_244232100000.vdex: File /data/user_de/0/com.google.android.gms/app_chimera/m/00000037/oat/x86_64/dl-VisionOcr.optional_244232100000.vdex does not exist.
11-06 16:53:37.337 10250 12327 I artd    : GetBestInfo checking dm (/data/user_de/0/com.google.android.gms/app_chimera/m/00000037/dl-VisionOcr.optional_244232100000.dm)
11-06 16:53:37.337 10250 12327 W ziparchive: Unable to open '/data/user_de/0/com.google.android.gms/app_chimera/m/00000037/dl-VisionOcr.optional_244232100000.dm': No such file or directory
11-06 16:53:37.338 10250 12327 I artd    : OatFileAssistant test for existing oat file /data/user_de/0/com.google.android.gms/app_chimera/m/00000037/dl-VisionOcr.optional_244232100000.dm: I/O error
11-06 16:53:37.338 10250 12327 I artd    : GetBestInfo checking dm (/data/user_de/0/com.google.android.gms/app_chimera/m/00000037/dl-VisionOcr.optional_244232100000.dm)
11-06 16:53:37.338 10250 12327 W ziparchive: Unable to open '/data/user_de/0/com.google.android.gms/app_chimera/m/00000037/dl-VisionOcr.optional_244232100000.dm': No such file or directory
11-06 16:53:37.338 10250 12327 I artd    : OatFileAssistant test for existing oat file /data/user_de/0/com.google.android.gms/app_chimera/m/00000037/dl-VisionOcr.optional_244232100000.dm: I/O error
11-06 16:53:37.338 10250 12327 I artd    : GetBestInfo no usable artifacts
11-06 16:53:37.340 10025 15448 W android.hardware.audio@7.1-impl.ranchu: pcmWrite:259 pcm_writei failed with 'cannot read/write stream data: I/O error' (-1)
11-06 16:53:37.340 10025 15448 E android.hardware.audio@7.1-impl.ranchu: pcmWrite:260 failure: -1
11-06 16:53:37.342 10250 12327 W artd    : Could not get dex checksums for location /data/app/~~DqVmOaZNkxrL4_oTklthng==/com.google.android.gms-GZJHAHmBdGLJJYwomCrcBQ==/base.apk, fd=-1
11-06 16:53:37.346 10250 12327 W artd    : Could not get dex checksums for location /data/app/~~ect_rOLSUOskWzOv9aGmCQ==/com.android.vending-sMRiFBpae2RrLpdnOZvUag==/base.apk, fd=-1
11-06 16:53:37.349 10250 12327 W artd    : Could not get dex checksums for location /data/app/~~DqVmOaZNkxrL4_oTklthng==/com.google.android.gms-GZJHAHmBdGLJJYwomCrcBQ==/base.apk, fd=-1
11-06 16:53:37.444 10025 15448 W android.hardware.audio@7.1-impl.ranchu: pcmWrite:259 pcm_writei failed with 'cannot read/write stream data: I/O error' (-1)
11-06 16:53:37.444 10025 15448 E android.hardware.audio@7.1-impl.ranchu: pcmWrite:260 failure: -1
11-06 16:53:37.550 10025 15448 W android.hardware.audio@7.1-impl.ranchu: pcmWrite:259 pcm_writei failed with 'cannot read/write stream data: I/O error' (-1)
11-06 16:53:37.550 10025 15448 E android.hardware.audio@7.1-impl.ranchu: pcmWrite:260 failure: -1
11-06 16:53:37.653 10025 15448 W android.hardware.audio@7.1-impl.ranchu: pcmWrite:259 pcm_writei failed with 'cannot read/write stream data: I/O error' (-1)
11-06 16:53:37.653 10025 15448 E android.hardware.audio@7.1-impl.ranchu: pcmWrite:260 failure: -1
11-06 16:53:37.757 10025 15448 W android.hardware.audio@7.1-impl.ranchu: pcmWrite:259 pcm_writei failed with 'cannot read/write stream data: I/O error' (-1)
11-06 16:53:37.757 10025 15448 E android.hardware.audio@7.1-impl.ranchu: pcmWrite:260 failure: -1
11-06 16:53:37.861 10025 15448 W android.hardware.audio@7.1-impl.ranchu: pcmWrite:259 pcm_writei failed with 'cannot read/write stream data: I/O error' (-1)
11-06 16:53:37.861 10025 15448 E android.hardware.audio@7.1-impl.ranchu: pcmWrite:260 failure: -1
11-06 16:53:37.965 10025 15448 W android.hardware.audio@7.1-impl.ranchu: pcmWrite:259 pcm_writei failed with 'cannot read/write stream data: I/O error' (-1)
11-06 16:53:37.965 10025 15448 E android.hardware.audio@7.1-impl.ranchu: pcmWrite:260 failure: -1
11-06 16:53:37.983 10091 10238 D InetDiagMessage: Destroyed 0 sockets, proto=IPPROTO_TCP, family=AF_INET, states=14
11-06 16:53:37.985 10091 10238 D InetDiagMessage: Destroyed 0 sockets, proto=IPPROTO_TCP, family=AF_INET6, states=14
11-06 16:53:37.985 10091 10238 D InetDiagMessage: Destroyed live tcp sockets for uids={10201} in 4ms
11-06 16:53:38.069 10025 15448 W android.hardware.audio@7.1-impl.ranchu: pcmWrite:259 pcm_writei failed with 'cannot read/write stream data: I/O error' (-1)
11-06 16:53:38.069 10025 15448 E android.hardware.audio@7.1-impl.ranchu: pcmWrite:260 failure: -1
11-06 16:53:38.173 10025 15448 W android.hardware.audio@7.1-impl.ranchu: pcmWrite:259 pcm_writei failed with 'cannot read/write stream data: I/O error' (-1)
11-06 16:53:38.173 10025 15448 E android.hardware.audio@7.1-impl.ranchu: pcmWrite:260 failure: -1
11-06 16:53:38.223 10091 10238 D InetDiagMessage: Destroyed 0 sockets, proto=IPPROTO_TCP, family=AF_INET, states=14
11-06 16:53:38.225 15389 15407 D EGL_emulation: app_time_stats: avg=793.81ms min=2.74ms max=1584.88ms count=2
11-06 16:53:38.227 10091 10238 D InetDiagMessage: Destroyed 0 sockets, proto=IPPROTO_TCP, family=AF_INET6, states=14
11-06 16:53:38.227 10091 10238 D InetDiagMessage: Destroyed live tcp sockets for uids={10102} in 6ms
11-06 16:53:38.276 10025 15448 W android.hardware.audio@7.1-impl.ranchu: pcmWrite:259 pcm_writei failed with 'cannot read/write stream data: I/O error' (-1)
11-06 16:53:38.276 10025 15448 E android.hardware.audio@7.1-impl.ranchu: pcmWrite:260 failure: -1
11-06 16:53:38.381 10025 15448 W android.hardware.audio@7.1-impl.ranchu: pcmWrite:259 pcm_writei failed with 'cannot read/write stream data: I/O error' (-1)
11-06 16:53:38.381 10025 15448 E android.hardware.audio@7.1-impl.ranchu: pcmWrite:260 failure: -1
11-06 16:53:38.485 10025 15448 W android.hardware.audio@7.1-impl.ranchu: pcmWrite:259 pcm_writei failed with 'cannot read/write stream data: I/O error' (-1)
11-06 16:53:38.485 10025 15448 E android.hardware.audio@7.1-impl.ranchu: pcmWrite:260 failure: -1
11-06 16:53:38.589 10025 15448 W android.hardware.audio@7.1-impl.ranchu: pcmWrite:259 pcm_writei failed with 'cannot read/write stream data: I/O error' (-1)
11-06 16:53:38.589 10025 15448 E android.hardware.audio@7.1-impl.ranchu: pcmWrite:260 failure: -1
11-06 16:53:38.693 10025 15448 W android.hardware.audio@7.1-impl.ranchu: pcmWrite:259 pcm_writei failed with 'cannot read/write stream data: I/O error' (-1)
11-06 16:53:38.694 10025 15448 E android.hardware.audio@7.1-impl.ranchu: pcmWrite:260 failure: -1
11-06 16:53:38.797 10025 15448 W android.hardware.audio@7.1-impl.ranchu: pcmWrite:259 pcm_writei failed with 'cannot read/write stream data: I/O error' (-1)
11-06 16:53:38.797 10025 15448 E android.hardware.audio@7.1-impl.ranchu: pcmWrite:260 failure: -1
11-06 16:53:38.901 10025 15448 W android.hardware.audio@7.1-impl.ranchu: pcmWrite:259 pcm_writei failed with 'cannot read/write stream data: I/O error' (-1)
11-06 16:53:38.901 10025 15448 E android.hardware.audio@7.1-impl.ranchu: pcmWrite:260 failure: -1
11-06 16:53:38.958 10320 10421 D EGL_emulation: app_time_stats: avg=98.63ms min=1.64ms max=1952.17ms count=21
11-06 16:53:39.005 10025 15448 W android.hardware.audio@7.1-impl.ranchu: pcmWrite:259 pcm_writei failed with 'cannot read/write stream data: I/O error' (-1)
11-06 16:53:39.006 10025 15448 E android.hardware.audio@7.1-impl.ranchu: pcmWrite:260 failure: -1
11-06 16:53:39.096 10025 14408 D android.hardware.audio@7.1-impl.ranchu: threadLoop: entering standby, frames: 320960
11-06 16:53:39.109 10025 15448 W android.hardware.audio@7.1-impl.ranchu: pcmWrite:259 pcm_writei failed with 'cannot read/write stream data: I/O error' (-1)
11-06 16:53:39.109 10025 15448 E android.hardware.audio@7.1-impl.ranchu: pcmWrite:260 failure: -1
11-06 16:53:39.191 10091 11408 W InputManager-JNI: Input channel object 'd48726e Toast (client)' was disposed without first being removed with the input manager!
11-06 16:53:39.282 10091 11408 V GrammaticalInflectionUtils: AttributionSource: android.content.AttributionSource@f2be7d34 does not have READ_SYSTEM_GRAMMATICAL_GENDER permission.
11-06 16:53:39.296 15389 15389 D LifecycleMonitor: Lifecycle status change: com.example.trojan0project.BrowseProfileAdmin@45191fd in: PAUSED
11-06 16:53:39.297 15389 15389 V ActivityScenario: Update currentActivityStage to PAUSED, currentActivity=com.example.trojan0project.BrowseProfileAdmin@45191fd
11-06 16:53:39.312 10091 10115 V GrammaticalInflectionUtils: AttributionSource: android.content.AttributionSource@f2be7d34 does not have READ_SYSTEM_GRAMMATICAL_GENDER permission.
11-06 16:53:39.315 10582 10582 I TopTaskTracker: onTaskMovedToFront: (moved taskInfo to front) taskId=306, baseIntent=Intent { act=android.intent.action.MAIN cat=[android.intent.category.LAUNCHER] flg=0x10000000 cmp=com.example.trojan0project.test/androidx.test.core.app.InstrumentationActivityInvoker$EmptyActivity }
11-06 16:53:39.319   416   416 I BpBinder: onLastStrongRef automatically unlinking death recipients:
11-06 16:53:39.338 10017 10017 D Zygote  : Forked child process 15458
11-06 16:53:39.408 15458 15458 I an0project.test: Late-enabling -Xcheck:jni
11-06 16:53:39.486 10091 10238 D InetDiagMessage: Destroyed 0 sockets, proto=IPPROTO_TCP, family=AF_INET, states=14
11-06 16:53:39.490 10091 10238 D InetDiagMessage: Destroyed 2 sockets, proto=IPPROTO_TCP, family=AF_INET6, states=14
11-06 16:53:39.490 10091 10238 D InetDiagMessage: Destroyed live tcp sockets for uids={10142} in 6ms
11-06 16:53:39.509 15458 15458 I an0project.test: Using CollectorTypeCMC GC.
11-06 16:53:39.513 15458 15458 W an0project.test: Unexpected CPU variant for x86: x86_64.
11-06 16:53:39.513 15458 15458 W an0project.test: Known variants: atom, sandybridge, silvermont, goldmont, goldmont-plus, goldmont-without-sha-xsaves, tremont, kabylake, default
11-06 16:53:39.527   440   455 I adbd    : jdwp connection from 15458
11-06 16:53:39.566 15458 15458 D nativeloader: Load libframework-connectivity-tiramisu-jni.so using APEX ns com_android_tethering for caller /apex/com.android.tethering/javalib/framework-connectivity-t.jar: ok
11-06 16:53:39.608 15458 15458 D nativeloader: Load libstats_jni.so using APEX ns com_android_os_statsd for caller /apex/com.android.os.statsd/javalib/framework-statsd.jar: ok
11-06 16:53:39.610 15458 15458 D CompatChangeReporter: Compat change id reported: 242716250; UID 10216; state: ENABLED
11-06 16:53:39.630 15458 15458 D ApplicationLoaders: Returning zygote-cached class loader: /system/framework/android.test.base.jar
11-06 16:53:39.638 15458 15458 D nativeloader: Configuring clns-7 for other apk /system/framework/android.test.mock.jar. target_sdk_version=34, uses_libraries=ALL, library_path=/data/app/~~YOlTJr_rwqGd1vnfYoMoWA==/com.example.trojan0project.test-35b1HiCgi1Fg8lRSmb9dOg==/lib/x86_64, permitted_path=/data:/mnt/expand:/data/user/0/com.example.trojan0project.test
11-06 16:53:39.645 15458 15458 D ApplicationLoaders: Returning zygote-cached class loader: /system/framework/android.test.base.jar
11-06 16:53:39.655 15458 15458 D nativeloader: Configuring clns-8 for other apk /system/framework/android.test.runner.jar. target_sdk_version=34, uses_libraries=ALL, library_path=/data/app/~~YOlTJr_rwqGd1vnfYoMoWA==/com.example.trojan0project.test-35b1HiCgi1Fg8lRSmb9dOg==/lib/x86_64, permitted_path=/data:/mnt/expand:/data/user/0/com.example.trojan0project.test
11-06 16:53:39.662 15458 15458 W ziparchive: Unable to open '/data/app/~~YOlTJr_rwqGd1vnfYoMoWA==/com.example.trojan0project.test-35b1HiCgi1Fg8lRSmb9dOg==/base.dm': No such file or directory
11-06 16:53:39.662 15458 15458 W ziparchive: Unable to open '/data/app/~~YOlTJr_rwqGd1vnfYoMoWA==/com.example.trojan0project.test-35b1HiCgi1Fg8lRSmb9dOg==/base.dm': No such file or directory
11-06 16:53:39.699 15458 15458 D nativeloader: Configuring clns-9 for other apk /data/app/~~YOlTJr_rwqGd1vnfYoMoWA==/com.example.trojan0project.test-35b1HiCgi1Fg8lRSmb9dOg==/base.apk. target_sdk_version=34, uses_libraries=, library_path=/data/app/~~YOlTJr_rwqGd1vnfYoMoWA==/com.example.trojan0project.test-35b1HiCgi1Fg8lRSmb9dOg==/lib/x86_64, permitted_path=/data:/mnt/expand:/data/user/0/com.example.trojan0project.test
11-06 16:53:39.724 15458 15458 V GraphicsEnvironment: Currently set values for:
11-06 16:53:39.724 15458 15458 V GraphicsEnvironment:   angle_gl_driver_selection_pkgs=[]
11-06 16:53:39.724 15458 15458 V GraphicsEnvironment:   angle_gl_driver_selection_values=[]
11-06 16:53:39.724 15458 15458 V GraphicsEnvironment: Global.Settings values are invalid: number of packages: 0, number of values: 0
11-06 16:53:39.724 15458 15458 V GraphicsEnvironment: Neither updatable production driver nor prerelease driver is supported.
11-06 16:53:39.828 15458 15458 W HWUI    : Unknown dataspace 0
11-06 16:53:39.850 10582 10582 I TopTaskTracker: onTaskMovedToFront: (moved taskInfo to front) taskId=303, baseIntent=Intent { act=android.intent.action.MAIN cat=[android.intent.category.HOME] flg=0x10000100 cmp=com.google.android.apps.nexuslauncher/.NexusLauncherActivity }
11-06 16:53:39.872   416   473 E IPCThreadState: Binder transaction failure. id: 7040590, BR_*: 29189, error: -22 (Invalid argument)
11-06 16:53:39.874   416   473 W ServiceManagerCppClient: Permission failure: android.permission.ACCESS_SURFACE_FLINGER from uid=10216 pid=0
11-06 16:53:39.874   416   473 D PermissionCache: checking android.permission.ACCESS_SURFACE_FLINGER for uid=10216 => denied (5474 us)
11-06 16:53:39.874   416   532 E IPCThreadState: Binder transaction failure. id: 7040608, BR_*: 29189, error: -22 (Invalid argument)
11-06 16:53:39.874   416   473 W ServiceManagerCppClient: Permission failure: android.permission.ROTATE_SURFACE_FLINGER from uid=10216 pid=0
11-06 16:53:39.874   416   532 W ServiceManagerCppClient: Permission failure: android.permission.ACCESS_SURFACE_FLINGER from uid=10216 pid=15458
11-06 16:53:39.875   416   473 D PermissionCache: checking android.permission.ROTATE_SURFACE_FLINGER for uid=10216 => denied (895 us)
11-06 16:53:39.875   416   532 D PermissionCache: checking android.permission.ACCESS_SURFACE_FLINGER for uid=10216 => denied (3440 us)
11-06 16:53:39.875   416   532 W ServiceManagerCppClient: Permission failure: android.permission.INTERNAL_SYSTEM_WINDOW from uid=10216 pid=15458
11-06 16:53:39.875   416   532 D PermissionCache: checking android.permission.INTERNAL_SYSTEM_WINDOW for uid=10216 => denied (235 us)
11-06 16:53:39.875   416   473 W ServiceManagerCppClient: Permission failure: android.permission.INTERNAL_SYSTEM_WINDOW from uid=10216 pid=0
11-06 16:53:39.875   416   473 D PermissionCache: checking android.permission.INTERNAL_SYSTEM_WINDOW for uid=10216 => denied (355 us)
11-06 16:53:39.877 15458 15471 I EGL_emulation: Opening libGLESv1_CM_emulation.so
11-06 16:53:39.879 15458 15471 I EGL_emulation: Opening libGLESv2_emulation.so
11-06 16:53:39.897 15389 15389 D VRI[BrowseProfileAdmin]: visibilityChanged oldVisibility=true newVisibility=false
11-06 16:53:39.934 15389 15394 W .trojan0project: Cleared Reference was only reachable from finalizer (only reported once)
11-06 16:53:39.937 15458 15471 W HWUI    : Failed to choose config with EGL_SWAP_BEHAVIOR_PRESERVED, retrying without...
11-06 16:53:39.937 15458 15471 W HWUI    : Failed to initialize 101010-2 format, error = EGL_SUCCESS
11-06 16:53:39.960   164   164 I hwservicemanager: getTransport: Cannot find entry android.hardware.graphics.mapper@4.0::IMapper/default in either framework or device VINTF manifest.
11-06 16:53:39.961 15458 15471 I Gralloc4: mapper 4.x is not supported
11-06 16:53:40.012 10091 11408 W ServiceManagerCppClient: Permission failure: android.permission.ACCESS_SURFACE_FLINGER from uid=10216 pid=0
11-06 16:53:40.012 10091 11408 D PermissionCache: checking android.permission.ACCESS_SURFACE_FLINGER for uid=10216 => denied (148 us)
11-06 16:53:40.012 10091 11408 W ServiceManagerCppClient: Permission failure: android.permission.ROTATE_SURFACE_FLINGER from uid=10216 pid=0
11-06 16:53:40.012 10091 11408 D PermissionCache: checking android.permission.ROTATE_SURFACE_FLINGER for uid=10216 => denied (75 us)
11-06 16:53:40.012 10091 11408 W ServiceManagerCppClient: Permission failure: android.permission.INTERNAL_SYSTEM_WINDOW from uid=10216 pid=0
11-06 16:53:40.012 10091 11408 D PermissionCache: checking android.permission.INTERNAL_SYSTEM_WINDOW for uid=10216 => denied (103 us)
11-06 16:53:40.024 10582 10582 D StatsLog: LAUNCHER_ONRESUME
11-06 16:53:40.035 10091 10878 W AppSearchIcing: icing-search-engine.cc:321: Error: 5, Message: Document (com.google.android.googlequicksearchbox$OneSearchZeroStateGoogleSuggestions/default, zp) not found.
11-06 16:53:40.036 10582 10582 D NexusLauncherModelDelegate: notifySmartspaceEvent: SmartspaceTargetEvent{mSmartspaceTarget=null, mSmartspaceActionId='null', mEventType=6}
11-06 16:53:40.039 15389 15389 D LifecycleMonitor: Lifecycle status change: com.example.trojan0project.BrowseProfileAdmin@45191fd in: STOPPED
11-06 16:53:40.042 10582 11118 D OneSearchSuggestProvider: AppSearch 0-state cache not available, fallback to AGA
11-06 16:53:40.042 10582 11118 D OneSearchSuggestProvider: java.util.concurrent.CompletionException: java.util.NoSuchElementException: No value present
11-06 16:53:40.042 10582 11118 D OneSearchSuggestProvider: 	at java.util.concurrent.CompletableFuture.encodeThrowable(CompletableFuture.java:308)
11-06 16:53:40.042 10582 11118 D OneSearchSuggestProvider: 	at java.util.concurrent.CompletableFuture.completeThrowable(CompletableFuture.java:323)
11-06 16:53:40.042 10582 11118 D OneSearchSuggestProvider: 	at java.util.concurrent.CompletableFuture$UniAccept.tryFire(CompletableFuture.java:684)
11-06 16:53:40.042 10582 11118 D OneSearchSuggestProvider: 	at java.util.concurrent.CompletableFuture.postComplete(CompletableFuture.java:486)
11-06 16:53:40.042 10582 11118 D OneSearchSuggestProvider: 	at java.util.concurrent.CompletableFuture.completeExceptionally(CompletableFuture.java:2138)
11-06 16:53:40.042 10582 11118 D OneSearchSuggestProvider: 	at com.google.android.apps.nexuslauncher.allapps.E0.onResult(go/retraceme 2855a437b73635ce9cad76b9289087e631bbb67fc90008a0da13d343a00e5041:67)
11-06 16:53:40.042 10582 11118 D OneSearchSuggestProvider: 	at android.app.appsearch.SearchSessionUtil$1.lambda$onResult$0(go/retraceme 64eee9e9f568ff45978879ad2ff83146f2618ee8a88278736fbdf5fae931976e:144)
11-06 16:53:40.042 10582 11118 D OneSearchSuggestProvider: 	at android.app.appsearch.SearchSessionUtil$1.$r8$lambda$CEk3q8sDAQVhU3rQwVueB8FAj_M(go/retraceme 64eee9e9f568ff45978879ad2ff83146f2618ee8a88278736fbdf5fae931976e:1)
11-06 16:53:40.042 10582 11118 D OneSearchSuggestProvider: 	at android.app.appsearch.SearchSessionUtil$1$$ExternalSyntheticLambda0.run(go/retraceme 64eee9e9f568ff45978879ad2ff83146f2618ee8a88278736fbdf5fae931976e:22)
11-06 16:53:40.042 10582 11118 D OneSearchSuggestProvider: 	at android.os.Handler.handleCallback(Handler.java:959)
11-06 16:53:40.042 10582 11118 D OneSearchSuggestProvider: 	at android.os.Handler.dispatchMessage(Handler.java:100)
11-06 16:53:40.042 10582 11118 D OneSearchSuggestProvider: 	at android.os.Looper.loopOnce(Looper.java:232)
11-06 16:53:40.042 10582 11118 D OneSearchSuggestProvider: 	at android.os.Looper.loop(Looper.java:317)
11-06 16:53:40.042 10582 11118 D OneSearchSuggestProvider: 	at android.os.HandlerThread.run(HandlerThread.java:85)
11-06 16:53:40.042 10582 11118 D OneSearchSuggestProvider: Caused by: java.util.NoSuchElementException: No value present
11-06 16:53:40.042 10582 11118 D OneSearchSuggestProvider: 	at java.util.Optional.get(Optional.java:143)
11-06 16:53:40.042 10582 11118 D OneSearchSuggestProvider: 	at com.google.android.apps.nexuslauncher.allapps.E0.onResult(go/retraceme 2855a437b73635ce9cad76b9289087e631bbb67fc90008a0da13d343a00e5041:28)
11-06 16:53:40.042 10582 11118 D OneSearchSuggestProvider: 	... 8 more
11-06 16:53:40.044 10582 10582 D BaseDepthController: setSurface:
11-06 16:53:40.044 10582 10582 D BaseDepthController: 	mWaitingOnSurfaceValidity: false
11-06 16:53:40.044 10582 10582 D BaseDepthController: 	mSurface: Surface(name=com.google.android.apps.nexuslauncher/com.google.android.apps.nexuslauncher.NexusLauncherActivity)/@0x96b6e7f
11-06 16:53:40.049 10582 11118 D OneSearchSuggestProvider: Created the binder channel successfully for end point service =com.google.android.apps.search.googleapp.search.suggest.plugins.onesearch.server.OneSearchSuggestService , mChannel=i1{delegate=f{logId=13, target=directaddress:///AndroidComponentAddress%5BIntent%20%7B%20act=grpc.io.action.BIND%20cmp=com.google.android.googlequicksearchbox/com.google.android.apps.search.googleapp.search.suggest.plugins.onesearch.server.OneSearchSuggestService%20%7D%5D}} , mOneSearchConnection=l2.Z@35aacfa
11-06 16:53:40.054 15389 15389 V ActivityScenario: Update currentActivityStage to STOPPED, currentActivity=com.example.trojan0project.BrowseProfileAdmin@45191fd
11-06 16:53:40.058 10582 10641 D QuickstepModelDelegate: notifyAppTargetEvent action=1 launchLocation=workspace/0/[-1,-1]/[1,1]
11-06 16:53:40.067 15389 15389 D LifecycleMonitor: Lifecycle status change: com.example.trojan0project.BrowseProfileAdmin@45191fd in: DESTROYED
11-06 16:53:40.070 15389 15389 V ActivityScenario: Update currentActivityStage to DESTROYED, currentActivity=null
11-06 16:53:40.078 15389 15389 W WindowOnBackDispatcher: sendCancelIfRunning: isInProgress=false callback=android.view.ViewRootImpl$$ExternalSyntheticLambda11@d91de5
11-06 16:53:40.078 15389 15405 I TestRunner: finished: testDeleteProfile(com.example.trojan0project.ProfileBrowseDeleteTest)
