11-05 16:10:42.379 23600 23616 I TestRunner: started: testBrowseProfiles(com.example.trojan0project.ProfileBrowseDeleteTest)
11-05 16:10:42.391 23600 23616 W Settings: Setting always_finish_activities has moved from android.provider.Settings.System to android.provider.Settings.Global, returning read-only value.
11-05 16:10:42.408   683  2167 V GrammaticalInflectionUtils: AttributionSource: android.content.AttributionSource@f92cd2a1 does not have READ_SYSTEM_GRAMMATICAL_GENDER permission.
11-05 16:10:42.431  1391  1391 W SplitSelectStateCtor: Missing session instanceIds
11-05 16:10:42.432  1391  1391 D StatsLog: LAUNCHER_SPLIT_SELECTION_EXIT_INTERRUPTED
11-05 16:10:42.436   416   416 I BpBinder: onLastStrongRef automatically unlinking death recipients:
11-05 16:10:42.461  1391  1391 I TopTaskTracker: onTaskMovedToFront: (moved taskInfo to front) taskId=262, baseIntent=Intent { act=android.intent.action.MAIN cat=[android.intent.category.LAUNCHER] flg=0x10008000 cmp=com.example.trojan0project/.BrowseProfileAdmin }
11-05 16:10:42.511  1391  1854 D EGL_emulation: app_time_stats: avg=1054.96ms min=6.27ms max=20686.73ms count=20
11-05 16:10:42.574 23600 23600 D AppCompatDelegate: Checking for metadata for AppLocalesMetadataHolderService : Service not found
11-05 16:10:42.583  1391  1854 D EGL_emulation: app_time_stats: avg=1167.33ms min=3.23ms max=20693.91ms count=18
11-05 16:10:42.588  1051  1236 D EGL_emulation: app_time_stats: avg=2104.14ms min=2.51ms max=20962.14ms count=10
11-05 16:10:42.663 23600 23600 D LifecycleMonitor: Lifecycle status change: com.example.trojan0project.BrowseProfileAdmin@7e8c54e in: PRE_ON_CREATE
11-05 16:10:42.666 23600 23600 V ActivityScenario: Activity lifecycle changed event received but ignored because the reported transition was not ON_CREATE while the last known transition was PRE_ON_CREATE
11-05 16:10:42.781 23600 23600 W .trojan0project: Accessing hidden method Landroid/view/ViewGroup;->makeOptionalFitsSystemWindows()V (unsupported, reflection, allowed)
11-05 16:10:42.856  1337  2575 I FontLog : (REDACTED) Received query %s, URI %s
11-05 16:10:42.856  1337  2575 I FontLog : (REDACTED) Query [%s] resolved to %s
11-05 16:10:42.857  1391  1391 D VRI[NexusLauncherActivity]: visibilityChanged oldVisibility=true newVisibility=false
11-05 16:10:42.859  1337  2575 I FontLog : (REDACTED) Fetch %s end status %s
11-05 16:10:42.864  1337  2575 I FontLog : (REDACTED) Pulling font file for id = %d, cache size = %d
11-05 16:10:42.867  1391  1391 D NexusLauncherModelDelegate: notifySmartspaceEvent: SmartspaceTargetEvent{mSmartspaceTarget=null, mSmartspaceActionId='null', mEventType=7}
11-05 16:10:42.892  1337  2575 I FontLog : (REDACTED) Received query %s, URI %s
11-05 16:10:42.892  1337  2575 I FontLog : (REDACTED) Query [%s] resolved to %s
11-05 16:10:42.895  1337  2575 I FontLog : (REDACTED) Fetch %s end status %s
11-05 16:10:42.907  1337  2575 I FontLog : (REDACTED) Pulling font file for id = %d, cache size = %d
11-05 16:10:43.016   683  2169 D ConnectivityService: requestNetwork for uid/pid:10234/23600 activeRequest: null callbackRequest: 352 [NetworkRequest [ REQUEST id=353, [ Capabilities: INTERNET&NOT_RESTRICTED&TRUSTED&NOT_VCN_MANAGED&NOT_BANDWIDTH_CONSTRAINED Uid: 10234 RequestorUid: 10234 RequestorPkg: com.example.trojan0project UnderlyingNetworks: Null] ]] callback flags: 0 order: 2147483647 isUidTracked: false
11-05 16:10:43.024   683   903 D WifiNetworkFactory: got request NetworkRequest [ REQUEST id=353, [ Capabilities: INTERNET&NOT_RESTRICTED&TRUSTED&NOT_VCN_MANAGED&NOT_BANDWIDTH_CONSTRAINED Uid: 10234 RequestorUid: 10234 RequestorPkg: com.example.trojan0project UnderlyingNetworks: Null] ]
11-05 16:10:43.024   683   903 D UntrustedWifiNetworkFactory: got request NetworkRequest [ REQUEST id=353, [ Capabilities: INTERNET&NOT_RESTRICTED&TRUSTED&NOT_VCN_MANAGED&NOT_BANDWIDTH_CONSTRAINED Uid: 10234 RequestorUid: 10234 RequestorPkg: com.example.trojan0project UnderlyingNetworks: Null] ]
11-05 16:10:43.024   683   903 D OemPaidWifiNetworkFactory: got request NetworkRequest [ REQUEST id=353, [ Capabilities: INTERNET&NOT_RESTRICTED&TRUSTED&NOT_VCN_MANAGED&NOT_BANDWIDTH_CONSTRAINED Uid: 10234 RequestorUid: 10234 RequestorPkg: com.example.trojan0project UnderlyingNetworks: Null] ]
11-05 16:10:43.024   683   903 D MultiInternetWifiNetworkFactory: got request NetworkRequest [ REQUEST id=353, [ Capabilities: INTERNET&NOT_RESTRICTED&TRUSTED&NOT_VCN_MANAGED&NOT_BANDWIDTH_CONSTRAINED Uid: 10234 RequestorUid: 10234 RequestorPkg: com.example.trojan0project UnderlyingNetworks: Null] ]
11-05 16:10:43.025   683   916 D ConnectivityService: NetReassign [353 : null → 105] [c 1] [a 1] [i 7]
11-05 16:10:43.031 23600 23600 D LifecycleMonitor: Lifecycle status change: com.example.trojan0project.BrowseProfileAdmin@7e8c54e in: CREATED
11-05 16:10:43.032 23600 23626 W DynamiteModule: Local module descriptor class for com.google.android.gms.providerinstaller.dynamite not found.
11-05 16:10:43.032 23600 23600 V ActivityScenario: Update currentActivityStage to CREATED, currentActivity=com.example.trojan0project.BrowseProfileAdmin@7e8c54e
11-05 16:10:43.040 23600 23600 D LifecycleMonitor: Lifecycle status change: com.example.trojan0project.BrowseProfileAdmin@7e8c54e in: STARTED
11-05 16:10:43.041 23600 23600 V ActivityScenario: Update currentActivityStage to STARTED, currentActivity=com.example.trojan0project.BrowseProfileAdmin@7e8c54e
11-05 16:10:43.053 23600 23600 D LifecycleMonitor: Lifecycle status change: com.example.trojan0project.BrowseProfileAdmin@7e8c54e in: RESUMED
11-05 16:10:43.054 23600 23600 V ActivityScenario: Update currentActivityStage to RESUMED, currentActivity=com.example.trojan0project.BrowseProfileAdmin@7e8c54e
11-05 16:10:43.055  1337  2575 W ProviderHelper: Unknown dynamite feature providerinstaller.dynamite
11-05 16:10:43.066 23600 23626 I DynamiteModule: Considering local module com.google.android.gms.providerinstaller.dynamite:0 and remote module com.google.android.gms.providerinstaller.dynamite:0
11-05 16:10:43.067 23600 23626 W ProviderInstaller: Failed to load providerinstaller module: No acceptable module com.google.android.gms.providerinstaller.dynamite found. Local version is 0 and remote version is 0.
11-05 16:10:43.068 23600 23600 W HWUI    : Unknown dataspace 0
11-05 16:10:43.077 23600 23626 D ApplicationLoaders: Returning zygote-cached class loader: /system/framework/org.apache.http.legacy.jar
11-05 16:10:43.093 23600 23626 D nativeloader: Configuring clns-10 for other apk /system/framework/com.android.media.remotedisplay.jar. target_sdk_version=35, uses_libraries=ALL, library_path=/data/app/~~Tc6EvqqDgH106cM4V1ucAw==/com.google.android.gms-DBh10iQKG0UObSC5N44Pvg==/lib/x86_64:/data/app/~~Tc6EvqqDgH106cM4V1ucAw==/com.google.android.gms-DBh10iQKG0UObSC5N44Pvg==/base.apk!/lib/x86_64, permitted_path=/data:/mnt/expand:/data/user/0/com.google.android.gms
11-05 16:10:43.132 23600 23626 D nativeloader: Configuring clns-11 for other apk /system/framework/com.android.location.provider.jar. target_sdk_version=35, uses_libraries=ALL, library_path=/data/app/~~Tc6EvqqDgH106cM4V1ucAw==/com.google.android.gms-DBh10iQKG0UObSC5N44Pvg==/lib/x86_64:/data/app/~~Tc6EvqqDgH106cM4V1ucAw==/com.google.android.gms-DBh10iQKG0UObSC5N44Pvg==/base.apk!/lib/x86_64, permitted_path=/data:/mnt/expand:/data/user/0/com.google.android.gms
11-05 16:10:43.161 23600 23626 D ApplicationLoaders: Returning zygote-cached class loader: /system_ext/framework/androidx.window.extensions.jar
11-05 16:10:43.162 23600 23626 D ApplicationLoaders: Returning zygote-cached class loader: /system_ext/framework/androidx.window.sidecar.jar
11-05 16:10:43.186 23600 23626 W .trojan0project: Loading /data/app/~~Tc6EvqqDgH106cM4V1ucAw==/com.google.android.gms-DBh10iQKG0UObSC5N44Pvg==/oat/x86_64/base.odex non-executable as it requires an image which we failed to load
11-05 16:10:43.186 23600 23619 I EGL_emulation: Opening libGLESv1_CM_emulation.so
11-05 16:10:43.188 23600 23619 I EGL_emulation: Opening libGLESv2_emulation.so
11-05 16:10:43.209 23600 23626 D nativeloader: Configuring clns-12 for other apk /data/app/~~Tc6EvqqDgH106cM4V1ucAw==/com.google.android.gms-DBh10iQKG0UObSC5N44Pvg==/base.apk. target_sdk_version=35, uses_libraries=, library_path=/data/app/~~Tc6EvqqDgH106cM4V1ucAw==/com.google.android.gms-DBh10iQKG0UObSC5N44Pvg==/lib/x86_64:/data/app/~~Tc6EvqqDgH106cM4V1ucAw==/com.google.android.gms-DBh10iQKG0UObSC5N44Pvg==/base.apk!/lib/x86_64, permitted_path=/data:/mnt/expand:/data/user/0/com.google.android.gms
11-05 16:10:43.250 23600 23619 W HWUI    : Failed to choose config with EGL_SWAP_BEHAVIOR_PRESERVED, retrying without...
11-05 16:10:43.251 23600 23619 W HWUI    : Failed to initialize 101010-2 format, error = EGL_SUCCESS
11-05 16:10:43.256 23600 23626 W ProviderInstaller: Failed to report request stats: com.google.android.gms.common.security.ProviderInstallerImpl.reportRequestStats [class android.content.Context, long, long]
11-05 16:10:43.285   164   164 I hwservicemanager: getTransport: Cannot find entry android.hardware.graphics.mapper@4.0::IMapper/default in either framework or device VINTF manifest.
11-05 16:10:43.285 23600 23619 I Gralloc4: mapper 4.x is not supported
11-05 16:10:43.302   683   916 D InetDiagMessage: Destroyed 0 sockets, proto=IPPROTO_TCP, family=AF_INET, states=14
11-05 16:10:43.302   683   916 D InetDiagMessage: Destroyed 0 sockets, proto=IPPROTO_TCP, family=AF_INET6, states=14
11-05 16:10:43.303   683   916 D InetDiagMessage: Destroyed live tcp sockets for uids={10201} in 2ms
11-05 16:10:43.304   683   916 D InetDiagMessage: Destroyed 0 sockets, proto=IPPROTO_TCP, family=AF_INET, states=14
11-05 16:10:43.305   683   916 D InetDiagMessage: Destroyed 0 sockets, proto=IPPROTO_TCP, family=AF_INET6, states=14
11-05 16:10:43.305   683   916 D InetDiagMessage: Destroyed live tcp sockets for uids={20201} in 2ms
11-05 16:10:43.389   683   723 W ziparchive: Unable to open '/data/app/~~RwUViDr2HmJxGqizBNdddg==/com.example.trojan0project-pdBx54Sp8pssg14qpXlm1w==/base.dm': No such file or directory
11-05 16:10:43.391   683   723 I ActivityTaskManager: Displayed com.example.trojan0project/.BrowseProfileAdmin for user 0: +986ms
11-05 16:10:43.396 23600 23626 D nativeloader: Load /data/app/~~Tc6EvqqDgH106cM4V1ucAw==/com.google.android.gms-DBh10iQKG0UObSC5N44Pvg==/base.apk!/lib/x86_64/libconscrypt_gmscore_jni.so using ns clns-12 from class loader (caller=/data/app/~~Tc6EvqqDgH106cM4V1ucAw==/com.google.android.gms-DBh10iQKG0UObSC5N44Pvg==/base.apk!classes3.dex): ok
11-05 16:10:43.409  1391  1391 D BaseDepthController: setSurface:
11-05 16:10:43.409  1391  1391 D BaseDepthController: 	mWaitingOnSurfaceValidity: false
11-05 16:10:43.409  1391  1391 D BaseDepthController: 	mSurface: null
11-05 16:10:43.410  1391  1391 D BaseDepthController: mSurface is null and mCurrentBlur is: 0
11-05 16:10:43.416  1391  1391 D StateManager: goToState - fromState: Normal, toState: Normal, partial trace:
11-05 16:10:43.416  1391  1391 D StateManager: 	at com.android.launcher3.statemanager.StateManager.moveToRestState(go/retraceme 2855a437b73635ce9cad76b9289087e631bbb67fc90008a0da13d343a00e5041:4)
11-05 16:10:43.416  1391  1391 D StateManager: 	at com.android.launcher3.statemanager.StateManager.moveToRestState(go/retraceme 2855a437b73635ce9cad76b9289087e631bbb67fc90008a0da13d343a00e5041:1)
11-05 16:10:43.416  1391  1391 D StateManager: 	at com.android.launcher3.statemanager.StatefulActivity.onStop(go/retraceme 2855a437b73635ce9cad76b9289087e631bbb67fc90008a0da13d343a00e5041:34)
11-05 16:10:43.420 23600 23626 V NativeCrypto: Registering com/google/android/gms/org/conscrypt/NativeCrypto's 305 native methods...
11-05 16:10:43.436   683   877 I ImeTracker: com.example.trojan0project:12e65ed7: onRequestHide at ORIGIN_SERVER reason HIDE_UNSPECIFIED_WINDOW fromUser false
11-05 16:10:43.437   683   877 I ImeTracker: com.example.trojan0project:12e65ed7: onCancelled at PHASE_SERVER_SHOULD_HIDE
11-05 16:10:43.446  1391  1391 D StatsLog: LAUNCHER_ONSTOP
11-05 16:10:43.448  1391  1391 D StatsLog: LAUNCHER_GOOGLE_SEARCH_RESTORE_LIST_SIZE_AFTER_ACTIVITY_RESTART
11-05 16:10:43.452  1391  1920 D OneSearchSuggestProvider: Shut down the binder channel
11-05 16:10:43.452  1571  1571 I GoogleInputMethodService: GoogleInputMethodService.onFinishInput():3086
11-05 16:10:43.456  1391  1428 I IPCThreadState: oneway function results for code 2 on binder at 0x7e2177a6a160 will be dropped but finished with status UNKNOWN_TRANSACTION
11-05 16:10:43.457  1391  4220 D GmsPlayProvider: Shut down the binder channel
11-05 16:10:43.459  1571  1571 I GoogleInputMethodService: GoogleInputMethodService.updateDeviceLockedStatus():2155 repeatCheckTimes = 0, locked = false
11-05 16:10:43.461  1571  1571 I GoogleInputMethodService: GoogleInputMethodService.onStartInput():1899 onStartInput(EditorInfo{EditorInfo{packageName=com.example.trojan0project, inputType=0, inputTypeString=NULL, enableLearning=false, autoCorrection=false, autoComplete=false, imeOptions=0, privateImeOptions=null, actionName=UNSPECIFIED, actionLabel=null, initialSelStart=-1, initialSelEnd=-1, initialCapsMode=0, label=null, fieldId=0, fieldName=null, extras=null, hintText=null, hintLocales=[]}}, false)
11-05 16:10:43.463  1571  1571 I GoogleInputMethodService: GoogleInputMethodService.updateDeviceLockedStatus():2155 repeatCheckTimes = 1, locked = false
11-05 16:10:43.463  1571  1571 I AndroidIME: InputBundleManager.loadActiveInputBundleId():450 loadActiveInputBundleId: und-Latn-x-password, password
11-05 16:10:43.524 23600 23640 W .trojan0project: Accessing hidden method Ldalvik/system/VMStack;->getStackClass2()Ljava/lang/Class; (unsupported, reflection, allowed)
11-05 16:10:43.546 23600 23640 I eilv.a  : Unable to retrieve flag snapshot for com.google.android.gms.providerinstaller#com.google.android.gms, using defaults.
11-05 16:10:43.558 23600 23626 W .trojan0project: Accessing hidden method Ljava/security/spec/ECParameterSpec;->getCurveName()Ljava/lang/String; (unsupported, reflection, allowed)
11-05 16:10:43.567 23600 23639 E GoogleApiManager: Failed to get service from broker.
11-05 16:10:43.567 23600 23639 E GoogleApiManager: java.lang.SecurityException: Unknown calling package name 'com.google.android.gms'.
11-05 16:10:43.567 23600 23639 E GoogleApiManager: 	at android.os.Parcel.createExceptionOrNull(Parcel.java:3242)
11-05 16:10:43.567 23600 23639 E GoogleApiManager: 	at android.os.Parcel.createException(Parcel.java:3226)
11-05 16:10:43.567 23600 23639 E GoogleApiManager: 	at android.os.Parcel.readException(Parcel.java:3209)
11-05 16:10:43.567 23600 23639 E GoogleApiManager: 	at android.os.Parcel.readException(Parcel.java:3151)
11-05 16:10:43.567 23600 23639 E GoogleApiManager: 	at amrk.a(:com.google.android.gms@244232038@24.42.32 (260800-688217902):36)
11-05 16:10:43.567 23600 23639 E GoogleApiManager: 	at ampr.z(:com.google.android.gms@244232038@24.42.32 (260800-688217902):143)
11-05 16:10:43.567 23600 23639 E GoogleApiManager: 	at alwy.run(:com.google.android.gms@244232038@24.42.32 (260800-688217902):54)
11-05 16:10:43.567 23600 23639 E GoogleApiManager: 	at android.os.Handler.handleCallback(Handler.java:959)
11-05 16:10:43.567 23600 23639 E GoogleApiManager: 	at android.os.Handler.dispatchMessage(Handler.java:100)
11-05 16:10:43.567 23600 23639 E GoogleApiManager: 	at bruz.mx(:com.google.android.gms@244232038@24.42.32 (260800-688217902):1)
11-05 16:10:43.567 23600 23639 E GoogleApiManager: 	at bruz.dispatchMessage(:com.google.android.gms@244232038@24.42.32 (260800-688217902):5)
11-05 16:10:43.567 23600 23639 E GoogleApiManager: 	at android.os.Looper.loopOnce(Looper.java:232)
11-05 16:10:43.567 23600 23639 E GoogleApiManager: 	at android.os.Looper.loop(Looper.java:317)
11-05 16:10:43.567 23600 23639 E GoogleApiManager: 	at android.os.HandlerThread.run(HandlerThread.java:85)
11-05 16:10:43.570  1337  2575 I FontLog : (REDACTED) Received query %s, URI %s
11-05 16:10:43.570  1337  2575 I FontLog : (REDACTED) Query [%s] resolved to %s
11-05 16:10:43.572  1337  2575 I FontLog : (REDACTED) Fetch %s end status %s
11-05 16:10:43.578  1337  2702 I FontLog : (REDACTED) Pulling font file for id = %d, cache size = %d
11-05 16:10:43.580 23600 23638 W CondFlagRegistrar: Failed to register com.google.android.gms.providerinstaller#com.google.android.gms
11-05 16:10:43.580 23600 23638 W CondFlagRegistrar: eimg: 17: 17: API: Phenotype.API is not available on this device. Connection failed with: ConnectionResult{statusCode=DEVELOPER_ERROR, resolution=null, message=null}
11-05 16:10:43.580 23600 23638 W CondFlagRegistrar: 	at eimi.a(:com.google.android.gms@244232038@24.42.32 (260800-688217902):13)
11-05 16:10:43.580 23600 23638 W CondFlagRegistrar: 	at fbpd.d(:com.google.android.gms@244232038@24.42.32 (260800-688217902):3)
11-05 16:10:43.580 23600 23638 W CondFlagRegistrar: 	at fbpf.run(:com.google.android.gms@244232038@24.42.32 (260800-688217902):130)
11-05 16:10:43.580 23600 23638 W CondFlagRegistrar: 	at fbqy.execute(:com.google.android.gms@244232038@24.42.32 (260800-688217902):1)
11-05 16:10:43.580 23600 23638 W CondFlagRegistrar: 	at fbpg.h(:com.google.android.gms@244232038@24.42.32 (260800-688217902):1)
11-05 16:10:43.580 23600 23638 W CondFlagRegistrar: 	at fbpg.l(:com.google.android.gms@244232038@24.42.32 (260800-688217902):101)
11-05 16:10:43.580 23600 23638 W CondFlagRegistrar: 	at fbpg.p(:com.google.android.gms@244232038@24.42.32 (260800-688217902):19)
11-05 16:10:43.580 23600 23638 W CondFlagRegistrar: 	at easa.hA(:com.google.android.gms@244232038@24.42.32 (260800-688217902):35)
11-05 16:10:43.580 23600 23638 W CondFlagRegistrar: 	at dqgl.run(:com.google.android.gms@244232038@24.42.32 (260800-688217902):14)
11-05 16:10:43.580 23600 23638 W CondFlagRegistrar: 	at fbqy.execute(:com.google.android.gms@244232038@24.42.32 (260800-688217902):1)
11-05 16:10:43.580 23600 23638 W CondFlagRegistrar: 	at dqgm.b(:com.google.android.gms@244232038@24.42.32 (260800-688217902):18)
11-05 16:10:43.580 23600 23638 W CondFlagRegistrar: 	at dqhb.b(:com.google.android.gms@244232038@24.42.32 (260800-688217902):36)
11-05 16:10:43.580 23600 23638 W CondFlagRegistrar: 	at dqhd.c(:com.google.android.gms@244232038@24.42.32 (260800-688217902):26)
11-05 16:10:43.580 23600 23638 W CondFlagRegistrar: 	at alug.c(:com.google.android.gms@244232038@24.42.32 (260800-688217902):9)
11-05 16:10:43.580 23600 23638 W CondFlagRegistrar: 	at alww.q(:com.google.android.gms@244232038@24.42.32 (260800-688217902):48)
11-05 16:10:43.580 23600 23638 W CondFlagRegistrar: 	at alww.d(:com.google.android.gms@244232038@24.42.32 (260800-688217902):10)
11-05 16:10:43.580 23600 23638 W CondFlagRegistrar: 	at alww.g(:com.google.android.gms@244232038@24.42.32 (260800-688217902):211)
11-05 16:10:43.580 23600 23638 W CondFlagRegistrar: 	at alww.onConnectionFailed(:com.google.android.gms@244232038@24.42.32 (260800-688217902):2)
11-05 16:10:43.580 23600 23638 W CondFlagRegistrar: 	at alwy.run(:com.google.android.gms@244232038@24.42.32 (260800-688217902):82)
11-05 16:10:43.580 23600 23638 W CondFlagRegistrar: 	at android.os.Handler.handleCallback(Handler.java:959)
11-05 16:10:43.580 23600 23638 W CondFlagRegistrar: 	at android.os.Handler.dispatchMessage(Handler.java:100)
11-05 16:10:43.580 23600 23638 W CondFlagRegistrar: 	at bruz.mx(:com.google.android.gms@244232038@24.42.32 (260800-688217902):1)
11-05 16:10:43.580 23600 23638 W CondFlagRegistrar: 	at bruz.dispatchMessage(:com.google.android.gms@244232038@24.42.32 (260800-688217902):5)
11-05 16:10:43.580 23600 23638 W CondFlagRegistrar: 	at android.os.Looper.loopOnce(Looper.java:232)
11-05 16:10:43.580 23600 23638 W CondFlagRegistrar: 	at android.os.Looper.loop(Looper.java:317)
11-05 16:10:43.580 23600 23638 W CondFlagRegistrar: 	at android.os.HandlerThread.run(HandlerThread.java:85)
11-05 16:10:43.580 23600 23638 W CondFlagRegistrar: Caused by: alsy: 17: API: Phenotype.API is not available on this device. Connection failed with: ConnectionResult{statusCode=DEVELOPER_ERROR, resolution=null, message=null}
11-05 16:10:43.580 23600 23638 W CondFlagRegistrar: 	at ampd.a(:com.google.android.gms@244232038@24.42.32 (260800-688217902):15)
11-05 16:10:43.580 23600 23638 W CondFlagRegistrar: 	at aluj.a(:com.google.android.gms@244232038@24.42.32 (260800-688217902):1)
11-05 16:10:43.580 23600 23638 W CondFlagRegistrar: 	at alug.c(:com.google.android.gms@244232038@24.42.32 (260800-688217902):5)
11-05 16:10:43.580 23600 23638 W CondFlagRegistrar: 	... 12 more
11-05 16:10:43.596  1337  2702 I FontLog : (REDACTED) Pulling font file for id = %d, cache size = %d
11-05 16:10:43.675 23600 23626 I ProviderInstaller: Installed default security provider GmsCore_OpenSSL
11-05 16:10:43.677  1051  1147 W WindowOnBackDispatcher: sendCancelIfRunning: isInProgress=false callback=android.view.ViewRootImpl$$ExternalSyntheticLambda11@addfb7a
11-05 16:10:43.680   683   708 W InputManager-JNI: Input channel object '7dbf75c Splash Screen com.example.trojan0project (client)' was disposed without first being removed with the input manager!
11-05 16:10:43.741   683   708 D ConnectivityService: requestNetwork for uid/pid:10234/23600 activeRequest: null callbackRequest: 354 [NetworkRequest [ REQUEST id=355, [ Capabilities: INTERNET&NOT_RESTRICTED&TRUSTED&NOT_VCN_MANAGED&NOT_BANDWIDTH_CONSTRAINED Uid: 10234 RequestorUid: 10234 RequestorPkg: com.example.trojan0project UnderlyingNetworks: Null] ]] callback flags: 0 order: 2147483647 isUidTracked: false
11-05 16:10:43.745   683   903 D WifiNetworkFactory: got request NetworkRequest [ REQUEST id=355, [ Capabilities: INTERNET&NOT_RESTRICTED&TRUSTED&NOT_VCN_MANAGED&NOT_BANDWIDTH_CONSTRAINED Uid: 10234 RequestorUid: 10234 RequestorPkg: com.example.trojan0project UnderlyingNetworks: Null] ]
11-05 16:10:43.745   683   903 D UntrustedWifiNetworkFactory: got request NetworkRequest [ REQUEST id=355, [ Capabilities: INTERNET&NOT_RESTRICTED&TRUSTED&NOT_VCN_MANAGED&NOT_BANDWIDTH_CONSTRAINED Uid: 10234 RequestorUid: 10234 RequestorPkg: com.example.trojan0project UnderlyingNetworks: Null] ]
11-05 16:10:43.745   683   903 D OemPaidWifiNetworkFactory: got request NetworkRequest [ REQUEST id=355, [ Capabilities: INTERNET&NOT_RESTRICTED&TRUSTED&NOT_VCN_MANAGED&NOT_BANDWIDTH_CONSTRAINED Uid: 10234 RequestorUid: 10234 RequestorPkg: com.example.trojan0project UnderlyingNetworks: Null] ]
11-05 16:10:43.755   683   903 D MultiInternetWifiNetworkFactory: got request NetworkRequest [ REQUEST id=355, [ Capabilities: INTERNET&NOT_RESTRICTED&TRUSTED&NOT_VCN_MANAGED&NOT_BANDWIDTH_CONSTRAINED Uid: 10234 RequestorUid: 10234 RequestorPkg: com.example.trojan0project UnderlyingNetworks: Null] ]
11-05 16:10:43.756   683   916 D ConnectivityService: NetReassign [355 : null → 105] [c 1] [a 1] [i 11]
11-05 16:10:43.769 23600 23604 I .trojan0project: Compiler allocated 4219KB to compile void android.widget.TextView.<init>(android.content.Context, android.util.AttributeSet, int, int)
11-05 16:10:43.855 23600 23651 D TrafficStats: tagSocket(150) with statsTag=0xffffffff, statsUid=-1
11-05 16:10:43.906 23600 23651 W .trojan0project: Accessing hidden field Ljava/net/Socket;->impl:Ljava/net/SocketImpl; (unsupported, reflection, allowed)
11-05 16:10:44.059 23600 23651 W .trojan0project: Accessing hidden method Ljava/security/spec/ECParameterSpec;->setCurveName(Ljava/lang/String;)V (unsupported, reflection, allowed)
11-05 16:10:44.401 23600 23600 W Glide   : Failed to find GeneratedAppGlideModule. You should include an annotationProcessor compile dependency on com.github.bumptech.glide:compiler in your application and a @GlideModule annotated AppGlideModule implementation or LibraryGlideModules will be silently ignored
11-05 16:10:44.426 23600 23600 W WindowOnBackDispatcher: OnBackInvokedCallback is not enabled for the application.
11-05 16:10:44.426 23600 23600 W WindowOnBackDispatcher: Set 'android:enableOnBackInvokedCallback="true"' in the application manifest.
11-05 16:10:44.435 23600 23600 W Glide   : Load failed for null with size [0x0]
11-05 16:10:44.435 23600 23600 W Glide   : class com.bumptech.glide.load.engine.GlideException: Received null model
11-05 16:10:44.446 23600 23600 W Glide   : Load failed for null with size [0x0]
11-05 16:10:44.446 23600 23600 W Glide   : class com.bumptech.glide.load.engine.GlideException: Received null model
11-05 16:10:44.457 23600 23619 D EGL_emulation: app_time_stats: avg=264.62ms min=10.65ms max=998.97ms count=4
11-05 16:10:44.462  1337  2575 I ChimeraSrvcProxy: NullBinder for android.net.action.RECOMMEND_NETWORKS triggering remote TransactionTooLargeException due to Service without Chimera impl
11-05 16:10:44.462  1337  2575 W .gms.persistent: Large reply transaction of 1056768 bytes, interface descriptor , code 1
11-05 16:10:44.464 20982 21020 D WM-NetworkStateTracker: Network capabilities changed: [ Transports: WIFI Capabilities: NOT_METERED&INTERNET&NOT_RESTRICTED&TRUSTED&NOT_VPN&VALIDATED&NOT_ROAMING&FOREGROUND&NOT_CONGESTED&NOT_SUSPENDED&NOT_VCN_MANAGED&NOT_BANDWIDTH_CONSTRAINED LinkUpBandwidth>=12000Kbps LinkDnBandwidth>=30000Kbps TransportInfo: <SSID: <unknown ssid>, BSSID: 02:00:00:00:00:00, MAC: 02:00:00:00:00:00, IP: /10.0.2.16, Security type: 0, Supplicant state: COMPLETED, Wi-Fi standard: legacy, RSSI: -50, Link speed: 1Mbps, Tx Link speed: 1Mbps, Max Supported Tx Link speed: 11Mbps, Rx Link speed: 2Mbps, Max Supported Rx Link speed: 11Mbps, Frequency: 2447MHz, Net ID: -1, Metered hint: false, score: 60, isUsable: true, CarrierMerged: false, SubscriptionId: -1, IsPrimary: -1, Trusted: true, Restricted: false, Ephemeral: false, OEM paid: false, OEM private: false, OSU AP: false, FQDN: <none>, Provider friendly name: <none>, Requesting package name: <none><none>MLO Information: , Is TID-To-Link negotiation supported by the AP: false, AP MLD Address: <none>, AP MLO Link Id: <none>, AP MLO Affiliated links: <none>, Vendor Data: <none>> SignalStrength: -50 UnderlyingNetworks: Null]
11-05 16:10:44.463  1764  2005 I BugleRcsEngine: Connected state: [1], networkType: [WIFI] [CONTEXT thread_id=55 ]
11-05 16:10:44.465  1764  2207 I BugleRcsEngine: handleMessage processing message:[NOTIFY_UPTIME_IGNORE_STATE_CHANGED] with [non-null]:RcsEngineImpl reference [CONTEXT log_prefix="RcsEngineImpl[DUAL_REG]:[5e607de4-93a5]>Handler" thread_id=63 ]
11-05 16:10:44.470  1764  2207 I BugleRcsEngine: No RCS Configuration was found in Bugle for simID: redacted-pii:sim_id[chars:20,last3:897] [CONTEXT log_prefix="ProvisioningEngineDataRetriever" thread_id=63 ]
11-05 16:10:44.612 23600 23604 I .trojan0project: Compiler allocated 5174KB to compile void android.view.ViewRootImpl.performTraversals()
11-05 16:10:46.435 23600 23616 W FileTestStorage: Output properties is not supported.
11-05 16:10:46.439 23600 23616 E AndroidXTracer: enableTracing failed. You may need to upgrade your androidx.tracing:tracing version
11-05 16:10:46.439 23600 23616 E AndroidXTracer: java.lang.NoSuchMethodError: No static method forceEnableAppTracing()V in class Landroidx/tracing/Trace; or its super classes (declaration of 'androidx.tracing.Trace' appears in /data/app/~~RwUViDr2HmJxGqizBNdddg==/com.example.trojan0project-pdBx54Sp8pssg14qpXlm1w==/base.apk)
11-05 16:10:46.439 23600 23616 E AndroidXTracer: 	at androidx.test.platform.tracing.AndroidXTracer.enableTracing(AndroidXTracer.java:57)
11-05 16:10:46.439 23600 23616 E AndroidXTracer: 	at androidx.test.platform.tracing.Tracing.<init>(Tracing.java:53)
11-05 16:10:46.439 23600 23616 E AndroidXTracer: 	at androidx.test.platform.tracing.Tracing.<clinit>(Tracing.java:49)
11-05 16:10:46.439 23600 23616 E AndroidXTracer: 	at androidx.test.espresso.base.BaseLayerModule.providesTracing(BaseLayerModule.java:190)
11-05 16:10:46.439 23600 23616 E AndroidXTracer: 	at androidx.test.espresso.base.BaseLayerModule_ProvidesTracingFactory.providesTracing(BaseLayerModule_ProvidesTracingFactory.java:37)
11-05 16:10:46.439 23600 23616 E AndroidXTracer: 	at androidx.test.espresso.base.BaseLayerModule_ProvidesTracingFactory.get(BaseLayerModule_ProvidesTracingFactory.java:29)
11-05 16:10:46.439 23600 23616 E AndroidXTracer: 	at androidx.test.espresso.base.BaseLayerModule_ProvidesTracingFactory.get(BaseLayerModule_ProvidesTracingFactory.java:11)
11-05 16:10:46.439 23600 23616 E AndroidXTracer: 	at androidx.test.espresso.core.internal.deps.dagger.internal.DoubleCheck.get(DoubleCheck.java:47)
11-05 16:10:46.439 23600 23616 E AndroidXTracer: 	at androidx.test.espresso.base.IdlingResourceRegistry_Factory.get(IdlingResourceRegistry_Factory.java:34)
11-05 16:10:46.439 23600 23616 E AndroidXTracer: 	at androidx.test.espresso.base.IdlingResourceRegistry_Factory.get(IdlingResourceRegistry_Factory.java:12)
11-05 16:10:46.439 23600 23616 E AndroidXTracer: 	at androidx.test.espresso.core.internal.deps.dagger.internal.DoubleCheck.get(DoubleCheck.java:47)
11-05 16:10:46.439 23600 23616 E AndroidXTracer: 	at androidx.test.espresso.DaggerBaseLayerComponent$BaseLayerComponentImpl.idlingResourceRegistry(DaggerBaseLayerComponent.java:275)
11-05 16:10:46.439 23600 23616 E AndroidXTracer: 	at androidx.test.espresso.Espresso.<clinit>(Espresso.java:64)
11-05 16:10:46.439 23600 23616 E AndroidXTracer: 	at com.example.trojan0project.ProfileBrowseDeleteTest.testBrowseProfiles(ProfileBrowseDeleteTest.java:43)
11-05 16:10:46.439 23600 23616 E AndroidXTracer: 	at java.lang.reflect.Method.invoke(Native Method)
11-05 16:10:46.439 23600 23616 E AndroidXTracer: 	at org.junit.runners.model.FrameworkMethod$1.runReflectiveCall(FrameworkMethod.java:59)
11-05 16:10:46.439 23600 23616 E AndroidXTracer: 	at org.junit.internal.runners.model.ReflectiveCallable.run(ReflectiveCallable.java:12)
11-05 16:10:46.439 23600 23616 E AndroidXTracer: 	at org.junit.runners.model.FrameworkMethod.invokeExplosively(FrameworkMethod.java:56)
11-05 16:10:46.439 23600 23616 E AndroidXTracer: 	at org.junit.internal.runners.statements.InvokeMethod.evaluate(InvokeMethod.java:17)
11-05 16:10:46.439 23600 23616 E AndroidXTracer: 	at org.junit.rules.ExternalResource$1.evaluate(ExternalResource.java:54)
11-05 16:10:46.439 23600 23616 E AndroidXTracer: 	at org.junit.runners.ParentRunner$3.evaluate(ParentRunner.java:306)
11-05 16:10:46.439 23600 23616 E AndroidXTracer: 	at org.junit.runners.BlockJUnit4ClassRunner$1.evaluate(BlockJUnit4ClassRunner.java:100)
11-05 16:10:46.439 23600 23616 E AndroidXTracer: 	at org.junit.runners.ParentRunner.runLeaf(ParentRunner.java:366)
11-05 16:10:46.439 23600 23616 E AndroidXTracer: 	at org.junit.runners.BlockJUnit4ClassRunner.runChild(BlockJUnit4ClassRunner.java:103)
11-05 16:10:46.439 23600 23616 E AndroidXTracer: 	at org.junit.runners.BlockJUnit4ClassRunner.runChild(BlockJUnit4ClassRunner.java:63)
11-05 16:10:46.439 23600 23616 E AndroidXTracer: 	at org.junit.runners.ParentRunner$4.run(ParentRunner.java:331)
11-05 16:10:46.439 23600 23616 E AndroidXTracer: 	at org.junit.runners.ParentRunner$1.schedule(ParentRunner.java:79)
11-05 16:10:46.439 23600 23616 E AndroidXTracer: 	at org.junit.runners.ParentRunner.runChildren(ParentRunner.java:329)
11-05 16:10:46.439 23600 23616 E AndroidXTracer: 	at org.junit.runners.ParentRunner.access$100(ParentRunner.java:66)
11-05 16:10:46.439 23600 23616 E AndroidXTracer: 	at org.junit.runners.ParentRunner$2.evaluate(ParentRunner.java:293)
11-05 16:10:46.439 23600 23616 E AndroidXTracer: 	at org.junit.runners.ParentRunner$3.evaluate(ParentRunner.java:306)
11-05 16:10:46.439 23600 23616 E AndroidXTracer: 	at org.junit.runners.ParentRunner.run(ParentRunner.java:413)
11-05 16:10:46.439 23600 23616 E AndroidXTracer: 	at androidx.test.ext.junit.runners.AndroidJUnit4.run(AndroidJUnit4.java:162)
11-05 16:10:46.439 23600 23616 E AndroidXTracer: 	at org.junit.runners.Suite.runChild(Suite.java:128)
11-05 16:10:46.439 23600 23616 E AndroidXTracer: 	at org.junit.runners.Suite.runChild(Suite.java:27)
11-05 16:10:46.439 23600 23616 E AndroidXTracer: 	at org.junit.runners.ParentRunner$4.run(ParentRunner.java:331)
11-05 16:10:46.439 23600 23616 E AndroidXTracer: 	at org.junit.runners.ParentRunner$1.schedule(ParentRunner.java:79)
11-05 16:10:46.439 23600 23616 E AndroidXTracer: 	at org.junit.runners.ParentRunner.runChildren(ParentRunner.java:329)
11-05 16:10:46.439 23600 23616 E AndroidXTracer: 	at org.junit.runners.ParentRunner.access$100(ParentRunner.java:66)
11-05 16:10:46.439 23600 23616 E AndroidXTracer: 	at org.junit.runners.ParentRunner$2.evaluate(ParentRunner.java:293)
11-05 16:10:46.439 23600 23616 E AndroidXTracer: 	at org.junit.runners.ParentRunner$3.evaluate(ParentRunner.java:306)
11-05 16:10:46.439 23600 23616 E AndroidXTracer: 	at org.junit.runners.ParentRunner.run(ParentRunner.java:413)
11-05 16:10:46.439 23600 23616 E AndroidXTracer: 	at org.junit.runner.JUnitCore.run(JUnitCore.java:137)
11-05 16:10:46.439 23600 23616 E AndroidXTracer: 	at org.junit.runner.JUnitCore.run(JUnitCore.java:115)
11-05 16:10:46.439 23600 23616 E AndroidXTracer: 	at androidx.test.internal.runner.TestExecutor.execute(TestExecutor.java:68)
11-05 16:10:46.440 23600 23616 E AndroidXTracer: 	at androidx.test.internal.runner.TestExecutor.execute(TestExecutor.java:59)
11-05 16:10:46.440 23600 23616 E AndroidXTracer: 	at androidx.test.runner.AndroidJUnitRunner.onStart(AndroidJUnitRunner.java:463)
11-05 16:10:46.440 23600 23616 E AndroidXTracer: 	at android.app.Instrumentation$InstrumentationThread.run(Instrumentation.java:2594)
11-05 16:10:46.440 23600 23616 I Tracing : Tracer added: class androidx.test.platform.tracing.AndroidXTracer
11-05 16:10:46.444 23600 23616 D CompatChangeReporter: Compat change id reported: 247079863; UID 10234; state: ENABLED
11-05 16:10:46.451 23600 23616 D EventInjectionStrategy: Creating injection strategy with input manager.
11-05 16:10:46.451 23600 23616 W .trojan0project: Accessing hidden method Landroid/hardware/input/InputManager;->getInstance()Landroid/hardware/input/InputManager; (unsupported, reflection, allowed)
11-05 16:10:46.454 23600 23616 W .trojan0project: Accessing hidden method Landroid/hardware/input/InputManager;->injectInputEvent(Landroid/view/InputEvent;I)Z (unsupported, reflection, allowed)
11-05 16:10:46.455 23600 23616 W .trojan0project: Accessing hidden field Landroid/hardware/input/InputManager;->INJECT_INPUT_EVENT_MODE_WAIT_FOR_FINISH:I (unsupported, reflection, allowed)
11-05 16:10:46.464 23600 23600 W .trojan0project: Accessing hidden method Landroid/os/MessageQueue;->next()Landroid/os/Message; (unsupported, reflection, allowed)
11-05 16:10:46.464 23600 23600 W .trojan0project: Accessing hidden field Landroid/os/MessageQueue;->mMessages:Landroid/os/Message; (unsupported, reflection, allowed)
11-05 16:10:46.465 23600 23600 W .trojan0project: Accessing hidden method Landroid/os/Message;->recycleUnchecked()V (unsupported, reflection, allowed)
11-05 16:10:46.472 23600 23600 I ViewInteraction: Checking 'MatchesViewAssertion{viewMatcher=(view has effective visibility <VISIBLE> and view.getGlobalVisibleRect() to return non-empty rectangle)}' assertion on view view.getId() is <2131362171/com.example.trojan0project:id/profile_list>
11-05 16:10:46.489 23600 23600 I ViewInteraction: Performing 'load adapter data' action on view view.getId() is <2131362171/com.example.trojan0project:id/profile_list>
11-05 16:10:46.504 23600 23619 D EGL_emulation: app_time_stats: avg=120.01ms min=14.26ms max=1550.25ms count=17
11-05 16:10:46.504 23600 23600 I ViewInteraction: Checking 'MatchesViewAssertion{viewMatcher=(view is an instance of android.view.ViewGroup and has descendant matching view.getId() is <2131362172>)}' assertion on view  displaying data matching: ANYTHING within adapter view matching: view.getId() is <2131362171/com.example.trojan0project:id/profile_list>
11-05 16:10:46.516   683  1852 V GrammaticalInflectionUtils: AttributionSource: android.content.AttributionSource@fae1ab40 does not have READ_SYSTEM_GRAMMATICAL_GENDER permission.
11-05 16:10:46.533 23600 23600 D LifecycleMonitor: Lifecycle status change: com.example.trojan0project.BrowseProfileAdmin@7e8c54e in: PAUSED
11-05 16:10:46.533 23600 23600 V ActivityScenario: Update currentActivityStage to PAUSED, currentActivity=com.example.trojan0project.BrowseProfileAdmin@7e8c54e
11-05 16:10:46.541   683   726 V GrammaticalInflectionUtils: AttributionSource: android.content.AttributionSource@fae1ab40 does not have READ_SYSTEM_GRAMMATICAL_GENDER permission.
11-05 16:10:46.541  1391  1391 I TopTaskTracker: onTaskMovedToFront: (moved taskInfo to front) taskId=263, baseIntent=Intent { act=android.intent.action.MAIN cat=[android.intent.category.LAUNCHER] flg=0x10000000 cmp=com.example.trojan0project.test/androidx.test.core.app.InstrumentationActivityInvoker$EmptyActivity }
11-05 16:10:46.551   416   416 I BpBinder: onLastStrongRef automatically unlinking death recipients:
11-05 16:10:46.558   368   368 D Zygote  : Forked child process 23655
11-05 16:10:46.622 23655 23655 I an0project.test: Late-enabling -Xcheck:jni
11-05 16:10:46.739 23655 23655 I an0project.test: Using CollectorTypeCMC GC.
11-05 16:10:46.742 23655 23655 W an0project.test: Unexpected CPU variant for x86: x86_64.
11-05 16:10:46.742 23655 23655 W an0project.test: Known variants: atom, sandybridge, silvermont, goldmont, goldmont-plus, goldmont-without-sha-xsaves, tremont, kabylake, default
11-05 16:10:46.755   440   455 I adbd    : jdwp connection from 23655
11-05 16:10:46.781 23655 23655 D nativeloader: Load libframework-connectivity-tiramisu-jni.so using APEX ns com_android_tethering for caller /apex/com.android.tethering/javalib/framework-connectivity-t.jar: ok
11-05 16:10:46.814 23655 23655 D CompatChangeReporter: Compat change id reported: 242716250; UID 10235; state: ENABLED
11-05 16:10:46.835 23655 23655 D ApplicationLoaders: Returning zygote-cached class loader: /system/framework/android.test.base.jar
11-05 16:10:46.844 23655 23655 D nativeloader: Configuring clns-7 for other apk /system/framework/android.test.mock.jar. target_sdk_version=34, uses_libraries=ALL, library_path=/data/app/~~nga_tH-7LSPJ-VBgQ3VOQQ==/com.example.trojan0project.test-QIwtlTYdrh9SJP2cX3A6qA==/lib/x86_64, permitted_path=/data:/mnt/expand:/data/user/0/com.example.trojan0project.test
11-05 16:10:46.851 23655 23655 D ApplicationLoaders: Returning zygote-cached class loader: /system/framework/android.test.base.jar
11-05 16:10:46.860 23655 23655 D nativeloader: Configuring clns-8 for other apk /system/framework/android.test.runner.jar. target_sdk_version=34, uses_libraries=ALL, library_path=/data/app/~~nga_tH-7LSPJ-VBgQ3VOQQ==/com.example.trojan0project.test-QIwtlTYdrh9SJP2cX3A6qA==/lib/x86_64, permitted_path=/data:/mnt/expand:/data/user/0/com.example.trojan0project.test
11-05 16:10:46.867 23655 23655 W ziparchive: Unable to open '/data/app/~~nga_tH-7LSPJ-VBgQ3VOQQ==/com.example.trojan0project.test-QIwtlTYdrh9SJP2cX3A6qA==/base.dm': No such file or directory
11-05 16:10:46.867 23655 23655 W ziparchive: Unable to open '/data/app/~~nga_tH-7LSPJ-VBgQ3VOQQ==/com.example.trojan0project.test-QIwtlTYdrh9SJP2cX3A6qA==/base.dm': No such file or directory
11-05 16:10:46.909 23655 23655 D nativeloader: Configuring clns-9 for other apk /data/app/~~nga_tH-7LSPJ-VBgQ3VOQQ==/com.example.trojan0project.test-QIwtlTYdrh9SJP2cX3A6qA==/base.apk. target_sdk_version=34, uses_libraries=, library_path=/data/app/~~nga_tH-7LSPJ-VBgQ3VOQQ==/com.example.trojan0project.test-QIwtlTYdrh9SJP2cX3A6qA==/lib/x86_64, permitted_path=/data:/mnt/expand:/data/user/0/com.example.trojan0project.test
11-05 16:10:46.932 23655 23655 V GraphicsEnvironment: Currently set values for:
11-05 16:10:46.932 23655 23655 V GraphicsEnvironment:   angle_gl_driver_selection_pkgs=[]
11-05 16:10:46.932 23655 23655 V GraphicsEnvironment:   angle_gl_driver_selection_values=[]
11-05 16:10:46.932 23655 23655 V GraphicsEnvironment: Global.Settings values are invalid: number of packages: 0, number of values: 0
11-05 16:10:46.932 23655 23655 V GraphicsEnvironment: Neither updatable production driver nor prerelease driver is supported.
11-05 16:10:47.026 23655 23655 W HWUI    : Unknown dataspace 0
11-05 16:10:47.046  1391  1391 I TopTaskTracker: onTaskMovedToFront: (moved taskInfo to front) taskId=227, baseIntent=Intent { act=android.intent.action.MAIN cat=[android.intent.category.HOME] flg=0x10000100 cmp=com.google.android.apps.nexuslauncher/.NexusLauncherActivity }
11-05 16:10:47.059   416   539 W ServiceManagerCppClient: Permission failure: android.permission.ACCESS_SURFACE_FLINGER from uid=10235 pid=0
11-05 16:10:47.059   416   539 D PermissionCache: checking android.permission.ACCESS_SURFACE_FLINGER for uid=10235 => denied (455 us)
11-05 16:10:47.060   416   539 W ServiceManagerCppClient: Permission failure: android.permission.ROTATE_SURFACE_FLINGER from uid=10235 pid=0
11-05 16:10:47.060   416   539 D PermissionCache: checking android.permission.ROTATE_SURFACE_FLINGER for uid=10235 => denied (1008 us)
11-05 16:10:47.060   416   532 W ServiceManagerCppClient: Permission failure: android.permission.INTERNAL_SYSTEM_WINDOW from uid=10235 pid=23655
11-05 16:10:47.060   416   532 D PermissionCache: checking android.permission.INTERNAL_SYSTEM_WINDOW for uid=10235 => denied (202 us)
11-05 16:10:47.063   416   539 W ServiceManagerCppClient: Permission failure: android.permission.INTERNAL_SYSTEM_WINDOW from uid=10235 pid=0
11-05 16:10:47.063   416   539 D PermissionCache: checking android.permission.INTERNAL_SYSTEM_WINDOW for uid=10235 => denied (2791 us)
11-05 16:10:47.080 23655 23669 I EGL_emulation: Opening libGLESv1_CM_emulation.so
11-05 16:10:47.082 23655 23669 I EGL_emulation: Opening libGLESv2_emulation.so
11-05 16:10:47.136 23655 23669 W HWUI    : Failed to choose config with EGL_SWAP_BEHAVIOR_PRESERVED, retrying without...
11-05 16:10:47.137 23655 23669 W HWUI    : Failed to initialize 101010-2 format, error = EGL_SUCCESS
11-05 16:10:47.142 23600 23600 D VRI[BrowseProfileAdmin]: visibilityChanged oldVisibility=true newVisibility=false
11-05 16:10:47.162   164   164 I hwservicemanager: getTransport: Cannot find entry android.hardware.graphics.mapper@4.0::IMapper/default in either framework or device VINTF manifest.
11-05 16:10:47.163 23655 23669 I Gralloc4: mapper 4.x is not supported
11-05 16:10:47.206   683  1852 W ServiceManagerCppClient: Permission failure: android.permission.ACCESS_SURFACE_FLINGER from uid=10235 pid=0
11-05 16:10:47.206   683  1852 D PermissionCache: checking android.permission.ACCESS_SURFACE_FLINGER for uid=10235 => denied (164 us)
11-05 16:10:47.206   683  1852 W ServiceManagerCppClient: Permission failure: android.permission.ROTATE_SURFACE_FLINGER from uid=10235 pid=0
11-05 16:10:47.206   683  1852 D PermissionCache: checking android.permission.ROTATE_SURFACE_FLINGER for uid=10235 => denied (81 us)
11-05 16:10:47.206   683  1852 W ServiceManagerCppClient: Permission failure: android.permission.INTERNAL_SYSTEM_WINDOW from uid=10235 pid=0
11-05 16:10:47.206   683  1852 D PermissionCache: checking android.permission.INTERNAL_SYSTEM_WINDOW for uid=10235 => denied (57 us)
11-05 16:10:47.216  1391  1391 D StatsLog: LAUNCHER_ONRESUME
11-05 16:10:47.217  1391  1391 D NexusLauncherModelDelegate: notifySmartspaceEvent: SmartspaceTargetEvent{mSmartspaceTarget=null, mSmartspaceActionId='null', mEventType=6}
11-05 16:10:47.221   683  1765 W AppSearchIcing: icing-search-engine.cc:321: Error: 5, Message: Document (com.google.android.googlequicksearchbox$OneSearchZeroStateGoogleSuggestions/default, zp) not found.
11-05 16:10:47.224 23600 23600 D LifecycleMonitor: Lifecycle status change: com.example.trojan0project.BrowseProfileAdmin@7e8c54e in: STOPPED
11-05 16:10:47.224 23600 23600 V ActivityScenario: Update currentActivityStage to STOPPED, currentActivity=com.example.trojan0project.BrowseProfileAdmin@7e8c54e
11-05 16:10:47.228 23600 23600 D LifecycleMonitor: Lifecycle status change: com.example.trojan0project.BrowseProfileAdmin@7e8c54e in: DESTROYED
11-05 16:10:47.229 23600 23600 V ActivityScenario: Update currentActivityStage to DESTROYED, currentActivity=null
11-05 16:10:47.231  1391  1438 D QuickstepModelDelegate: notifyAppTargetEvent action=1 launchLocation=workspace/0/[-1,-1]/[1,1]
11-05 16:10:47.233 23600 23616 I TestRunner: finished: testBrowseProfiles(com.example.trojan0project.ProfileBrowseDeleteTest)
