11-04 13:53:46.175 12584 12600 I TestRunner: started: testDeleteProfile(com.example.trojan0project.ProfileBrowseDeleteTest)
11-04 13:53:46.190 12584 12600 W Settings: Setting always_finish_activities has moved from android.provider.Settings.System to android.provider.Settings.Global, returning read-only value.
11-04 13:53:46.219  2554  3222 V GrammaticalInflectionUtils: AttributionSource: android.content.AttributionSource@88106985 does not have READ_SYSTEM_GRAMMATICAL_GENDER permission.
11-04 13:53:46.265  3094  3094 W SplitSelectStateCtor: Missing session instanceIds
11-04 13:53:46.266  3094  3094 D StatsLog: LAUNCHER_SPLIT_SELECTION_EXIT_INTERRUPTED
11-04 13:53:46.275   466   466 I BpBinder: onLastStrongRef automatically unlinking death recipients:
11-04 13:53:46.295  3094  3094 I TopTaskTracker: onTaskMovedToFront: (moved taskInfo to front) taskId=115, baseIntent=Intent { act=android.intent.action.MAIN cat=[android.intent.category.LAUNCHER] flg=0x10008000 cmp=com.example.trojan0project/.BrowseProfileAdmin }
11-04 13:53:46.385 12584 12584 D AppCompatDelegate: Checking for metadata for AppLocalesMetadataHolderService : Service not found
11-04 13:53:46.394  3094  3600 D EGL_emulation: app_time_stats: avg=254.83ms min=2.56ms max=4753.62ms count=19
11-04 13:53:46.431 12584 12584 D LifecycleMonitor: Lifecycle status change: com.example.trojan0project.BrowseProfileAdmin@35ad628 in: PRE_ON_CREATE
11-04 13:53:46.433 12584 12584 V ActivityScenario: Activity lifecycle changed event received but ignored because the reported transition was not ON_CREATE while the last known transition was PRE_ON_CREATE
11-04 13:53:46.508  3094  3600 D EGL_emulation: app_time_stats: avg=56652.26ms min=2.00ms max=736094.81ms count=13
11-04 13:53:46.540  6684  6760 D EGL_emulation: app_time_stats: avg=6933.16ms min=6933.16ms max=6933.16ms count=1
11-04 13:53:46.555  3415  4246 I BugleRcsEngine: handleMessage processing message:[NOTIFY_UPTIME_IGNORE_STATE_CHANGED] with [non-null]:RcsEngineImpl reference [CONTEXT log_prefix="RcsEngineImpl[DUAL_REG]:[70413585-842c]>Handler" thread_id=65 ]
11-04 13:53:46.560  3415  3954 I BugleRcsEngine: Connected state: [1], networkType: [WIFI] [CONTEXT thread_id=57 ]
11-04 13:53:46.575  8120  8479 I ChimeraSrvcProxy: NullBinder for android.net.action.RECOMMEND_NETWORKS triggering remote TransactionTooLargeException due to Service without Chimera impl
11-04 13:53:46.579  8120  8479 W .gms.persistent: Large reply transaction of 1056768 bytes, interface descriptor , code 1
11-04 13:53:46.595  3415  4246 I BugleRcsEngine: No RCS Configuration was found in Bugle for simID: redacted-pii:sim_id[chars:20,last3:897] [CONTEXT log_prefix="ProvisioningEngineDataRetriever" thread_id=65 ]
11-04 13:53:46.604  2554  2707 W IPCThreadState: Sending oneway calls to frozen process.
11-04 13:53:46.605  2554  2707 W IPCThreadState: Sending oneway calls to frozen process.
11-04 13:53:46.610  2554  2707 W IPCThreadState: Sending oneway calls to frozen process.
11-04 13:53:46.610  2554  2707 W IPCThreadState: Sending oneway calls to frozen process.
11-04 13:53:46.616 12584 12584 W .trojan0project: Accessing hidden method Landroid/view/ViewGroup;->makeOptionalFitsSystemWindows()V (unsupported, reflection, allowed)
11-04 13:53:46.722  8120  8479 I FontLog : (REDACTED) Received query %s, URI %s
11-04 13:53:46.730  8120  8479 I FontLog : (REDACTED) Query [%s] resolved to %s
11-04 13:53:46.758  8120  8479 I FontLog : (REDACTED) Fetch %s end status %s
11-04 13:53:46.765  8120  8479 I FontLog : (REDACTED) Pulling font file for id = %d, cache size = %d
11-04 13:53:46.790  8120  8479 I FontLog : (REDACTED) Received query %s, URI %s
11-04 13:53:46.790  8120  8479 I FontLog : (REDACTED) Query [%s] resolved to %s
11-04 13:53:46.794  8120  8479 I FontLog : (REDACTED) Fetch %s end status %s
11-04 13:53:46.799  3094  3094 D VRI[NexusLauncherActivity]: visibilityChanged oldVisibility=true newVisibility=false
11-04 13:53:46.801  8120  8479 I FontLog : (REDACTED) Pulling font file for id = %d, cache size = %d
11-04 13:53:46.809  3094  3094 D NexusLauncherModelDelegate: notifySmartspaceEvent: SmartspaceTargetEvent{mSmartspaceTarget=null, mSmartspaceActionId='null', mEventType=7}
11-04 13:53:46.896  2554  2866 D ConnectivityService: requestNetwork for uid/pid:10217/12584 activeRequest: null callbackRequest: 307 [NetworkRequest [ REQUEST id=308, [ Capabilities: INTERNET&NOT_RESTRICTED&TRUSTED&NOT_VCN_MANAGED&NOT_BANDWIDTH_CONSTRAINED Uid: 10217 RequestorUid: 10217 RequestorPkg: com.example.trojan0project UnderlyingNetworks: Null] ]] callback flags: 0 order: 2147483647 isUidTracked: false
11-04 13:53:46.901 12584 12609 W DynamiteModule: Local module descriptor class for com.google.android.gms.providerinstaller.dynamite not found.
11-04 13:53:46.906 12584 12584 D LifecycleMonitor: Lifecycle status change: com.example.trojan0project.BrowseProfileAdmin@35ad628 in: CREATED
11-04 13:53:46.907 12584 12584 V ActivityScenario: Update currentActivityStage to CREATED, currentActivity=com.example.trojan0project.BrowseProfileAdmin@35ad628
11-04 13:53:46.908  2554  2707 D ConnectivityService: NetReassign [308 : null → 101] [c 0] [a 2] [i 8]
11-04 13:53:46.913 12584 12584 D LifecycleMonitor: Lifecycle status change: com.example.trojan0project.BrowseProfileAdmin@35ad628 in: STARTED
11-04 13:53:46.913  2554  2700 D OemPaidWifiNetworkFactory: got request NetworkRequest [ REQUEST id=308, [ Capabilities: INTERNET&NOT_RESTRICTED&TRUSTED&NOT_VCN_MANAGED&NOT_BANDWIDTH_CONSTRAINED Uid: 10217 RequestorUid: 10217 RequestorPkg: com.example.trojan0project UnderlyingNetworks: Null] ]
11-04 13:53:46.915 12584 12584 V ActivityScenario: Update currentActivityStage to STARTED, currentActivity=com.example.trojan0project.BrowseProfileAdmin@35ad628
11-04 13:53:46.916  2554  2700 D MultiInternetWifiNetworkFactory: got request NetworkRequest [ REQUEST id=308, [ Capabilities: INTERNET&NOT_RESTRICTED&TRUSTED&NOT_VCN_MANAGED&NOT_BANDWIDTH_CONSTRAINED Uid: 10217 RequestorUid: 10217 RequestorPkg: com.example.trojan0project UnderlyingNetworks: Null] ]
11-04 13:53:46.918  8120  8479 W ProviderHelper: Unknown dynamite feature providerinstaller.dynamite
11-04 13:53:46.923 12584 12584 D LifecycleMonitor: Lifecycle status change: com.example.trojan0project.BrowseProfileAdmin@35ad628 in: RESUMED
11-04 13:53:46.924 12584 12584 V ActivityScenario: Update currentActivityStage to RESUMED, currentActivity=com.example.trojan0project.BrowseProfileAdmin@35ad628
11-04 13:53:46.924  2554  2700 D WifiNetworkFactory: got request NetworkRequest [ REQUEST id=308, [ Capabilities: INTERNET&NOT_RESTRICTED&TRUSTED&NOT_VCN_MANAGED&NOT_BANDWIDTH_CONSTRAINED Uid: 10217 RequestorUid: 10217 RequestorPkg: com.example.trojan0project UnderlyingNetworks: Null] ]
11-04 13:53:46.926 12584 12609 I DynamiteModule: Considering local module com.google.android.gms.providerinstaller.dynamite:0 and remote module com.google.android.gms.providerinstaller.dynamite:0
11-04 13:53:46.927 12584 12609 W ProviderInstaller: Failed to load providerinstaller module: No acceptable module com.google.android.gms.providerinstaller.dynamite found. Local version is 0 and remote version is 0.
11-04 13:53:46.931 12584 12609 D ApplicationLoaders: Returning zygote-cached class loader: /system/framework/org.apache.http.legacy.jar
11-04 13:53:46.932  2554  2700 D UntrustedWifiNetworkFactory: got request NetworkRequest [ REQUEST id=308, [ Capabilities: INTERNET&NOT_RESTRICTED&TRUSTED&NOT_VCN_MANAGED&NOT_BANDWIDTH_CONSTRAINED Uid: 10217 RequestorUid: 10217 RequestorPkg: com.example.trojan0project UnderlyingNetworks: Null] ]
11-04 13:53:46.954 12584 12584 W HWUI    : Unknown dataspace 0
11-04 13:53:46.960 12584 12609 D nativeloader: Configuring clns-10 for other apk /system/framework/com.android.media.remotedisplay.jar. target_sdk_version=35, uses_libraries=ALL, library_path=/data/app/~~D1Z05jD4rYPOgR07TnPjKA==/com.google.android.gms-CLOCBWcpOwX1guUclg7Iig==/lib/x86_64:/data/app/~~D1Z05jD4rYPOgR07TnPjKA==/com.google.android.gms-CLOCBWcpOwX1guUclg7Iig==/base.apk!/lib/x86_64, permitted_path=/data:/mnt/expand:/data/user/0/com.google.android.gms
11-04 13:53:46.983  2554  2707 D InetDiagMessage: Destroyed 0 sockets, proto=IPPROTO_TCP, family=AF_INET, states=14
11-04 13:53:46.991  2554  2707 D InetDiagMessage: Destroyed 0 sockets, proto=IPPROTO_TCP, family=AF_INET6, states=14
11-04 13:53:46.992  2554  2707 D InetDiagMessage: Destroyed live tcp sockets for uids={10201} in 12ms
11-04 13:53:46.993  2554  2707 D InetDiagMessage: Destroyed 0 sockets, proto=IPPROTO_TCP, family=AF_INET, states=14
11-04 13:53:46.996  2554  2707 D InetDiagMessage: Destroyed 0 sockets, proto=IPPROTO_TCP, family=AF_INET6, states=14
11-04 13:53:46.996  2554  2707 D InetDiagMessage: Destroyed live tcp sockets for uids={20201} in 4ms
11-04 13:53:46.997 12584 12609 D nativeloader: Configuring clns-11 for other apk /system/framework/com.android.location.provider.jar. target_sdk_version=35, uses_libraries=ALL, library_path=/data/app/~~D1Z05jD4rYPOgR07TnPjKA==/com.google.android.gms-CLOCBWcpOwX1guUclg7Iig==/lib/x86_64:/data/app/~~D1Z05jD4rYPOgR07TnPjKA==/com.google.android.gms-CLOCBWcpOwX1guUclg7Iig==/base.apk!/lib/x86_64, permitted_path=/data:/mnt/expand:/data/user/0/com.google.android.gms
11-04 13:53:47.009 12584 12609 D ApplicationLoaders: Returning zygote-cached class loader: /system_ext/framework/androidx.window.extensions.jar
11-04 13:53:47.009 12584 12609 D ApplicationLoaders: Returning zygote-cached class loader: /system_ext/framework/androidx.window.sidecar.jar
11-04 13:53:47.037 12584 12609 W .trojan0project: Loading /data/app/~~D1Z05jD4rYPOgR07TnPjKA==/com.google.android.gms-CLOCBWcpOwX1guUclg7Iig==/oat/x86_64/base.odex non-executable as it requires an image which we failed to load
11-04 13:53:47.054 12584 12609 D nativeloader: Configuring clns-12 for other apk /data/app/~~D1Z05jD4rYPOgR07TnPjKA==/com.google.android.gms-CLOCBWcpOwX1guUclg7Iig==/base.apk. target_sdk_version=35, uses_libraries=, library_path=/data/app/~~D1Z05jD4rYPOgR07TnPjKA==/com.google.android.gms-CLOCBWcpOwX1guUclg7Iig==/lib/x86_64:/data/app/~~D1Z05jD4rYPOgR07TnPjKA==/com.google.android.gms-CLOCBWcpOwX1guUclg7Iig==/base.apk!/lib/x86_64, permitted_path=/data:/mnt/expand:/data/user/0/com.google.android.gms
11-04 13:53:47.083   466   558 W ServiceManagerCppClient: Permission failure: android.permission.ACCESS_SURFACE_FLINGER from uid=10217 pid=0
11-04 13:53:47.083   466   558 D PermissionCache: checking android.permission.ACCESS_SURFACE_FLINGER for uid=10217 => denied (614 us)
11-04 13:53:47.084   466   558 W ServiceManagerCppClient: Permission failure: android.permission.ROTATE_SURFACE_FLINGER from uid=10217 pid=0
11-04 13:53:47.084   466   558 D PermissionCache: checking android.permission.ROTATE_SURFACE_FLINGER for uid=10217 => denied (790 us)
11-04 13:53:47.085 12584 12609 W ProviderInstaller: Failed to report request stats: com.google.android.gms.common.security.ProviderInstallerImpl.reportRequestStats [class android.content.Context, long, long]
11-04 13:53:47.085   466   476 W ServiceManagerCppClient: Permission failure: android.permission.INTERNAL_SYSTEM_WINDOW from uid=10217 pid=12584
11-04 13:53:47.085   466   476 D PermissionCache: checking android.permission.INTERNAL_SYSTEM_WINDOW for uid=10217 => denied (319 us)
11-04 13:53:47.089 12584 12602 I EGL_emulation: Opening libGLESv1_CM_emulation.so
11-04 13:53:47.090   466   558 W ServiceManagerCppClient: Permission failure: android.permission.INTERNAL_SYSTEM_WINDOW from uid=10217 pid=0
11-04 13:53:47.090   466   558 D PermissionCache: checking android.permission.INTERNAL_SYSTEM_WINDOW for uid=10217 => denied (5929 us)
11-04 13:53:47.093 12584 12602 I EGL_emulation: Opening libGLESv2_emulation.so
11-04 13:53:47.180 12584 12602 W HWUI    : Failed to choose config with EGL_SWAP_BEHAVIOR_PRESERVED, retrying without...
11-04 13:53:47.181 12584 12602 W HWUI    : Failed to initialize 101010-2 format, error = EGL_SUCCESS
11-04 13:53:47.227   188   188 I hwservicemanager: getTransport: Cannot find entry android.hardware.graphics.mapper@4.0::IMapper/default in either framework or device VINTF manifest.
11-04 13:53:47.228 12584 12602 I Gralloc4: mapper 4.x is not supported
11-04 13:53:47.278 12584 12609 D nativeloader: Load /data/app/~~D1Z05jD4rYPOgR07TnPjKA==/com.google.android.gms-CLOCBWcpOwX1guUclg7Iig==/base.apk!/lib/x86_64/libconscrypt_gmscore_jni.so using ns clns-12 from class loader (caller=/data/app/~~D1Z05jD4rYPOgR07TnPjKA==/com.google.android.gms-CLOCBWcpOwX1guUclg7Iig==/base.apk!classes3.dex): ok
11-04 13:53:47.287 12584 12609 V NativeCrypto: Registering com/google/android/gms/org/conscrypt/NativeCrypto's 305 native methods...
11-04 13:53:47.313  8120  8133 I .gms.persistent: Background concurrent mark compact GC freed 12MB AllocSpace bytes, 6(104KB) LOS objects, 49% free, 13MB/27MB, paused 493us,40.570ms total 592.351ms
11-04 13:53:47.359  8120  8142 W .gms.persistent: ApkAssets: Deleting an ApkAssets object '<empty> and /product/priv-app/PrebuiltBugle/PrebuiltBugle.apk' with 1 weak references
11-04 13:53:47.363  8120  8142 W .gms.persistent: ApkAssets: Deleting an ApkAssets object '<empty> and /data/app/~~Itl2lUY_1VEJtd9Bhl9AqQ==/com.example.trojan0project-343Wf7xVpbRnn0OUdcT05g==/base.apk' with 1 weak references
11-04 13:53:47.397  2554  2866 W ServiceManagerCppClient: Permission failure: android.permission.ACCESS_SURFACE_FLINGER from uid=10217 pid=0
11-04 13:53:47.397  2554  2866 D PermissionCache: checking android.permission.ACCESS_SURFACE_FLINGER for uid=10217 => denied (164 us)
11-04 13:53:47.397  2554  2866 W ServiceManagerCppClient: Permission failure: android.permission.ROTATE_SURFACE_FLINGER from uid=10217 pid=0
11-04 13:53:47.397  2554  2866 D PermissionCache: checking android.permission.ROTATE_SURFACE_FLINGER for uid=10217 => denied (67 us)
11-04 13:53:47.397  2554  2866 W ServiceManagerCppClient: Permission failure: android.permission.INTERNAL_SYSTEM_WINDOW from uid=10217 pid=0
11-04 13:53:47.397  2554  2866 D PermissionCache: checking android.permission.INTERNAL_SYSTEM_WINDOW for uid=10217 => denied (159 us)
11-04 13:53:47.411  2554  2575 W ziparchive: Unable to open '/data/app/~~Itl2lUY_1VEJtd9Bhl9AqQ==/com.example.trojan0project-343Wf7xVpbRnn0OUdcT05g==/base.dm': No such file or directory
11-04 13:53:47.416  2554  2575 I ActivityTaskManager: Displayed com.example.trojan0project/.BrowseProfileAdmin for user 0: +1s197ms
11-04 13:53:47.430  3094  3094 D BaseDepthController: setSurface:
11-04 13:53:47.430  3094  3094 D BaseDepthController: 	mWaitingOnSurfaceValidity: false
11-04 13:53:47.430  3094  3094 D BaseDepthController: 	mSurface: null
11-04 13:53:47.430  3094  3094 D BaseDepthController: mSurface is null and mCurrentBlur is: 0
11-04 13:53:47.436  2554  2675 I ImeTracker: com.example.trojan0project:ce0b122: onRequestHide at ORIGIN_SERVER reason HIDE_UNSPECIFIED_WINDOW fromUser false
11-04 13:53:47.436  3094  3094 D StateManager: goToState - fromState: Normal, toState: Normal, partial trace:
11-04 13:53:47.436  3094  3094 D StateManager: 	at com.android.launcher3.statemanager.StateManager.moveToRestState(go/retraceme 2855a437b73635ce9cad76b9289087e631bbb67fc90008a0da13d343a00e5041:4)
11-04 13:53:47.436  3094  3094 D StateManager: 	at com.android.launcher3.statemanager.StateManager.moveToRestState(go/retraceme 2855a437b73635ce9cad76b9289087e631bbb67fc90008a0da13d343a00e5041:1)
11-04 13:53:47.436  3094  3094 D StateManager: 	at com.android.launcher3.statemanager.StatefulActivity.onStop(go/retraceme 2855a437b73635ce9cad76b9289087e631bbb67fc90008a0da13d343a00e5041:34)
11-04 13:53:47.453  2554  2675 I ImeTracker: com.example.trojan0project:ce0b122: onCancelled at PHASE_SERVER_SHOULD_HIDE
11-04 13:53:47.462  3094  3094 D StatsLog: LAUNCHER_ONSTOP
11-04 13:53:47.465 12584 12627 W .trojan0project: Accessing hidden method Ldalvik/system/VMStack;->getStackClass2()Ljava/lang/Class; (unsupported, reflection, allowed)
11-04 13:53:47.472  8120  8479 I FontLog : (REDACTED) Received query %s, URI %s
11-04 13:53:47.472  8120  8479 I FontLog : (REDACTED) Query [%s] resolved to %s
11-04 13:53:47.476  3094  3869 D OneSearchSuggestProvider: Shut down the binder channel
11-04 13:53:47.476  8120  8479 I FontLog : (REDACTED) Fetch %s end status %s
11-04 13:53:47.481  8120 11101 I FontLog : (REDACTED) Pulling font file for id = %d, cache size = %d
11-04 13:53:47.494  3094  3094 D StatsLog: LAUNCHER_GOOGLE_SEARCH_RESTORE_LIST_SIZE_AFTER_ACTIVITY_RESTART
11-04 13:53:47.531  8120 11101 I FontLog : (REDACTED) Pulling font file for id = %d, cache size = %d
11-04 13:53:47.543 12584 12623 E GoogleApiManager: Failed to get service from broker.
11-04 13:53:47.543 12584 12623 E GoogleApiManager: java.lang.SecurityException: Unknown calling package name 'com.google.android.gms'.
11-04 13:53:47.543 12584 12623 E GoogleApiManager: 	at android.os.Parcel.createExceptionOrNull(Parcel.java:3242)
11-04 13:53:47.543 12584 12623 E GoogleApiManager: 	at android.os.Parcel.createException(Parcel.java:3226)
11-04 13:53:47.543 12584 12623 E GoogleApiManager: 	at android.os.Parcel.readException(Parcel.java:3209)
11-04 13:53:47.543 12584 12623 E GoogleApiManager: 	at android.os.Parcel.readException(Parcel.java:3151)
11-04 13:53:47.543 12584 12623 E GoogleApiManager: 	at amrk.a(:com.google.android.gms@244233038@24.42.33 (260800-689790151):36)
11-04 13:53:47.543 12584 12623 E GoogleApiManager: 	at ampr.z(:com.google.android.gms@244233038@24.42.33 (260800-689790151):143)
11-04 13:53:47.543 12584 12623 E GoogleApiManager: 	at alwy.run(:com.google.android.gms@244233038@24.42.33 (260800-689790151):54)
11-04 13:53:47.543 12584 12623 E GoogleApiManager: 	at android.os.Handler.handleCallback(Handler.java:959)
11-04 13:53:47.543 12584 12623 E GoogleApiManager: 	at android.os.Handler.dispatchMessage(Handler.java:100)
11-04 13:53:47.543 12584 12623 E GoogleApiManager: 	at bruz.mx(:com.google.android.gms@244233038@24.42.33 (260800-689790151):1)
11-04 13:53:47.543 12584 12623 E GoogleApiManager: 	at bruz.dispatchMessage(:com.google.android.gms@244233038@24.42.33 (260800-689790151):5)
11-04 13:53:47.543 12584 12623 E GoogleApiManager: 	at android.os.Looper.loopOnce(Looper.java:232)
11-04 13:53:47.543 12584 12623 E GoogleApiManager: 	at android.os.Looper.loop(Looper.java:317)
11-04 13:53:47.543 12584 12623 E GoogleApiManager: 	at android.os.HandlerThread.run(HandlerThread.java:85)
11-04 13:53:47.551  8355  8355 I GoogleInputMethodService: GoogleInputMethodService.onFinishInput():3157
11-04 13:53:47.573 12584 12622 W CondFlagRegistrar: Failed to register com.google.android.gms.providerinstaller#com.google.android.gms
11-04 13:53:47.573 12584 12622 W CondFlagRegistrar: eimg: 17: 17: API: Phenotype.API is not available on this device. Connection failed with: ConnectionResult{statusCode=DEVELOPER_ERROR, resolution=null, message=null}
11-04 13:53:47.573 12584 12622 W CondFlagRegistrar: 	at eimi.a(:com.google.android.gms@244233038@24.42.33 (260800-689790151):13)
11-04 13:53:47.573 12584 12622 W CondFlagRegistrar: 	at fbpd.d(:com.google.android.gms@244233038@24.42.33 (260800-689790151):3)
11-04 13:53:47.573 12584 12622 W CondFlagRegistrar: 	at fbpf.run(:com.google.android.gms@244233038@24.42.33 (260800-689790151):130)
11-04 13:53:47.573 12584 12622 W CondFlagRegistrar: 	at fbqy.execute(:com.google.android.gms@244233038@24.42.33 (260800-689790151):1)
11-04 13:53:47.573 12584 12622 W CondFlagRegistrar: 	at fbpg.h(:com.google.android.gms@244233038@24.42.33 (260800-689790151):1)
11-04 13:53:47.573 12584 12622 W CondFlagRegistrar: 	at fbpg.l(:com.google.android.gms@244233038@24.42.33 (260800-689790151):101)
11-04 13:53:47.573 12584 12622 W CondFlagRegistrar: 	at fbpg.p(:com.google.android.gms@244233038@24.42.33 (260800-689790151):19)
11-04 13:53:47.573 12584 12622 W CondFlagRegistrar: 	at easa.hA(:com.google.android.gms@244233038@24.42.33 (260800-689790151):35)
11-04 13:53:47.573 12584 12622 W CondFlagRegistrar: 	at dqgl.run(:com.google.android.gms@244233038@24.42.33 (260800-689790151):14)
11-04 13:53:47.573 12584 12622 W CondFlagRegistrar: 	at fbqy.execute(:com.google.android.gms@244233038@24.42.33 (260800-689790151):1)
11-04 13:53:47.573 12584 12622 W CondFlagRegistrar: 	at dqgm.b(:com.google.android.gms@244233038@24.42.33 (260800-689790151):18)
11-04 13:53:47.573 12584 12622 W CondFlagRegistrar: 	at dqhb.b(:com.google.android.gms@244233038@24.42.33 (260800-689790151):36)
11-04 13:53:47.573 12584 12622 W CondFlagRegistrar: 	at dqhd.c(:com.google.android.gms@244233038@24.42.33 (260800-689790151):26)
11-04 13:53:47.573 12584 12622 W CondFlagRegistrar: 	at alug.c(:com.google.android.gms@244233038@24.42.33 (260800-689790151):9)
11-04 13:53:47.573 12584 12622 W CondFlagRegistrar: 	at alww.q(:com.google.android.gms@244233038@24.42.33 (260800-689790151):48)
11-04 13:53:47.573 12584 12622 W CondFlagRegistrar: 	at alww.d(:com.google.android.gms@244233038@24.42.33 (260800-689790151):10)
11-04 13:53:47.573 12584 12622 W CondFlagRegistrar: 	at alww.g(:com.google.android.gms@244233038@24.42.33 (260800-689790151):211)
11-04 13:53:47.573 12584 12622 W CondFlagRegistrar: 	at alww.onConnectionFailed(:com.google.android.gms@244233038@24.42.33 (260800-689790151):2)
11-04 13:53:47.573 12584 12622 W CondFlagRegistrar: 	at alwy.run(:com.google.android.gms@244233038@24.42.33 (260800-689790151):82)
11-04 13:53:47.573 12584 12622 W CondFlagRegistrar: 	at android.os.Handler.handleCallback(Handler.java:959)
11-04 13:53:47.573 12584 12622 W CondFlagRegistrar: 	at android.os.Handler.dispatchMessage(Handler.java:100)
11-04 13:53:47.573 12584 12622 W CondFlagRegistrar: 	at bruz.mx(:com.google.android.gms@244233038@24.42.33 (260800-689790151):1)
11-04 13:53:47.573 12584 12622 W CondFlagRegistrar: 	at bruz.dispatchMessage(:com.google.android.gms@244233038@24.42.33 (260800-689790151):5)
11-04 13:53:47.573 12584 12622 W CondFlagRegistrar: 	at android.os.Looper.loopOnce(Looper.java:232)
11-04 13:53:47.573 12584 12622 W CondFlagRegistrar: 	at android.os.Looper.loop(Looper.java:317)
11-04 13:53:47.573 12584 12622 W CondFlagRegistrar: 	at android.os.HandlerThread.run(HandlerThread.java:85)
11-04 13:53:47.573 12584 12622 W CondFlagRegistrar: Caused by: alsy: 17: API: Phenotype.API is not available on this device. Connection failed with: ConnectionResult{statusCode=DEVELOPER_ERROR, resolution=null, message=null}
11-04 13:53:47.573 12584 12622 W CondFlagRegistrar: 	at ampd.a(:com.google.android.gms@244233038@24.42.33 (260800-689790151):15)
11-04 13:53:47.573 12584 12622 W CondFlagRegistrar: 	at aluj.a(:com.google.android.gms@244233038@24.42.33 (260800-689790151):1)
11-04 13:53:47.573 12584 12622 W CondFlagRegistrar: 	at alug.c(:com.google.android.gms@244233038@24.42.33 (260800-689790151):5)
11-04 13:53:47.573 12584 12622 W CondFlagRegistrar: 	... 12 more
11-04 13:53:47.586 12584 12627 I eilv.a  : Unable to retrieve flag snapshot for com.google.android.gms.providerinstaller#com.google.android.gms, using defaults.
11-04 13:53:47.598 12584 12609 W .trojan0project: Accessing hidden method Ljava/security/spec/ECParameterSpec;->getCurveName()Ljava/lang/String; (unsupported, reflection, allowed)
11-04 13:53:47.608  8355  8355 I GoogleInputMethodService: GoogleInputMethodService.updateDeviceLockedStatus():2248 repeatCheckTimes = 0, locked = false
11-04 13:53:47.613  8355  8355 I GoogleInputMethodService: GoogleInputMethodService.onStartInput():1986 onStartInput(EditorInfo{EditorInfo{packageName=com.example.trojan0project, inputType=0, inputTypeString=NULL, enableLearning=false, autoCorrection=false, autoComplete=false, imeOptions=0, privateImeOptions=null, actionName=UNSPECIFIED, actionLabel=null, initialSelStart=-1, initialSelEnd=-1, initialCapsMode=0, label=null, fieldId=0, fieldName=null, extras=null, hintText=null, hintLocales=[]}}, false)
11-04 13:53:47.614  8355  8355 I GoogleInputMethodService: GoogleInputMethodService.updateDeviceLockedStatus():2248 repeatCheckTimes = 1, locked = false
11-04 13:53:47.626  8355  8355 I AndroidIME: InputBundleManager.loadActiveInputBundleId():450 loadActiveInputBundleId: und-Latn-x-password, password
11-04 13:53:47.669 12584 12588 I .trojan0project: Compiler allocated 4219KB to compile void android.widget.TextView.<init>(android.content.Context, android.util.AttributeSet, int, int)
11-04 13:53:47.675 12584 12609 I ProviderInstaller: Installed default security provider GmsCore_OpenSSL
11-04 13:53:47.713  6684  6743 W WindowOnBackDispatcher: sendCancelIfRunning: isInProgress=false callback=android.view.ViewRootImpl$$ExternalSyntheticLambda11@fcbe05f
11-04 13:53:47.716  2554  2866 W InputManager-JNI: Input channel object '1e035c5 Splash Screen com.example.trojan0project (client)' was disposed without first being removed with the input manager!
11-04 13:53:47.743  2554  2866 D ConnectivityService: requestNetwork for uid/pid:10217/12584 activeRequest: null callbackRequest: 309 [NetworkRequest [ REQUEST id=310, [ Capabilities: INTERNET&NOT_RESTRICTED&TRUSTED&NOT_VCN_MANAGED&NOT_BANDWIDTH_CONSTRAINED Uid: 10217 RequestorUid: 10217 RequestorPkg: com.example.trojan0project UnderlyingNetworks: Null] ]] callback flags: 0 order: 2147483647 isUidTracked: false
11-04 13:53:47.747  2554  2700 D OemPaidWifiNetworkFactory: got request NetworkRequest [ REQUEST id=310, [ Capabilities: INTERNET&NOT_RESTRICTED&TRUSTED&NOT_VCN_MANAGED&NOT_BANDWIDTH_CONSTRAINED Uid: 10217 RequestorUid: 10217 RequestorPkg: com.example.trojan0project UnderlyingNetworks: Null] ]
11-04 13:53:47.747  2554  2700 D MultiInternetWifiNetworkFactory: got request NetworkRequest [ REQUEST id=310, [ Capabilities: INTERNET&NOT_RESTRICTED&TRUSTED&NOT_VCN_MANAGED&NOT_BANDWIDTH_CONSTRAINED Uid: 10217 RequestorUid: 10217 RequestorPkg: com.example.trojan0project UnderlyingNetworks: Null] ]
11-04 13:53:47.747  2554  2700 D WifiNetworkFactory: got request NetworkRequest [ REQUEST id=310, [ Capabilities: INTERNET&NOT_RESTRICTED&TRUSTED&NOT_VCN_MANAGED&NOT_BANDWIDTH_CONSTRAINED Uid: 10217 RequestorUid: 10217 RequestorPkg: com.example.trojan0project UnderlyingNetworks: Null] ]
11-04 13:53:47.748  2554  2700 D UntrustedWifiNetworkFactory: got request NetworkRequest [ REQUEST id=310, [ Capabilities: INTERNET&NOT_RESTRICTED&TRUSTED&NOT_VCN_MANAGED&NOT_BANDWIDTH_CONSTRAINED Uid: 10217 RequestorUid: 10217 RequestorPkg: com.example.trojan0project UnderlyingNetworks: Null] ]
11-04 13:53:47.748  2554  2707 D ConnectivityService: NetReassign [310 : null → 101] [c 1] [a 1] [i 2]
11-04 13:53:47.969 12584 12643 D TrafficStats: tagSocket(151) with statsTag=0xffffffff, statsUid=-1
11-04 13:53:48.042 12584 12643 W .trojan0project: Accessing hidden field Ljava/net/Socket;->impl:Ljava/net/SocketImpl; (unsupported, reflection, allowed)
11-04 13:53:48.174 12584 12643 W .trojan0project: Accessing hidden method Ljava/security/spec/ECParameterSpec;->setCurveName(Ljava/lang/String;)V (unsupported, reflection, allowed)
11-04 13:53:48.407 12584 12588 I .trojan0project: Compiler allocated 5174KB to compile void android.view.ViewRootImpl.performTraversals()
11-04 13:53:48.517  4528  4666 I BistoHotwordHelper: (REDACTED) getHotwordActive::active query: %s, watch: %s, devices connected: %s
11-04 13:53:48.604 12584 12602 D EGL_emulation: app_time_stats: avg=297.44ms min=3.29ms max=1129.33ms count=4
11-04 13:53:49.387  2774  2774 I wpa_supplicant: wlan0: CTRL-EVENT-BEACON-LOSS
11-04 13:53:49.795  2554  2707 D InetDiagMessage: Destroyed 0 sockets, proto=IPPROTO_TCP, family=AF_INET, states=14
11-04 13:53:49.798  2554  2707 D InetDiagMessage: Destroyed 0 sockets, proto=IPPROTO_TCP, family=AF_INET6, states=14
11-04 13:53:49.798  2554  2707 D InetDiagMessage: Destroyed live tcp sockets for uids={10091} in 3ms
11-04 13:53:50.459 12584 12600 W FileTestStorage: Output properties is not supported.
11-04 13:53:50.462 12584 12600 E AndroidXTracer: enableTracing failed. You may need to upgrade your androidx.tracing:tracing version
11-04 13:53:50.462 12584 12600 E AndroidXTracer: java.lang.NoSuchMethodError: No static method forceEnableAppTracing()V in class Landroidx/tracing/Trace; or its super classes (declaration of 'androidx.tracing.Trace' appears in /data/app/~~Itl2lUY_1VEJtd9Bhl9AqQ==/com.example.trojan0project-343Wf7xVpbRnn0OUdcT05g==/base.apk)
11-04 13:53:50.462 12584 12600 E AndroidXTracer: 	at androidx.test.platform.tracing.AndroidXTracer.enableTracing(AndroidXTracer.java:57)
11-04 13:53:50.462 12584 12600 E AndroidXTracer: 	at androidx.test.platform.tracing.Tracing.<init>(Tracing.java:53)
11-04 13:53:50.462 12584 12600 E AndroidXTracer: 	at androidx.test.platform.tracing.Tracing.<clinit>(Tracing.java:49)
11-04 13:53:50.462 12584 12600 E AndroidXTracer: 	at androidx.test.espresso.base.BaseLayerModule.providesTracing(BaseLayerModule.java:190)
11-04 13:53:50.462 12584 12600 E AndroidXTracer: 	at androidx.test.espresso.base.BaseLayerModule_ProvidesTracingFactory.providesTracing(BaseLayerModule_ProvidesTracingFactory.java:37)
11-04 13:53:50.462 12584 12600 E AndroidXTracer: 	at androidx.test.espresso.base.BaseLayerModule_ProvidesTracingFactory.get(BaseLayerModule_ProvidesTracingFactory.java:29)
11-04 13:53:50.462 12584 12600 E AndroidXTracer: 	at androidx.test.espresso.base.BaseLayerModule_ProvidesTracingFactory.get(BaseLayerModule_ProvidesTracingFactory.java:11)
11-04 13:53:50.462 12584 12600 E AndroidXTracer: 	at androidx.test.espresso.core.internal.deps.dagger.internal.DoubleCheck.get(DoubleCheck.java:47)
11-04 13:53:50.462 12584 12600 E AndroidXTracer: 	at androidx.test.espresso.base.IdlingResourceRegistry_Factory.get(IdlingResourceRegistry_Factory.java:34)
11-04 13:53:50.462 12584 12600 E AndroidXTracer: 	at androidx.test.espresso.base.IdlingResourceRegistry_Factory.get(IdlingResourceRegistry_Factory.java:12)
11-04 13:53:50.462 12584 12600 E AndroidXTracer: 	at androidx.test.espresso.core.internal.deps.dagger.internal.DoubleCheck.get(DoubleCheck.java:47)
11-04 13:53:50.462 12584 12600 E AndroidXTracer: 	at androidx.test.espresso.DaggerBaseLayerComponent$BaseLayerComponentImpl.idlingResourceRegistry(DaggerBaseLayerComponent.java:275)
11-04 13:53:50.462 12584 12600 E AndroidXTracer: 	at androidx.test.espresso.Espresso.<clinit>(Espresso.java:64)
11-04 13:53:50.462 12584 12600 E AndroidXTracer: 	at com.example.trojan0project.ProfileBrowseDeleteTest.testDeleteProfile(ProfileBrowseDeleteTest.java:52)
11-04 13:53:50.462 12584 12600 E AndroidXTracer: 	at java.lang.reflect.Method.invoke(Native Method)
11-04 13:53:50.462 12584 12600 E AndroidXTracer: 	at org.junit.runners.model.FrameworkMethod$1.runReflectiveCall(FrameworkMethod.java:59)
11-04 13:53:50.462 12584 12600 E AndroidXTracer: 	at org.junit.internal.runners.model.ReflectiveCallable.run(ReflectiveCallable.java:12)
11-04 13:53:50.462 12584 12600 E AndroidXTracer: 	at org.junit.runners.model.FrameworkMethod.invokeExplosively(FrameworkMethod.java:56)
11-04 13:53:50.462 12584 12600 E AndroidXTracer: 	at org.junit.internal.runners.statements.InvokeMethod.evaluate(InvokeMethod.java:17)
11-04 13:53:50.462 12584 12600 E AndroidXTracer: 	at org.junit.rules.ExternalResource$1.evaluate(ExternalResource.java:54)
11-04 13:53:50.462 12584 12600 E AndroidXTracer: 	at org.junit.runners.ParentRunner$3.evaluate(ParentRunner.java:306)
11-04 13:53:50.462 12584 12600 E AndroidXTracer: 	at org.junit.runners.BlockJUnit4ClassRunner$1.evaluate(BlockJUnit4ClassRunner.java:100)
11-04 13:53:50.462 12584 12600 E AndroidXTracer: 	at org.junit.runners.ParentRunner.runLeaf(ParentRunner.java:366)
11-04 13:53:50.462 12584 12600 E AndroidXTracer: 	at org.junit.runners.BlockJUnit4ClassRunner.runChild(BlockJUnit4ClassRunner.java:103)
11-04 13:53:50.462 12584 12600 E AndroidXTracer: 	at org.junit.runners.BlockJUnit4ClassRunner.runChild(BlockJUnit4ClassRunner.java:63)
11-04 13:53:50.462 12584 12600 E AndroidXTracer: 	at org.junit.runners.ParentRunner$4.run(ParentRunner.java:331)
11-04 13:53:50.462 12584 12600 E AndroidXTracer: 	at org.junit.runners.ParentRunner$1.schedule(ParentRunner.java:79)
11-04 13:53:50.462 12584 12600 E AndroidXTracer: 	at org.junit.runners.ParentRunner.runChildren(ParentRunner.java:329)
11-04 13:53:50.462 12584 12600 E AndroidXTracer: 	at org.junit.runners.ParentRunner.access$100(ParentRunner.java:66)
11-04 13:53:50.462 12584 12600 E AndroidXTracer: 	at org.junit.runners.ParentRunner$2.evaluate(ParentRunner.java:293)
11-04 13:53:50.462 12584 12600 E AndroidXTracer: 	at org.junit.runners.ParentRunner$3.evaluate(ParentRunner.java:306)
11-04 13:53:50.462 12584 12600 E AndroidXTracer: 	at org.junit.runners.ParentRunner.run(ParentRunner.java:413)
11-04 13:53:50.462 12584 12600 E AndroidXTracer: 	at androidx.test.ext.junit.runners.AndroidJUnit4.run(AndroidJUnit4.java:162)
11-04 13:53:50.462 12584 12600 E AndroidXTracer: 	at org.junit.runners.Suite.runChild(Suite.java:128)
11-04 13:53:50.462 12584 12600 E AndroidXTracer: 	at org.junit.runners.Suite.runChild(Suite.java:27)
11-04 13:53:50.462 12584 12600 E AndroidXTracer: 	at org.junit.runners.ParentRunner$4.run(ParentRunner.java:331)
11-04 13:53:50.462 12584 12600 E AndroidXTracer: 	at org.junit.runners.ParentRunner$1.schedule(ParentRunner.java:79)
11-04 13:53:50.462 12584 12600 E AndroidXTracer: 	at org.junit.runners.ParentRunner.runChildren(ParentRunner.java:329)
11-04 13:53:50.462 12584 12600 E AndroidXTracer: 	at org.junit.runners.ParentRunner.access$100(ParentRunner.java:66)
11-04 13:53:50.462 12584 12600 E AndroidXTracer: 	at org.junit.runners.ParentRunner$2.evaluate(ParentRunner.java:293)
11-04 13:53:50.462 12584 12600 E AndroidXTracer: 	at org.junit.runners.ParentRunner$3.evaluate(ParentRunner.java:306)
11-04 13:53:50.462 12584 12600 E AndroidXTracer: 	at org.junit.runners.ParentRunner.run(ParentRunner.java:413)
11-04 13:53:50.462 12584 12600 E AndroidXTracer: 	at org.junit.runner.JUnitCore.run(JUnitCore.java:137)
11-04 13:53:50.462 12584 12600 E AndroidXTracer: 	at org.junit.runner.JUnitCore.run(JUnitCore.java:115)
11-04 13:53:50.462 12584 12600 E AndroidXTracer: 	at androidx.test.internal.runner.TestExecutor.execute(TestExecutor.java:68)
11-04 13:53:50.463 12584 12600 E AndroidXTracer: 	at androidx.test.internal.runner.TestExecutor.execute(TestExecutor.java:59)
11-04 13:53:50.463 12584 12600 E AndroidXTracer: 	at androidx.test.runner.AndroidJUnitRunner.onStart(AndroidJUnitRunner.java:463)
11-04 13:53:50.463 12584 12600 E AndroidXTracer: 	at android.app.Instrumentation$InstrumentationThread.run(Instrumentation.java:2594)
11-04 13:53:50.463 12584 12600 I Tracing : Tracer added: class androidx.test.platform.tracing.AndroidXTracer
11-04 13:53:50.472 12584 12600 W .trojan0project: Accessing hidden method Landroid/view/ViewConfiguration;->getDoubleTapMinTime()I (unsupported, reflection, allowed)
11-04 13:53:50.477 12584 12600 D CompatChangeReporter: Compat change id reported: 247079863; UID 10217; state: ENABLED
11-04 13:53:50.482 12584 12600 D EventInjectionStrategy: Creating injection strategy with input manager.
11-04 13:53:50.482 12584 12600 W .trojan0project: Accessing hidden method Landroid/hardware/input/InputManager;->getInstance()Landroid/hardware/input/InputManager; (unsupported, reflection, allowed)
11-04 13:53:50.485 12584 12600 W .trojan0project: Accessing hidden method Landroid/hardware/input/InputManager;->injectInputEvent(Landroid/view/InputEvent;I)Z (unsupported, reflection, allowed)
11-04 13:53:50.486 12584 12600 W .trojan0project: Accessing hidden field Landroid/hardware/input/InputManager;->INJECT_INPUT_EVENT_MODE_WAIT_FOR_FINISH:I (unsupported, reflection, allowed)
11-04 13:53:50.494 12584 12584 W .trojan0project: Accessing hidden method Landroid/os/MessageQueue;->next()Landroid/os/Message; (unsupported, reflection, allowed)
11-04 13:53:50.494 12584 12584 W .trojan0project: Accessing hidden field Landroid/os/MessageQueue;->mMessages:Landroid/os/Message; (unsupported, reflection, allowed)
11-04 13:53:50.496 12584 12584 W .trojan0project: Accessing hidden method Landroid/os/Message;->recycleUnchecked()V (unsupported, reflection, allowed)
11-04 13:53:50.500 12584 12584 I ViewInteraction: Performing 'load adapter data' action on view view.getId() is <2131362170/com.example.trojan0project:id/profile_list>
11-04 13:53:50.522 12584 12602 D EGL_emulation: app_time_stats: avg=105.90ms min=14.37ms max=1470.96ms count=18
11-04 13:53:50.522 12584 12584 I ViewInteraction: Performing 'single click' action on view  displaying data matching: ANYTHING within adapter view matching: view.getId() is <2131362170/com.example.trojan0project:id/profile_list>
11-04 13:53:50.693  2447  4074 D audioserver: logFgsApiBegin: FGS Logger Transaction failed, -129
11-04 13:53:50.697  2554  2866 W AS.PlaybackActivityMon: No piid assigned for invalid/internal port id 15
11-04 13:53:50.839 12584 12584 W WindowOnBackDispatcher: OnBackInvokedCallback is not enabled for the application.
11-04 13:53:50.839 12584 12584 W WindowOnBackDispatcher: Set 'android:enableOnBackInvokedCallback="true"' in the application manifest.
11-04 13:53:50.974  2447  2501 D audioserver: logFgsApiEnd: FGS Logger Transaction failed, -129
11-04 13:53:51.346 12584 12584 I ViewInteraction: Checking 'MatchesViewAssertion{viewMatcher=(view has effective visibility <VISIBLE> and view.getGlobalVisibleRect() to return non-empty rectangle)}' assertion on view an instance of android.widget.TextView and view.getText() with or without transformation to match: is "Do you want to delete the profile?"
11-04 13:53:51.355  3094  3600 D EGL_emulation: app_time_stats: avg=172.77ms min=1.95ms max=4363.78ms count=26
11-04 13:53:51.358 12584 12584 I ViewInteraction: Performing 'single click' action on view view.getId() is <2131362325/com.example.trojan0project:id/yes_remove_profile>
11-04 13:53:51.381  6684  6760 D EGL_emulation: app_time_stats: avg=683.25ms min=3.20ms max=4707.10ms count=7
11-04 13:53:51.414  2447  4074 D audioserver: logFgsApiBegin: FGS Logger Transaction failed, -129
11-04 13:53:51.415  2554  2870 W AS.PlaybackActivityMon: No piid assigned for invalid/internal port id 15
11-04 13:53:51.416 12584 12584 W WindowOnBackDispatcher: sendCancelIfRunning: isInProgress=false callback=android.view.ViewRootImpl$$ExternalSyntheticLambda11@280795f
11-04 13:53:51.425  2447  2501 D AudioFlinger: mixer(0x73d9b43078e0) throttle end: throttle time(34)
11-04 13:53:51.443  2554  3222 W InputManager-JNI: Input channel object 'd3f160b com.example.trojan0project/com.example.trojan0project.BrowseProfileAdmin (client)' was disposed without first being removed with the input manager!
11-04 13:53:51.449 12584 12584 W WindowOnBackDispatcher: OnBackInvokedCallback is not enabled for the application.
11-04 13:53:51.449 12584 12584 W WindowOnBackDispatcher: Set 'android:enableOnBackInvokedCallback="true"' in the application manifest.
11-04 13:53:51.488  2554  2675 I ImeTracker: com.example.trojan0project:a2b5c61d: onRequestHide at ORIGIN_SERVER reason HIDE_SAME_WINDOW_FOCUSED_WITHOUT_EDITOR fromUser false
11-04 13:53:51.488  2554  2675 I ImeTracker: com.example.trojan0project:a2b5c61d: onCancelled at PHASE_SERVER_SHOULD_HIDE
11-04 13:53:51.491  8355  8355 I GoogleInputMethodService: GoogleInputMethodService.onFinishInput():3157
11-04 13:53:51.492  8355  8355 I GoogleInputMethodService: GoogleInputMethodService.updateDeviceLockedStatus():2248 repeatCheckTimes = 0, locked = false
11-04 13:53:51.493  8355  8355 I GoogleInputMethodService: GoogleInputMethodService.onStartInput():1986 onStartInput(EditorInfo{EditorInfo{packageName=com.example.trojan0project, inputType=0, inputTypeString=NULL, enableLearning=false, autoCorrection=false, autoComplete=false, imeOptions=0, privateImeOptions=null, actionName=UNSPECIFIED, actionLabel=null, initialSelStart=-1, initialSelEnd=-1, initialCapsMode=0, label=null, fieldId=0, fieldName=null, extras=null, hintText=null, hintLocales=[]}}, false)
11-04 13:53:51.494  8355  8355 I GoogleInputMethodService: GoogleInputMethodService.updateDeviceLockedStatus():2248 repeatCheckTimes = 1, locked = false
11-04 13:53:51.495  8355  8355 I AndroidIME: InputBundleManager.loadActiveInputBundleId():450 loadActiveInputBundleId: und-Latn-x-password, password
11-04 13:53:51.631  2447  2501 D audioserver: logFgsApiEnd: FGS Logger Transaction failed, -129
11-04 13:53:51.890 12584 12652 D ProfileInstaller: Installing profile for com.example.trojan0project
11-04 13:53:51.968  2554  2707 D InetDiagMessage: Destroyed 0 sockets, proto=IPPROTO_TCP, family=AF_INET, states=14
11-04 13:53:51.970  2554  2707 D InetDiagMessage: Destroyed 0 sockets, proto=IPPROTO_TCP, family=AF_INET6, states=14
11-04 13:53:51.971  2554  2707 D InetDiagMessage: Destroyed live tcp sockets for uids={10201} in 4ms
11-04 13:53:51.973  2554  2707 D InetDiagMessage: Destroyed 0 sockets, proto=IPPROTO_TCP, family=AF_INET, states=14
11-04 13:53:51.975  2554  2707 D InetDiagMessage: Destroyed 0 sockets, proto=IPPROTO_TCP, family=AF_INET6, states=14
11-04 13:53:51.975  2554  2707 D InetDiagMessage: Destroyed live tcp sockets for uids={10102} in 5ms
11-04 13:53:52.191 12584 12602 D EGL_emulation: app_time_stats: avg=22.81ms min=1.60ms max=683.19ms count=49
11-04 13:53:53.688  2554  2707 D InetDiagMessage: Destroyed 0 sockets, proto=IPPROTO_TCP, family=AF_INET, states=14
11-04 13:53:53.690  2554  2707 D InetDiagMessage: Destroyed 0 sockets, proto=IPPROTO_TCP, family=AF_INET6, states=14
11-04 13:53:53.690  2554  2707 D InetDiagMessage: Destroyed live tcp sockets for uids={10143} in 3ms
11-04 13:53:53.691  2554  2707 D InetDiagMessage: Destroyed 0 sockets, proto=IPPROTO_TCP, family=AF_INET, states=14
11-04 13:53:53.693  2554  2707 D InetDiagMessage: Destroyed 0 sockets, proto=IPPROTO_TCP, family=AF_INET6, states=14
11-04 13:53:53.693  2554  2707 D InetDiagMessage: Destroyed live tcp sockets for uids={20143} in 2ms
11-04 13:53:53.872 12584 12602 D EGL_emulation: app_time_stats: avg=279.18ms min=12.11ms max=1598.90ms count=6
11-04 13:53:54.505  2454  6677 D android.hardware.audio@7.1-impl.ranchu: threadLoop: entering standby, frames: 499392
11-04 13:53:54.607  6684  6760 D EGL_emulation: app_time_stats: avg=96.71ms min=1.53ms max=1967.12ms count=21
11-04 13:53:54.721 12584 12600 W Settings: Setting always_finish_activities has moved from android.provider.Settings.System to android.provider.Settings.Global, returning read-only value.
11-04 13:53:54.727  2554  3560 V GrammaticalInflectionUtils: AttributionSource: android.content.AttributionSource@88106985 does not have READ_SYSTEM_GRAMMATICAL_GENDER permission.
11-04 13:53:54.745 12584 12584 D LifecycleMonitor: Lifecycle status change: com.example.trojan0project.BrowseProfileAdmin@35ad628 in: PAUSED
11-04 13:53:54.745 12584 12584 V ActivityScenario: Update currentActivityStage to PAUSED, currentActivity=com.example.trojan0project.BrowseProfileAdmin@35ad628
11-04 13:53:54.746 12584 12584 V ActivityScenario: Activity lifecycle changed event received but ignored because the reported transition was not ON_CREATE while the last known transition was PRE_ON_CREATE
11-04 13:53:54.751   466   466 I BpBinder: onLastStrongRef automatically unlinking death recipients:
11-04 13:53:54.770 12584 12584 D LifecycleMonitor: Lifecycle status change: com.example.trojan0project.BrowseProfileAdmin@af17772 in: PRE_ON_CREATE
11-04 13:53:54.770 12584 12584 V ActivityScenario: Activity lifecycle changed event received but ignored because the activity instance does not match. currentActivity=com.example.trojan0project.BrowseProfileAdmin@35ad628, receivedActivity=com.example.trojan0project.BrowseProfileAdmin@af17772
11-04 13:53:54.770 12584 12584 V ActivityScenario: Activity lifecycle changed event received but ignored because the reported transition was not ON_CREATE while the last known transition was PRE_ON_CREATE
11-04 13:53:54.806   466   559 D PermissionCache: checking android.permission.READ_FRAME_BUFFER for uid=10181 => granted (3577 us)
11-04 13:53:54.808   466   559 D PermissionCache: checking android.permission.CAPTURE_BLACKOUT_CONTENT for uid=10181 => granted (1610 us)
11-04 13:53:54.831 12584 12584 D LifecycleMonitor: Lifecycle status change: com.example.trojan0project.BrowseProfileAdmin@af17772 in: CREATED
11-04 13:53:54.831 12584 12584 V ActivityScenario: Activity lifecycle changed event received but ignored because the activity instance does not match. currentActivity=com.example.trojan0project.BrowseProfileAdmin@35ad628, receivedActivity=com.example.trojan0project.BrowseProfileAdmin@af17772
11-04 13:53:54.832 12584 12584 V ActivityScenario: Update currentActivityStage to CREATED, currentActivity=com.example.trojan0project.BrowseProfileAdmin@af17772
11-04 13:53:54.836 12584 12584 D LifecycleMonitor: Lifecycle status change: com.example.trojan0project.BrowseProfileAdmin@af17772 in: STARTED
11-04 13:53:54.836 12584 12584 V ActivityScenario: Activity lifecycle changed event received but ignored because the activity instance does not match. currentActivity=com.example.trojan0project.BrowseProfileAdmin@35ad628, receivedActivity=com.example.trojan0project.BrowseProfileAdmin@af17772
11-04 13:53:54.837 12584 12584 V ActivityScenario: Update currentActivityStage to STARTED, currentActivity=com.example.trojan0project.BrowseProfileAdmin@af17772
11-04 13:53:54.839 12584 12584 D LifecycleMonitor: Lifecycle status change: com.example.trojan0project.BrowseProfileAdmin@af17772 in: RESUMED
11-04 13:53:54.840 12584 12584 V ActivityScenario: Activity lifecycle changed event received but ignored because the activity instance does not match. currentActivity=com.example.trojan0project.BrowseProfileAdmin@35ad628, receivedActivity=com.example.trojan0project.BrowseProfileAdmin@af17772
11-04 13:53:54.841 12584 12584 V ActivityScenario: Update currentActivityStage to RESUMED, currentActivity=com.example.trojan0project.BrowseProfileAdmin@af17772
11-04 13:53:54.855  2554  3560 W InputManager-JNI: Input channel object 'da875eb Toast (client)' was disposed without first being removed with the input manager!
11-04 13:53:54.905  2554  2575 I ActivityTaskManager: Displayed com.example.trojan0project/.BrowseProfileAdmin for user 0: +178ms
11-04 13:53:55.001  2554  2675 I ImeTracker: com.example.trojan0project:b6985cf2: onRequestHide at ORIGIN_SERVER reason HIDE_UNSPECIFIED_WINDOW fromUser false
11-04 13:53:55.001  2554  2675 I ImeTracker: com.example.trojan0project:b6985cf2: onCancelled at PHASE_SERVER_SHOULD_HIDE
11-04 13:53:55.003  8355  8355 I GoogleInputMethodService: GoogleInputMethodService.onFinishInput():3157
11-04 13:53:55.005  8355  8355 I GoogleInputMethodService: GoogleInputMethodService.updateDeviceLockedStatus():2248 repeatCheckTimes = 0, locked = false
11-04 13:53:55.005  8355  8355 I GoogleInputMethodService: GoogleInputMethodService.onStartInput():1986 onStartInput(EditorInfo{EditorInfo{packageName=com.example.trojan0project, inputType=0, inputTypeString=NULL, enableLearning=false, autoCorrection=false, autoComplete=false, imeOptions=0, privateImeOptions=null, actionName=UNSPECIFIED, actionLabel=null, initialSelStart=-1, initialSelEnd=-1, initialCapsMode=0, label=null, fieldId=0, fieldName=null, extras=null, hintText=null, hintLocales=[]}}, false)
11-04 13:53:55.007  8355  8355 I GoogleInputMethodService: GoogleInputMethodService.updateDeviceLockedStatus():2248 repeatCheckTimes = 1, locked = false
11-04 13:53:55.008  8355  8355 I AndroidIME: InputBundleManager.loadActiveInputBundleId():450 loadActiveInputBundleId: und-Latn-x-password, password
11-04 13:53:55.086 12584 12589 W .trojan0project: Cleared Reference was only reachable from finalizer (only reported once)
11-04 13:53:55.195  6684  6743 W WindowOnBackDispatcher: sendCancelIfRunning: isInProgress=false callback=android.view.ViewRootImpl$$ExternalSyntheticLambda11@b190496
11-04 13:53:55.197  2554  3222 W InputManager-JNI: Input channel object 'f6bb763 Splash Screen com.example.trojan0project (client)' was disposed without first being removed with the input manager!
11-04 13:53:55.362 12584 12584 D VRI[BrowseProfileAdmin]: visibilityChanged oldVisibility=true newVisibility=false
11-04 13:53:55.370 12584 12600 W SurfaceComposerClient: Sync transaction timed out waiting for commit callback.
11-04 13:53:55.378 12584 12584 D LifecycleMonitor: Lifecycle status change: com.example.trojan0project.BrowseProfileAdmin@35ad628 in: STOPPED
11-04 13:53:55.379 12584 12584 V ActivityScenario: Update currentActivityStage to STOPPED, currentActivity=com.example.trojan0project.BrowseProfileAdmin@35ad628
11-04 13:53:55.380 12584 12584 V ActivityScenario: Activity lifecycle changed event received but ignored because the activity instance does not match. currentActivity=com.example.trojan0project.BrowseProfileAdmin@af17772, receivedActivity=com.example.trojan0project.BrowseProfileAdmin@35ad628
11-04 13:53:55.382 12584 12584 D LifecycleMonitor: Lifecycle status change: com.example.trojan0project.BrowseProfileAdmin@35ad628 in: DESTROYED
11-04 13:53:55.382 12584 12584 V ActivityScenario: Update currentActivityStage to DESTROYED, currentActivity=null
11-04 13:53:55.383 12584 12584 V ActivityScenario: Activity lifecycle changed event received but ignored because the activity instance does not match. currentActivity=com.example.trojan0project.BrowseProfileAdmin@af17772, receivedActivity=com.example.trojan0project.BrowseProfileAdmin@35ad628
11-04 13:53:55.383 12584 12584 W WindowOnBackDispatcher: sendCancelIfRunning: isInProgress=false callback=android.view.ViewRootImpl$$ExternalSyntheticLambda11@fbf49e2
11-04 13:53:55.388  2554  3222 W InputManager-JNI: Input channel object 'c88009c com.example.trojan0project/com.example.trojan0project.BrowseProfileAdmin (client)' was disposed without first being removed with the input manager!
11-04 13:53:55.397 12584 12584 I ViewInteraction: Performing 'load adapter data' action on view view.getId() is <2131362170/com.example.trojan0project:id/profile_list>
