11-04 13:53:55.413 12584 12584 I ViewInteraction: Checking 'androidx.test.espresso.assertion.ViewAssertions$DoesNotExistViewAssertion@78b4bfb' assertion on view  displaying data matching: ANYTHING within adapter view matching: view.getId() is <2131362170/com.example.trojan0project:id/profile_list>
11-04 13:53:55.423 12584 12600 I UiAutomation: Initialized for user 0 on display 0
11-04 13:53:55.448  3316  5130 I AiAiEcho: Settings changed for uri: content://settings/secure/accessibility_enabled
11-04 13:53:55.452  2554  2554 W IPCThreadState: Sending oneway calls to frozen process.
11-04 13:53:55.452  3316  3601 I AiAiEcho: Predicting[0]:  [CONTEXT sampling_count=5 ]
11-04 13:53:55.453  3316  3601 I AiAiEcho: EchoTargets:
11-04 13:53:55.453  3316  3601 I AiAiEcho: Filtered by AiAi flag check:
11-04 13:53:55.453  3316  3601 I AiAiEcho: [CONTEXT ratelimit_period="10 SECONDS" ]
11-04 13:53:55.453  3316  3601 I AiAiEcho: Ranked targets strategy: SORT, count: 0, ranking metadata:  [CONTEXT ratelimit_period="10 SECONDS" ]
11-04 13:53:55.453  2554  2554 W IPCThreadState: Sending oneway calls to frozen process.
11-04 13:53:55.454  2554  2554 W IPCThreadState: Sending oneway calls to frozen process.
11-04 13:53:55.455  2554  2554 W IPCThreadState: Sending oneway calls to frozen process.
11-04 13:53:55.455  3316  3601 I AiAiEcho: #remoteViewsTwiddler: feature disabled.
11-04 13:53:55.457  3316  3601 I AiAiEcho: Predicting[0]:  [CONTEXT sampling_count=5 ]
11-04 13:53:55.457  3316  3601 I AiAiEcho: EchoTargets:
11-04 13:53:55.457  3316  3601 I AiAiEcho: Filtered by AiAi flag check:
11-04 13:53:55.457  3316  3601 I AiAiEcho: [CONTEXT ratelimit_period="10 SECONDS" ]
11-04 13:53:55.458  2554  2554 W IPCThreadState: Sending oneway calls to frozen process.
11-04 13:53:55.458  3316  3601 I AiAiEcho: Ranked targets strategy: SORT, count: 0, ranking metadata:  [CONTEXT ratelimit_period="10 SECONDS" ]
11-04 13:53:55.459  2554  2554 W IPCThreadState: Sending oneway calls to frozen process.
11-04 13:53:55.459  3316  3601 I AiAiEcho: #remoteViewsTwiddler: feature disabled.
11-04 13:53:55.461  3316  3601 I AiAiEcho: Predicting[0]:  [CONTEXT sampling_count=5 ]
11-04 13:53:55.463  3316  3601 I AiAiEcho: EchoTargets:
11-04 13:53:55.463  3316  3601 I AiAiEcho: Filtered by AiAi flag check:
11-04 13:53:55.463  3316  3601 I AiAiEcho: [CONTEXT ratelimit_period="10 SECONDS" ]
11-04 13:53:55.463  3316  3601 I AiAiEcho: Ranked targets strategy: SORT, count: 0, ranking metadata:  [CONTEXT ratelimit_period="10 SECONDS" ]
11-04 13:53:55.470  3316  3601 I AiAiEcho: #remoteViewsTwiddler: feature disabled.
11-04 13:53:55.475  3316  3601 I AiAiEcho: #postPredictionTargets: Sending updates to UISurface home with targets# 0 (types=[])
11-04 13:53:55.477  3316  3601 I AiAiEcho: #postPredictionTargets: Sending updates to UISurface media_data_manager with targets# 0 (types=[])
11-04 13:53:55.477  3094  3094 D SsBaseTemplateCard: No text view can be set up
11-04 13:53:55.477  3316  3601 I AiAiEcho: #postPredictionTargets: Sending updates to UISurface lockscreen with targets# 0 (types=[])
11-04 13:53:55.478  3094  3094 D SsBaseTemplateCard: Passed-in item info is null
11-04 13:53:55.478  3094  3094 D SsBaseTemplateCard: Passed-in item info is null
11-04 13:53:55.478  3094  3094 D SsBaseTemplateCard: Passed-in item info is null
11-04 13:53:55.478  3094  3094 I SsBaseTemplateCard: Secondary card pane is null
11-04 13:53:55.485  6684  6684 D SsMediaDataProvider: Forwarding Smartspace updates []
11-04 13:53:55.488  6684  6684 W PageIndicator: Total number of pages invalid: 0. Assuming 1 page.
11-04 13:53:55.492 12584 12584 D DeviceCapture: Found 1 global views to redraw
11-04 13:53:55.505 12584 12584 I forceRedraw: FrameCommitCallback complete
11-04 13:53:55.576  3415  4246 I BugleRcsEngine: handleMessage processing message:[NOTIFY_UPTIME_IGNORE_STATE_CHANGED] with [non-null]:RcsEngineImpl reference [CONTEXT log_prefix="RcsEngineImpl[DUAL_REG]:[70413585-842c]>Handler" thread_id=65 ]
11-04 13:53:55.577  3415  3954 I BugleRcsEngine: Connected state: [1], networkType: [WIFI] [CONTEXT thread_id=57 ]
11-04 13:53:55.579  2554  2707 W IPCThreadState: Sending oneway calls to frozen process.
11-04 13:53:55.580  2554  2707 W IPCThreadState: Sending oneway calls to frozen process.
11-04 13:53:55.581  2554  2707 W IPCThreadState: Sending oneway calls to frozen process.
11-04 13:53:55.585  2554  2707 W IPCThreadState: Sending oneway calls to frozen process.
11-04 13:53:55.586  2554  2707 W IPCThreadState: Sending oneway calls to frozen process.
11-04 13:53:55.586  2554  2707 W IPCThreadState: Sending oneway calls to frozen process.
11-04 13:53:55.586  8120 11101 I ChimeraSrvcProxy: NullBinder for android.net.action.RECOMMEND_NETWORKS triggering remote TransactionTooLargeException due to Service without Chimera impl
11-04 13:53:55.586  2554  2707 W IPCThreadState: Sending oneway calls to frozen process.
11-04 13:53:55.587  2554  2707 W IPCThreadState: Sending oneway calls to frozen process.
11-04 13:53:55.587  2554  2707 W IPCThreadState: Sending oneway calls to frozen process.
11-04 13:53:55.587  2554  2707 W IPCThreadState: Sending oneway calls to frozen process.
11-04 13:53:55.588  2554  2707 W IPCThreadState: Sending oneway calls to frozen process.
11-04 13:53:55.589  2554  2707 W IPCThreadState: Sending oneway calls to frozen process.
11-04 13:53:55.589  2554  2707 W IPCThreadState: Sending oneway calls to frozen process.
11-04 13:53:55.589  2554  2707 W IPCThreadState: Sending oneway calls to frozen process.
11-04 13:53:55.591  8120 11101 W .gms.persistent: Large reply transaction of 1056768 bytes, interface descriptor , code 1
11-04 13:53:55.618  3415  4246 I BugleRcsEngine: No RCS Configuration was found in Bugle for simID: redacted-pii:sim_id[chars:20,last3:897] [CONTEXT log_prefix="ProvisioningEngineDataRetriever" thread_id=65 ]
11-04 13:53:55.677 12584 12584 I DeviceCapture: got bitmap, returning
11-04 13:53:55.679 12584 12600 D FileTestStorage: openOutputFile from /sdcard/Android/media/com.example.trojan0project/additional_test_output/view-op-error-1.png
11-04 13:53:55.758  3289  3946 W MediaProvider: isAppCloneUserPair for user 0: false
11-04 13:53:55.846  8120 12522 I NetworkScheduler.Stats: (REDACTED) Task %s/%s started execution. cause:%s exec_start_elapsed_seconds: %s
11-04 13:53:55.857  8157  8157 D BoundBrokerSvc: onBind: Intent { act=com.google.android.gms.semanticlocationhistory.deidentifieddata.storevisits.StoreVisitsProcessingService.ACTION_TASK_READY dat=chimera-action:/... cmp=com.google.android.gms/.chimera.GmsInternalBoundBrokerService }
11-04 13:53:55.857  8157  8157 D BoundBrokerSvc: Loading bound service for intent: Intent { act=com.google.android.gms.semanticlocationhistory.deidentifieddata.storevisits.StoreVisitsProcessingService.ACTION_TASK_READY dat=chimera-action:/... cmp=com.google.android.gms/.chimera.GmsInternalBoundBrokerService }
11-04 13:53:55.862  8120 12660 I NetworkScheduler.Stats: (REDACTED) Task %s/%s finished executing. cause:%s result: %s elapsed_millis: %s uptime_millis: %s exec_start_elapsed_seconds: %s
11-04 13:53:55.867  2554  2707 D InetDiagMessage: Destroyed 0 sockets, proto=IPPROTO_TCP, family=AF_INET, states=14
11-04 13:53:55.869  2554  2707 D InetDiagMessage: Destroyed 1 sockets, proto=IPPROTO_TCP, family=AF_INET6, states=14
11-04 13:53:55.869  2554  2707 D InetDiagMessage: Destroyed live tcp sockets for uids={10142} in 3ms
11-04 13:53:55.919  8120 12660 I NetworkScheduler.Stats: (REDACTED) Task %s/%s started execution. cause:%s exec_start_elapsed_seconds: %s
11-04 13:53:55.924 12584 12600 E TestRunner: failed: testDeleteProfile(com.example.trojan0project.ProfileBrowseDeleteTest)
11-04 13:53:55.927 12584 12600 E TestRunner: ----- begin exception -----
11-04 13:53:55.927 12584 12600 E TestRunner: androidx.test.espresso.base.AssertionErrorHandler$AssertionFailedWithCauseError: View is present in the hierarchy: ConstraintLayout{id=-1, visibility=VISIBLE, width=1080, height=216, has-focus=false, has-focusable=false, has-window-focus=true, is-clickable=false, is-enabled=true, is-focused=false, is-focusable=false, is-layout-requested=false, is-selected=false, layout-params=android.widget.AbsListView$LayoutParams@YYYYYY, tag=null, root-is-layout-requested=false, has-input-connection=false, x=0.0, y=42.0, child-count=2}
11-04 13:53:55.927 12584 12600 E TestRunner: Expected: is <false>
11-04 13:53:55.927 12584 12600 E TestRunner:      Got: was <true>
11-04 13:53:55.927 12584 12600 E TestRunner:
11-04 13:53:55.927 12584 12600 E TestRunner: 	at dalvik.system.VMStack.getThreadStackTrace(Native Method)
11-04 13:53:55.927 12584 12600 E TestRunner: 	at java.lang.Thread.getStackTrace(Thread.java:1841)
11-04 13:53:55.927 12584 12600 E TestRunner: 	at androidx.test.espresso.base.AssertionErrorHandler.handleSafely(AssertionErrorHandler.java:35)
11-04 13:53:55.927 12584 12600 E TestRunner: 	at androidx.test.espresso.base.AssertionErrorHandler.handleSafely(AssertionErrorHandler.java:26)
11-04 13:53:55.927 12584 12600 E TestRunner: 	at androidx.test.espresso.base.DefaultFailureHandler$TypedFailureHandler.handle(DefaultFailureHandler.java:158)
11-04 13:53:55.927 12584 12600 E TestRunner: 	at androidx.test.espresso.base.DefaultFailureHandler.handle(DefaultFailureHandler.java:120)
11-04 13:53:55.927 12584 12600 E TestRunner: 	at androidx.test.espresso.ViewInteraction.waitForAndHandleInteractionResults(ViewInteraction.java:387)
11-04 13:53:55.927 12584 12600 E TestRunner: 	at androidx.test.espresso.ViewInteraction.check(ViewInteraction.java:366)
11-04 13:53:55.927 12584 12600 E TestRunner: 	at androidx.test.espresso.DataInteraction.check(DataInteraction.java:147)
11-04 13:53:55.927 12584 12600 E TestRunner: 	at com.example.trojan0project.ProfileBrowseDeleteTest.testDeleteProfile(ProfileBrowseDeleteTest.java:67)
11-04 13:53:55.927 12584 12600 E TestRunner: 	at java.lang.reflect.Method.invoke(Native Method)
11-04 13:53:55.927 12584 12600 E TestRunner: 	at org.junit.runners.model.FrameworkMethod$1.runReflectiveCall(FrameworkMethod.java:59)
11-04 13:53:55.927 12584 12600 E TestRunner: 	at org.junit.internal.runners.model.ReflectiveCallable.run(ReflectiveCallable.java:12)
11-04 13:53:55.927 12584 12600 E TestRunner: 	at org.junit.runners.model.FrameworkMethod.invokeExplosively(FrameworkMethod.java:56)
11-04 13:53:55.927 12584 12600 E TestRunner: 	at org.junit.internal.runners.statements.InvokeMethod.evaluate(InvokeMethod.java:17)
11-04 13:53:55.927 12584 12600 E TestRunner: 	at org.junit.rules.ExternalResource$1.evaluate(ExternalResource.java:54)
11-04 13:53:55.927 12584 12600 E TestRunner: 	at org.junit.runners.ParentRunner$3.evaluate(ParentRunner.java:306)
11-04 13:53:55.927 12584 12600 E TestRunner: 	at org.junit.runners.BlockJUnit4ClassRunner$1.evaluate(BlockJUnit4ClassRunner.java:100)
11-04 13:53:55.927 12584 12600 E TestRunner: 	at org.junit.runners.ParentRunner.runLeaf(ParentRunner.java:366)
11-04 13:53:55.927 12584 12600 E TestRunner: 	at org.junit.runners.BlockJUnit4ClassRunner.runChild(BlockJUnit4ClassRunner.java:103)
11-04 13:53:55.927 12584 12600 E TestRunner: 	at org.junit.runners.BlockJUnit4ClassRunner.runChild(BlockJUnit4ClassRunner.java:63)
11-04 13:53:55.927 12584 12600 E TestRunner: 	at org.junit.runners.ParentRunner$4.run(ParentRunner.java:331)
11-04 13:53:55.927 12584 12600 E TestRunner: 	at org.junit.runners.ParentRunner$1.schedule(ParentRunner.java:79)
11-04 13:53:55.927 12584 12600 E TestRunner: 	at org.junit.runners.ParentRunner.runChildren(ParentRunner.java:329)
11-04 13:53:55.927 12584 12600 E TestRunner: 	at org.junit.runners.ParentRunner.access$100(ParentRunner.java:66)
11-04 13:53:55.927 12584 12600 E TestRunner: 	at org.junit.runners.ParentRunner$2.evaluate(ParentRunner.java:293)
11-04 13:53:55.927 12584 12600 E TestRunner: 	at org.junit.runners.ParentRunner$3.evaluate(ParentRunner.java:306)
11-04 13:53:55.927 12584 12600 E TestRunner: 	at org.junit.runners.ParentRunner.run(ParentRunner.java:413)
11-04 13:53:55.927 12584 12600 E TestRunner: 	at androidx.test.ext.junit.runners.AndroidJUnit4.run(AndroidJUnit4.java:162)
11-04 13:53:55.927 12584 12600 E TestRunner: 	at org.junit.runners.Suite.runChild(Suite.java:128)
11-04 13:53:55.927 12584 12600 E TestRunner: 	at org.junit.runners.Suite.runChild(Suite.java:27)
11-04 13:53:55.927 12584 12600 E TestRunner: 	at org.junit.runners.ParentRunner$4.run(ParentRunner.java:331)
11-04 13:53:55.927 12584 12600 E TestRunner: 	at org.junit.runners.ParentRunner$1.schedule(ParentRunner.java:79)
11-04 13:53:55.927 12584 12600 E TestRunner: 	at org.junit.runners.ParentRunner.runChildren(ParentRunner.java:329)
11-04 13:53:55.927 12584 12600 E TestRunner: 	at org.junit.runners.ParentRunner.access$100(ParentRunner.java:66)
11-04 13:53:55.927 12584 12600 E TestRunner: 	at org.junit.runners.ParentRunner$2.evaluate(ParentRunner.java:293)
11-04 13:53:55.927 12584 12600 E TestRunner: 	at org.junit.runners.ParentRunner$3.evaluate(ParentRunner.java:306)
11-04 13:53:55.927 12584 12600 E TestRunner: 	at org.junit.runners.ParentRunner.run(ParentRunner.java:413)
11-04 13:53:55.927 12584 12600 E TestRunner: 	at org.junit.runner.JUnitCore.run(JUnitCore.java:137)
11-04 13:53:55.927 12584 12600 E TestRunner: 	at org.junit.runner.JUnitCore.run(JUnitCore.java:115)
11-04 13:53:55.927 12584 12600 E TestRunner: 	at androidx.test.internal.runner.TestExecutor.execute(TestExecutor.java:68)
11-04 13:53:55.927 12584 12600 E TestRunner: 	at androidx.test.internal.runner.TestExecutor.execute(TestExecutor.java:59)
11-04 13:53:55.927 12584 12600 E TestRunner: 	at androidx.test.runner.AndroidJUnitRunner.onStart(AndroidJUnitRunner.java:463)
11-04 13:53:55.927 12584 12600 E TestRunner: 	at android.app.Instrumentation$InstrumentationThread.run(Instrumentation.java:2594)
11-04 13:53:55.928 12584 12600 E TestRunner: Caused by: junit.framework.AssertionFailedError: View is present in the hierarchy: ConstraintLayout{id=-1, visibility=VISIBLE, width=1080, height=216, has-focus=false, has-focusable=false, has-window-focus=true, is-clickable=false, is-enabled=true, is-focused=false, is-focusable=false, is-layout-requested=false, is-selected=false, layout-params=android.widget.AbsListView$LayoutParams@YYYYYY, tag=null, root-is-layout-requested=false, has-input-connection=false, x=0.0, y=42.0, child-count=2}
11-04 13:53:55.928 12584 12600 E TestRunner: Expected: is <false>
11-04 13:53:55.928 12584 12600 E TestRunner:      Got: was <true>
11-04 13:53:55.928 12584 12600 E TestRunner:
11-04 13:53:55.928 12584 12600 E TestRunner: 	at androidx.test.espresso.matcher.ViewMatchers.assertThat(ViewMatchers.java:620)
11-04 13:53:55.928 12584 12600 E TestRunner: 	at androidx.test.espresso.assertion.ViewAssertions$DoesNotExistViewAssertion.check(ViewAssertions.java:114)
11-04 13:53:55.928 12584 12600 E TestRunner: 	at androidx.test.espresso.ViewInteraction$SingleExecutionViewAssertion.check(ViewInteraction.java:488)
11-04 13:53:55.928 12584 12600 E TestRunner: 	at androidx.test.espresso.ViewInteraction$2.call(ViewInteraction.java:346)
11-04 13:53:55.928 12584 12600 E TestRunner: 	at androidx.test.espresso.ViewInteraction$2.call(ViewInteraction.java:319)
11-04 13:53:55.928 12584 12600 E TestRunner: 	at java.util.concurrent.FutureTask.run(FutureTask.java:264)
11-04 13:53:55.928 12584 12600 E TestRunner: 	at android.os.Handler.handleCallback(Handler.java:959)
11-04 13:53:55.928 12584 12600 E TestRunner: 	at android.os.Handler.dispatchMessage(Handler.java:100)
11-04 13:53:55.928 12584 12600 E TestRunner: 	at android.os.Looper.loopOnce(Looper.java:232)
11-04 13:53:55.928 12584 12600 E TestRunner: 	at android.os.Looper.loop(Looper.java:317)
11-04 13:53:55.928 12584 12600 E TestRunner: 	at android.app.ActivityThread.main(ActivityThread.java:8705)
11-04 13:53:55.928 12584 12600 E TestRunner: 	at java.lang.reflect.Method.invoke(Native Method)
11-04 13:53:55.928 12584 12600 E TestRunner: 	at com.android.internal.os.RuntimeInit$MethodAndArgsCaller.run(RuntimeInit.java:580)
11-04 13:53:55.928 12584 12600 E TestRunner: 	at com.android.internal.os.ZygoteInit.main(ZygoteInit.java:886)
11-04 13:53:55.928 12584 12600 E TestRunner: ----- end exception -----
11-04 13:53:55.974 12584 12600 I TestRunner: finished: testDeleteProfile(com.example.trojan0project.ProfileBrowseDeleteTest)
