11-07 19:43:51.521  1532  1532 I GoogleInputMethodService: GoogleInputMethodService.onStartInput():1986 onStartInput(EditorInfo{EditorInfo{packageName=com.example.trojan0project, inputType=0, inputTypeString=NULL, enableLearning=false, autoCorrection=false, autoComplete=false, imeOptions=0, privateImeOptions=null, actionName=UNSPECIFIED, actionLabel=null, initialSelStart=-1, initialSelEnd=-1, initialCapsMode=0, label=null, fieldId=0, fieldName=null, extras=null, hintText=null, hintLocales=[]}}, false)
11-07 19:43:51.523  1532  1532 I GoogleInputMethodService: GoogleInputMethodService.updateDeviceLockedStatus():2248 repeatCheckTimes = 1, locked = false
11-07 19:43:51.523  1532  1532 I AndroidIME: InputBundleManager.loadActiveInputBundleId():450 loadActiveInputBundleId: und-Latn-x-password, password
11-07 19:43:51.535   395   395 D Zygote  : Forked child process 7410
11-07 19:43:51.596  1009  1155 D EGL_emulation: app_time_stats: avg=464.88ms min=5.74ms max=4090.39ms count=9
11-07 19:43:51.650  7410  7410 I an0project.test: Late-enabling -Xcheck:jni
11-07 19:43:51.778  7410  7410 I an0project.test: Using CollectorTypeCMC GC.
11-07 19:43:51.782  7410  7410 W an0project.test: Unexpected CPU variant for x86: x86_64.
11-07 19:43:51.782  7410  7410 W an0project.test: Known variants: atom, sandybridge, silvermont, goldmont, goldmont-plus, goldmont-without-sha-xsaves, tremont, kabylake, default
11-07 19:43:51.795   471   482 I adbd    : jdwp connection from 7410
11-07 19:43:51.830  7410  7410 D nativeloader: Load libframework-connectivity-tiramisu-jni.so using APEX ns com_android_tethering for caller /apex/com.android.tethering/javalib/framework-connectivity-t.jar: ok
11-07 19:43:51.871  7410  7410 D CompatChangeReporter: Compat change id reported: 242716250; UID 10221; state: ENABLED
11-07 19:43:51.897  7410  7410 D ApplicationLoaders: Returning zygote-cached class loader: /system/framework/android.test.base.jar
11-07 19:43:51.906  7410  7410 D nativeloader: Configuring clns-7 for other apk /system/framework/android.test.mock.jar. target_sdk_version=34, uses_libraries=ALL, library_path=/data/app/~~7eE9FVUhF1KaazzZeS8YVg==/com.example.trojan0project.test-VHz-IAld0v9uF4OZMObmuw==/lib/x86_64, permitted_path=/data:/mnt/expand:/data/user/0/com.example.trojan0project.test
11-07 19:43:51.913  7410  7410 D ApplicationLoaders: Returning zygote-cached class loader: /system/framework/android.test.base.jar
11-07 19:43:51.927  7410  7410 D nativeloader: Configuring clns-8 for other apk /system/framework/android.test.runner.jar. target_sdk_version=34, uses_libraries=ALL, library_path=/data/app/~~7eE9FVUhF1KaazzZeS8YVg==/com.example.trojan0project.test-VHz-IAld0v9uF4OZMObmuw==/lib/x86_64, permitted_path=/data:/mnt/expand:/data/user/0/com.example.trojan0project.test
11-07 19:43:51.938  7410  7410 W ziparchive: Unable to open '/data/app/~~7eE9FVUhF1KaazzZeS8YVg==/com.example.trojan0project.test-VHz-IAld0v9uF4OZMObmuw==/base.dm': No such file or directory
11-07 19:43:51.938  7410  7410 W ziparchive: Unable to open '/data/app/~~7eE9FVUhF1KaazzZeS8YVg==/com.example.trojan0project.test-VHz-IAld0v9uF4OZMObmuw==/base.dm': No such file or directory
11-07 19:43:51.984  7410  7410 D nativeloader: Configuring clns-9 for other apk /data/app/~~7eE9FVUhF1KaazzZeS8YVg==/com.example.trojan0project.test-VHz-IAld0v9uF4OZMObmuw==/base.apk. target_sdk_version=34, uses_libraries=, library_path=/data/app/~~7eE9FVUhF1KaazzZeS8YVg==/com.example.trojan0project.test-VHz-IAld0v9uF4OZMObmuw==/lib/x86_64, permitted_path=/data:/mnt/expand:/data/user/0/com.example.trojan0project.test
11-07 19:43:52.010  7410  7410 V GraphicsEnvironment: Currently set values for:
11-07 19:43:52.010  7410  7410 V GraphicsEnvironment:   angle_gl_driver_selection_pkgs=[]
11-07 19:43:52.010  7410  7410 V GraphicsEnvironment:   angle_gl_driver_selection_values=[]
11-07 19:43:52.011  7410  7410 V GraphicsEnvironment: Global.Settings values are invalid: number of packages: 0, number of values: 0
11-07 19:43:52.011  7410  7410 V GraphicsEnvironment: Neither updatable production driver nor prerelease driver is supported.
11-07 19:43:52.120  7410  7410 W HWUI    : Unknown dataspace 0
11-07 19:43:52.120  7329  7329 D VRI[JoinWaitlist]: visibilityChanged oldVisibility=true newVisibility=false
11-07 19:43:52.121  7329  7329 D VRI[JoinWaitlist]: visibilityChanged oldVisibility=true newVisibility=false
11-07 19:43:52.130   654   888 D InetDiagMessage: Destroyed 0 sockets, proto=IPPROTO_TCP, family=AF_INET, states=14
11-07 19:43:52.134   654   888 D InetDiagMessage: Destroyed 0 sockets, proto=IPPROTO_TCP, family=AF_INET6, states=14
11-07 19:43:52.134   654   888 D InetDiagMessage: Destroyed live tcp sockets for uids={10102} in 5ms
11-07 19:43:52.197   455  1035 W ServiceManagerCppClient: Permission failure: android.permission.ACCESS_SURFACE_FLINGER from uid=10221 pid=0
11-07 19:43:52.197   455  1035 D PermissionCache: checking android.permission.ACCESS_SURFACE_FLINGER for uid=10221 => denied (539 us)
11-07 19:43:52.199   455   487 W ServiceManagerCppClient: Permission failure: android.permission.ROTATE_SURFACE_FLINGER from uid=10221 pid=7410
11-07 19:43:52.199   455   487 D PermissionCache: checking android.permission.ROTATE_SURFACE_FLINGER for uid=10221 => denied (511 us)
11-07 19:43:52.199   455  1035 W ServiceManagerCppClient: Permission failure: android.permission.ROTATE_SURFACE_FLINGER from uid=10221 pid=0
11-07 19:43:52.200   455  1035 D PermissionCache: checking android.permission.ROTATE_SURFACE_FLINGER for uid=10221 => denied (2200 us)
11-07 19:43:52.201   455   487 W ServiceManagerCppClient: Permission failure: android.permission.INTERNAL_SYSTEM_WINDOW from uid=10221 pid=7410
11-07 19:43:52.201   455   487 D PermissionCache: checking android.permission.INTERNAL_SYSTEM_WINDOW for uid=10221 => denied (1888 us)
11-07 19:43:52.202   455  1035 W ServiceManagerCppClient: Permission failure: android.permission.INTERNAL_SYSTEM_WINDOW from uid=10221 pid=0
11-07 19:43:52.202   455  1035 D PermissionCache: checking android.permission.INTERNAL_SYSTEM_WINDOW for uid=10221 => denied (1600 us)
11-07 19:43:52.219  7410  7423 I EGL_emulation: Opening libGLESv1_CM_emulation.so
11-07 19:43:52.222  7410  7423 I EGL_emulation: Opening libGLESv2_emulation.so
11-07 19:43:52.288  7410  7423 W HWUI    : Failed to choose config with EGL_SWAP_BEHAVIOR_PRESERVED, retrying without...
11-07 19:43:52.289  7410  7423 W HWUI    : Failed to initialize 101010-2 format, error = EGL_SUCCESS
11-07 19:43:52.318   187   187 I hwservicemanager: getTransport: Cannot find entry android.hardware.graphics.mapper@4.0::IMapper/default in either framework or device VINTF manifest.
11-07 19:43:52.318  7410  7423 I Gralloc4: mapper 4.x is not supported
11-07 19:43:52.375   654  2119 W ServiceManagerCppClient: Permission failure: android.permission.ACCESS_SURFACE_FLINGER from uid=10221 pid=0
11-07 19:43:52.376   654  2119 D PermissionCache: checking android.permission.ACCESS_SURFACE_FLINGER for uid=10221 => denied (1110 us)
11-07 19:43:52.380   654  2119 W ServiceManagerCppClient: Permission failure: android.permission.ROTATE_SURFACE_FLINGER from uid=10221 pid=0
11-07 19:43:52.381   654  2119 D PermissionCache: checking android.permission.ROTATE_SURFACE_FLINGER for uid=10221 => denied (4273 us)
11-07 19:43:52.383   654  2119 W ServiceManagerCppClient: Permission failure: android.permission.INTERNAL_SYSTEM_WINDOW from uid=10221 pid=0
11-07 19:43:52.383   654  2119 D PermissionCache: checking android.permission.INTERNAL_SYSTEM_WINDOW for uid=10221 => denied (218 us)
11-07 19:43:52.410   455   455 I BpBinder: onLastStrongRef automatically unlinking death recipients:
11-07 19:43:52.417  1340  1340 I TopTaskTracker: onTaskMovedToFront: (moved taskInfo to front) taskId=123, baseIntent=Intent { act=android.intent.action.MAIN cat=[android.intent.category.HOME] flg=0x10000100 cmp=com.google.android.apps.nexuslauncher/.NexusLauncherActivity }
11-07 19:43:52.430   654   689 W ziparchive: Unable to open '/data/app/~~7eE9FVUhF1KaazzZeS8YVg==/com.example.trojan0project.test-VHz-IAld0v9uF4OZMObmuw==/base.dm': No such file or directory
11-07 19:43:52.442   654   689 I ActivityTaskManager: Displayed com.example.trojan0project.test/androidx.test.core.app.InstrumentationActivityInvoker$EmptyActivity for user 0: +991ms
11-07 19:43:52.500  1340  1340 D NexusLauncherModelDelegate: notifySmartspaceEvent: SmartspaceTargetEvent{mSmartspaceTarget=null, mSmartspaceActionId='null', mEventType=6}
11-07 19:43:52.523  7329  7329 D LifecycleMonitor: Lifecycle status change: com.example.trojan0project.JoinWaitlist@c45487a in: STOPPED
11-07 19:43:52.531  7329  7329 V ActivityScenario: Update currentActivityStage to STOPPED, currentActivity=com.example.trojan0project.JoinWaitlist@c45487a
11-07 19:43:52.569  1340  1340 D BaseDepthController: setSurface:
11-07 19:43:52.569  1340  1340 D BaseDepthController: 	mWaitingOnSurfaceValidity: false
11-07 19:43:52.569  1340  1340 D BaseDepthController: 	mSurface: Surface(name=com.google.android.apps.nexuslauncher/com.google.android.apps.nexuslauncher.NexusLauncherActivity)/@0x76dd26c
11-07 19:43:52.570  7329  7329 W WindowOnBackDispatcher: sendCancelIfRunning: isInProgress=false callback=android.view.ViewRootImpl$$ExternalSyntheticLambda11@55802f7
11-07 19:43:52.586   403  4441 D android.hardware.audio@7.1-impl.ranchu: threadLoop: entering standby, frames: 3096448
11-07 19:43:52.598  1724  2406 I BugleRcsEngine: handleMessage processing message:[NOTIFY_UPTIME_IGNORE_STATE_CHANGED] with [non-null]:RcsEngineImpl reference [CONTEXT log_prefix="RcsEngineImpl[DUAL_REG]:[8f6b48b4-2dd2]>Handler" thread_id=66 ]
11-07 19:43:52.606  1724  2069 I BugleRcsEngine: Connected state: [1], networkType: [WIFI] [CONTEXT thread_id=59 ]
11-07 19:43:52.624   654   888 W IPCThreadState: Sending oneway calls to frozen process.
11-07 19:43:52.625  1340  1340 D StatsLog: LAUNCHER_ONRESUME
11-07 19:43:52.630  1291  2279 I ChimeraSrvcProxy: NullBinder for android.net.action.RECOMMEND_NETWORKS triggering remote TransactionTooLargeException due to Service without Chimera impl
11-07 19:43:52.630  1291  2279 W .gms.persistent: Large reply transaction of 1056768 bytes, interface descriptor , code 1
11-07 19:43:52.676  1724  2406 I BugleRcsEngine: No RCS Configuration was found in Bugle for simID: redacted-pii:sim_id[chars:20,last3:897] [CONTEXT log_prefix="ProvisioningEngineDataRetriever" thread_id=66 ]
11-07 19:43:52.702   654  2055 W InputManager-JNI: Input channel object 'ac40a34 com.example.trojan0project/com.example.trojan0project.JoinWaitlist (client)' was disposed without first being removed with the input manager!
11-07 19:43:52.705  1009  1155 D EGL_emulation: app_time_stats: avg=80.39ms min=1.72ms max=928.05ms count=12
11-07 19:43:52.709  1340  1410 D QuickstepModelDelegate: notifyAppTargetEvent action=1 launchLocation=workspace/0/[-1,-1]/[1,1]
11-07 19:43:52.721  1340  1340 D StateManager: createAtomicAnimation - fromState: Background, toState: Normal, partial trace:
11-07 19:43:52.721  1340  1340 D StateManager: 	at com.android.quickstep.util.WorkspaceRevealAnim.prepareToAnimate(go/retraceme 2855a437b73635ce9cad76b9289087e631bbb67fc90008a0da13d343a00e5041:22)
11-07 19:43:52.721  1340  1340 D StateManager: 	at com.android.quickstep.util.WorkspaceRevealAnim.<init>(go/retraceme 2855a437b73635ce9cad76b9289087e631bbb67fc90008a0da13d343a00e5041:11)
11-07 19:43:52.721  1340  1340 D StateManager: 	at com.android.launcher3.QuickstepTransitionManager.createWallpaperOpenAnimations(go/retraceme 2855a437b73635ce9cad76b9289087e631bbb67fc90008a0da13d343a00e5041:735)
11-07 19:43:52.726   654   888 W IPCThreadState: Sending oneway calls to frozen process.
11-07 19:43:52.726   654   888 W IPCThreadState: Sending oneway calls to frozen process.
11-07 19:43:52.727   654   888 W IPCThreadState: Sending oneway calls to frozen process.
11-07 19:43:52.728  1340  1808 D EGL_emulation: app_time_stats: avg=227.60ms min=1.37ms max=4966.71ms count=23
11-07 19:43:52.735  7329  7329 D LifecycleMonitor: Lifecycle status change: com.example.trojan0project.JoinWaitlist@c45487a in: DESTROYED
11-07 19:43:52.736  7329  7329 V ActivityScenario: Update currentActivityStage to DESTROYED, currentActivity=null
11-07 19:43:52.736  7329  7329 W WindowOnBackDispatcher: sendCancelIfRunning: isInProgress=false callback=android.view.ViewRootImpl$$ExternalSyntheticLambda11@1611d16
11-07 19:43:52.746  7329  7343 E TestRunner: failed: WaitlistSignUpDialog(com.example.trojan0project.JoinWaitlistTest)
11-07 19:43:52.746  7329  7343 E TestRunner: ----- begin exception -----
11-07 19:43:52.746  7329  7343 E TestRunner: androidx.test.espresso.NoMatchingViewException: No views in hierarchy found matching: view.getId() is <2131361992/com.example.trojan0project:id/first_name_fragment>
11-07 19:43:52.746  7329  7343 E TestRunner: If the target view is not part of the view hierarchy, you may need to use Espresso.onData to load it from one of the following AdapterViews:android.widget.ListView{8e7b3f9 V.ED.VC.. ........ 42,1320-1038,2358 #7f0a0214 app:id/waitlist_view}
11-07 19:43:52.746  7329  7343 E TestRunner:
11-07 19:43:52.746  7329  7343 E TestRunner: View Hierarchy:
11-07 19:43:52.746  7329  7343 E TestRunner: +>DecorView{id=-1, visibility=VISIBLE, width=1080, height=2400, has-focus=false, has-focusable=true, has-window-focus=true, is-clickable=false, is-enabled=true, is-focused=false, is-focusable=false, is-layout-requested=false, is-selected=false, layout-params={(0,0)(fillxfill) layoutInDisplayCutoutMode=always ty=BASE_APPLICATION wanim=0x1030309
11-07 19:43:52.746  7329  7343 E TestRunner:   fl=LAYOUT_IN_SCREEN LAYOUT_INSET_DECOR SPLIT_TOUCH HARDWARE_ACCELERATED DRAWS_SYSTEM_BAR_BACKGROUNDS
11-07 19:43:52.746  7329  7343 E TestRunner:   pfl=NO_MOVE_ANIMATION FORCE_DRAW_STATUS_BAR_BACKGROUND FIT_INSETS_CONTROLLED
11-07 19:43:52.746  7329  7343 E TestRunner:   bhv=DEFAULT
11-07 19:43:52.746  7329  7343 E TestRunner:   fitSides=
11-07 19:43:52.746  7329  7343 E TestRunner:   frameRateBoostOnTouch=true
11-07 19:43:52.746  7329  7343 E TestRunner:   dvrrWindowFrameRateHint=true}, tag=null, root-is-layout-requested=false, has-input-connection=false, x=0.0, y=0.0, child-count=1}
11-07 19:43:52.746  7329  7343 E TestRunner: |
11-07 19:43:52.746  7329  7343 E TestRunner: +->LinearLayout{id=-1, visibility=VISIBLE, width=1080, height=2400, has-focus=false, has-focusable=true, has-window-focus=true, is-clickable=false, is-enabled=true, is-focused=false, is-focusable=false, is-layout-requested=false, is-selected=false, layout-params=android.widget.FrameLayout$LayoutParams@YYYYYY, tag=null, root-is-layout-requested=false, has-input-connection=false, x=0.0, y=0.0, child-count=2}
11-07 19:43:52.746  7329  7343 E TestRunner: |
11-07 19:43:52.746  7329  7343 E TestRunner: +-->ViewStub{id=16908747, res-name=action_mode_bar_stub, visibility=GONE, width=0, height=0, has-focus=false, has-focusable=false, has-window-focus=true, is-clickable=false, is-enabled=true, is-focused=false, is-focusable=false, is-layout-requested=true, is-selected=false, layout-params=android.widget.LinearLayout$LayoutParams@YYYYYY, tag=null, root-is-layout-requested=false, has-input-connection=false, x=0.0, y=0.0}
11-07 19:43:52.746  7329  7343 E TestRunner: |
11-07 19:43:52.746  7329  7343 E TestRunner: +-->FrameLayout{id=-1, visibility=VISIBLE, width=1080, height=2400, has-focus=false, has-focusable=true, has-window-focus=true, is-clickable=false, is-enabled=true, is-focused=false, is-focusable=false, is-layout-requested=false, is-selected=false, layout-params=android.widget.LinearLayout$LayoutParams@YYYYYY, tag=null, root-is-layout-requested=false, has-input-connection=false, x=0.0, y=0.0, child-count=1}
11-07 19:43:52.746  7329  7343 E TestRunner: |
11-07 19:43:52.746  7329  7343 E TestRunner: +--->FitWindowsLinearLayout{id=2131361846, res-name=action_bar_root, visibility=VISIBLE, width=1080, height=2400, has-focus=false, has-focusable=true, has-window-focus=true, is-clickable=false, is-enabled=true, is-focused=false, is-focusable=false, is-layout-requested=false, is-selected=false, layout-params=android.widget.FrameLayout$LayoutParams@YYYYYY, tag=null, root-is-layout-requested=false, has-input-connection=false, x=0.0, y=0.0, child-count=2}
11-07 19:43:52.746  7329  7343 E TestRunner: |
11-07 19:43:52.746  7329  7343 E TestRunner: +---->ViewStubCompat{id=2131361857, res-name=action_mode_bar_stub, visibility=GONE, width=0, height=0, has-focus=false, has-focusable=false, has-window-focus=true, is-clickable=false, is-enabled=true, is-focused=false, is-focusable=false, is-layout-requested=true, is-selected=false, layout-params=android.widget.LinearLayout$LayoutParams@YYYYYY, tag=null, root-is-layout-requested=false, has-input-connection=false, x=0.0, y=0.0}
11-07 19:43:52.746  7329  7343 E TestRunner: |
11-07 19:43:52.746  7329  7343 E TestRunner: +---->ContentFrameLayout{id=16908290, res-name=content, visibility=VISIBLE, width=1080, height=2400, has-focus=false, has-focusable=true, has-window-focus=true, is-clickable=false, is-enabled=true, is-focused=false, is-focusable=false, is-layout-requested=false, is-selected=false, layout-params=android.widget.LinearLayout$LayoutParams@YYYYYY, tag=null, root-is-layout-requested=false, has-input-connection=false, x=0.0, y=0.0, child-count=1}
11-07 19:43:52.746  7329  7343 E TestRunner: |
11-07 19:43:52.748  7329  7343 E TestRunner: +----->ConstraintLayout{id=-1, visibility=VISIBLE, width=1080, height=2400, has-focus=false, has-focusable=true, has-window-focus=true, is-clickable=false, is-enabled=true, is-focused=false, is-focusable=false, is-layout-requested=false, is-selected=false, layout-params=android.widget.FrameLayout$LayoutParams@YYYYYY, tag=null, root-is-layout-requested=false, has-input-connection=false, x=0.0, y=0.0, child-count=9}
11-07 19:43:52.748  7329  7343 E TestRunner: |
11-07 19:43:52.748  7329  7343 E TestRunner: +------>MaterialTextView{id=2131361982, res-name=event_title, visibility=VISIBLE, width=300, height=85, has-focus=false, has-focusable=false, has-window-focus=true, is-clickable=false, is-enabled=true, is-focused=false, is-focusable=false, is-layout-requested=false, is-selected=false, layout-params=androidx.constraintlayout.widget.ConstraintLayout$LayoutParams@YYYYYY, tag=null, root-is-layout-requested=false, has-input-connection=false, x=389.0, y=252.0, text=Event Title, input-type=0, ime-target=false, has-links=false}
11-07 19:43:52.748  7329  7343 E TestRunner: |
11-07 19:43:52.748  7329  7343 E TestRunner: +------>MaterialTextView{id=2131362054, res-name=location_label, visibility=VISIBLE, width=142, height=51, has-focus=false, has-focusable=false, has-window-focus=true, is-clickable=false, is-enabled=true, is-focused=false, is-focusable=false, is-layout-requested=false, is-selected=false, layout-params=androidx.constraintlayout.widget.ConstraintLayout$LayoutParams@YYYYYY, tag=null, root-is-layout-requested=false, has-input-connection=false, x=42.0, y=505.0, text=Location, input-type=0, ime-target=false, has-links=false}
11-07 19:43:52.748  7329  7343 E TestRunner: |
11-07 19:43:52.748  7329  7343 E TestRunner: +------>View{id=-1, visibility=VISIBLE, width=996, height=3, has-focus=false, has-focusable=false, has-window-focus=true, is-clickable=false, is-enabled=true, is-focused=false, is-focusable=false, is-layout-requested=false, is-selected=false, layout-params=androidx.constraintlayout.widget.ConstraintLayout$LayoutParams@YYYYYY, tag=null, root-is-layout-requested=false, has-input-connection=false, x=42.0, y=588.0}
11-07 19:43:52.748  7329  7343 E TestRunner: |
11-07 19:43:52.748  7329  7343 E TestRunner: +------>MaterialTextView{id=2131362291, res-name=time_label, visibility=VISIBLE, width=83, height=51, has-focus=false, has-focusable=false, has-window-focus=true, is-clickable=false, is-enabled=true, is-focused=false, is-focusable=false, is-layout-requested=false, is-selected=false, layout-params=androidx.constraintlayout.widget.ConstraintLayout$LayoutParams@YYYYYY, tag=null, root-is-layout-requested=false, has-input-connection=false, x=42.0, y=661.0, text=Time, input-type=0, ime-target=false, has-links=false}
11-07 19:43:52.748  7329  7343 E TestRunner: |
11-07 19:43:52.748  7329  7343 E TestRunner: +------>View{id=-1, visibility=VISIBLE, width=996, height=3, has-focus=false, has-focusable=false, has-window-focus=true, is-clickable=false, is-enabled=true, is-focused=false, is-focusable=false, is-layout-requested=false, is-selected=false, layout-params=androidx.constraintlayout.widget.ConstraintLayout$LayoutParams@YYYYYY, tag=null, root-is-layout-requested=false, has-input-connection=false, x=42.0, y=754.0}
11-07 19:43:52.748  7329  7343 E TestRunner: |
11-07 19:43:52.748  7329  7343 E TestRunner: +------>MaterialTextView{id=2131362093, res-name=more_info_label, visibility=VISIBLE, width=286, height=51, has-focus=false, has-focusable=false, has-window-focus=true, is-clickable=false, is-enabled=true, is-focused=false, is-focusable=false, is-layout-requested=false, is-selected=false, layout-params=androidx.constraintlayout.widget.ConstraintLayout$LayoutParams@YYYYYY, tag=null, root-is-layout-requested=false, has-input-connection=false, x=42.0, y=828.0, text=More Information, input-type=0, ime-target=false, has-links=false}
11-07 19:43:52.748  7329  7343 E TestRunner: |
11-07 19:43:52.748  7329  7343 E TestRunner: +------>View{id=-1, visibility=VISIBLE, width=996, height=3, has-focus=false, has-focusable=false, has-window-focus=true, is-clickable=false, is-enabled=true, is-focused=false, is-focusable=false, is-layout-requested=false, is-selected=false, layout-params=androidx.constraintlayout.widget.ConstraintLayout$LayoutParams@YYYYYY, tag=null, root-is-layout-requested=false, has-input-connection=false, x=42.0, y=921.0}
11-07 19:43:52.748  7329  7343 E TestRunner: |
11-07 19:43:52.750  7329  7343 E TestRunner: +------>MaterialButton{id=2131362038, res-name=join_waitlist_button, visibility=VISIBLE, width=447, height=126, has-focus=false, has-focusable=true, has-window-focus=true, is-clickable=true, is-enabled=true, is-focused=false, is-focusable=true, is-layout-requested=false, is-selected=false, layout-params=androidx.constraintlayout.widget.ConstraintLayout$LayoutParams@YYYYYY, tag=null, root-is-layout-requested=false, has-input-connection=false, x=315.0, y=1152.0, text=Join Waiting List, input-type=0, ime-target=false, has-links=false, is-checked=false}
11-07 19:43:52.750  7329  7343 E TestRunner: |
11-07 19:43:52.750  7329  7343 E TestRunner: +------>ListView{id=2131362324, res-name=waitlist_view, visibility=VISIBLE, width=996, height=1038, has-focus=false, has-focusable=false, has-window-focus=true, is-clickable=true, is-enabled=true, is-focused=false, is-focusable=false, is-layout-requested=false, is-selected=false, layout-params=androidx.constraintlayout.widget.ConstraintLayout$LayoutParams@YYYYYY, tag=null, root-is-layout-requested=false, has-input-connection=false, x=42.0, y=1320.0, child-count=0}
11-07 19:43:52.750  7329  7343 E TestRunner: The complete view hierarchy is available in artifact file 'view-hierarchy-1.txt'.
11-07 19:43:52.750  7329  7343 E TestRunner: 	at androidx.test.espresso.NoMatchingViewException$Builder.build(NoMatchingViewException.java:185)
11-07 19:43:52.750  7329  7343 E TestRunner: 	at androidx.test.espresso.base.DefaultFailureHandler.lambda$getNoMatchingViewExceptionTruncater$0(DefaultFailureHandler.java:93)
11-07 19:43:52.750  7329  7343 E TestRunner: 	at androidx.test.espresso.base.DefaultFailureHandler$$ExternalSyntheticLambda1.truncateExceptionMessage(D8$$SyntheticClass:0)
11-07 19:43:52.750  7329  7343 E TestRunner: 	at androidx.test.espresso.base.ViewHierarchyExceptionHandler.handleSafely(ViewHierarchyExceptionHandler.java:72)
11-07 19:43:52.750  7329  7343 E TestRunner: 	at androidx.test.espresso.base.ViewHierarchyExceptionHandler.handleSafely(ViewHierarchyExceptionHandler.java:38)
11-07 19:43:52.750  7329  7343 E TestRunner: 	at androidx.test.espresso.base.DefaultFailureHandler$TypedFailureHandler.handle(DefaultFailureHandler.java:158)
11-07 19:43:52.750  7329  7343 E TestRunner: 	at androidx.test.espresso.base.DefaultFailureHandler.handle(DefaultFailureHandler.java:120)
11-07 19:43:52.750  7329  7343 E TestRunner: 	at androidx.test.espresso.ViewInteraction.waitForAndHandleInteractionResults(ViewInteraction.java:385)
11-07 19:43:52.750  7329  7343 E TestRunner: 	at androidx.test.espresso.ViewInteraction.check(ViewInteraction.java:366)
11-07 19:43:52.750  7329  7343 E TestRunner: 	at com.example.trojan0project.JoinWaitlistTest.WaitlistSignUpDialog(JoinWaitlistTest.java:50)
11-07 19:43:52.750  7329  7343 E TestRunner: 	at java.lang.reflect.Method.invoke(Native Method)
11-07 19:43:52.750  7329  7343 E TestRunner: 	at org.junit.runners.model.FrameworkMethod$1.runReflectiveCall(FrameworkMethod.java:59)
11-07 19:43:52.750  7329  7343 E TestRunner: 	at org.junit.internal.runners.model.ReflectiveCallable.run(ReflectiveCallable.java:12)
11-07 19:43:52.750  7329  7343 E TestRunner: 	at org.junit.runners.model.FrameworkMethod.invokeExplosively(FrameworkMethod.java:56)
11-07 19:43:52.750  7329  7343 E TestRunner: 	at org.junit.internal.runners.statements.InvokeMethod.evaluate(InvokeMethod.java:17)
11-07 19:43:52.750  7329  7343 E TestRunner: 	at org.junit.rules.ExternalResource$1.evaluate(ExternalResource.java:54)
11-07 19:43:52.750  7329  7343 E TestRunner: 	at org.junit.runners.ParentRunner$3.evaluate(ParentRunner.java:306)
11-07 19:43:52.750  7329  7343 E TestRunner: 	at org.junit.runners.BlockJUnit4ClassRunner$1.evaluate(BlockJUnit4ClassRunner.java:100)
11-07 19:43:52.750  7329  7343 E TestRunner: 	at org.junit.runners.ParentRunner.runLeaf(ParentRunner.java:366)
11-07 19:43:52.750  7329  7343 E TestRunner: 	at org.junit.runners.BlockJUnit4ClassRunner.runChild(BlockJUnit4ClassRunner.java:103)
11-07 19:43:52.750  7329  7343 E TestRunner: 	at org.junit.runners.BlockJUnit4ClassRunner.runChild(BlockJUnit4ClassRunner.java:63)
11-07 19:43:52.750  7329  7343 E TestRunner: 	at org.junit.runners.ParentRunner$4.run(ParentRunner.java:331)
11-07 19:43:52.750  7329  7343 E TestRunner: 	at org.junit.runners.ParentRunner$1.schedule(ParentRunner.java:79)
11-07 19:43:52.750  7329  7343 E TestRunner: 	at org.junit.runners.ParentRunner.runChildren(ParentRunner.java:329)
11-07 19:43:52.750  7329  7343 E TestRunner: 	at org.junit.runners.ParentRunner.access$100(ParentRunner.java:66)
11-07 19:43:52.750  7329  7343 E TestRunner: 	at org.junit.runners.ParentRunner$2.evaluate(ParentRunner.java:293)
11-07 19:43:52.750  7329  7343 E TestRunner: 	at org.junit.runners.ParentRunner$3.evaluate(ParentRunner.java:306)
11-07 19:43:52.750  7329  7343 E TestRunner: 	at org.junit.runners.ParentRunner.run(ParentRunner.java:413)
11-07 19:43:52.750  7329  7343 E TestRunner: 	at androidx.test.ext.junit.runners.AndroidJUnit4.run(AndroidJUnit4.java:162)
11-07 19:43:52.750  7329  7343 E TestRunner: 	at org.junit.runners.Suite.runChild(Suite.java:128)
11-07 19:43:52.750  7329  7343 E TestRunner: 	at org.junit.runners.Suite.runChild(Suite.java:27)
11-07 19:43:52.750  7329  7343 E TestRunner: 	at org.junit.runners.ParentRunner$4.run(ParentRunner.java:331)
11-07 19:43:52.750  7329  7343 E TestRunner: 	at org.junit.runners.ParentRunner$1.schedule(ParentRunner.java:79)
11-07 19:43:52.750  7329  7343 E TestRunner: 	at org.junit.runners.ParentRunner.runChildren(ParentRunner.java:329)
11-07 19:43:52.750  7329  7343 E TestRunner: 	at org.junit.runners.ParentRunner.access$100(ParentRunner.java:66)
11-07 19:43:52.751  7329  7343 E TestRunner: 	at org.junit.runners.ParentRunner$2.evaluate(ParentRunner.java:293)
11-07 19:43:52.751  7329  7343 E TestRunner: 	at org.junit.runners.ParentRunner$3.evaluate(ParentRunner.java:306)
11-07 19:43:52.751  7329  7343 E TestRunner: 	at org.junit.runners.ParentRunner.run(ParentRunner.java:413)
11-07 19:43:52.751  7329  7343 E TestRunner: 	at org.junit.runner.JUnitCore.run(JUnitCore.java:137)
11-07 19:43:52.751  7329  7343 E TestRunner: 	at org.junit.runner.JUnitCore.run(JUnitCore.java:115)
11-07 19:43:52.751  7329  7343 E TestRunner: 	at androidx.test.internal.runner.TestExecutor.execute(TestExecutor.java:68)
11-07 19:43:52.751  7329  7343 E TestRunner: 	at androidx.test.internal.runner.TestExecutor.execute(TestExecutor.java:59)
11-07 19:43:52.751  7329  7343 E TestRunner: 	at androidx.test.runner.AndroidJUnitRunner.onStart(AndroidJUnitRunner.java:463)
11-07 19:43:52.751  7329  7343 E TestRunner: 	at android.app.Instrumentation$InstrumentationThread.run(Instrumentation.java:2594)
11-07 19:43:52.751  7329  7343 E TestRunner: ----- end exception -----
11-07 19:43:52.753   654  1301 W InputManager-JNI: Input channel object 'e3c3114 com.example.trojan0project/com.example.trojan0project.JoinWaitlist (client)' was disposed without first being removed with the input manager!
11-07 19:43:52.757  7329  7343 I TestRunner: finished: WaitlistSignUpDialog(com.example.trojan0project.JoinWaitlistTest)
